Component: ARM Compiler 6.16 Tool: armlink [5dfeaa00]

==============================================================================

Section Cross References

    main.o(.text.main) refers to stm32f4xx_hal.o(.text.HAL_Init) for HAL_Init
    main.o(.text.main) refers to stm32f4xx_hal.o(.text.HAL_Delay) for HAL_Delay
    main.o(.text.main) refers to main.o(.text.LL_FLASH_EnablePrefetch) for LL_FLASH_EnablePrefetch
    main.o(.text.main) refers to main.o(.text.SystemClock_Config) for SystemClock_Config
    main.o(.text.main) refers to device.o(.text.Device_Init) for Device_Init
    main.o(.text.main) refers to periph_stm32f4xx.o(.text.cprintf) for cprintf
    main.o(.text.main) refers to stl.o(.text.STL_Self_Test) for STL_Self_Test
    main.o(.text.main) refers to self_diagnose_perform.o(.text.Self_Diagnose_Perform) for Self_Diagnose_Perform
    main.o(.text.main) refers to self_diagnose_perform.o(.text.System_Acquire_Configuration) for System_Acquire_Configuration
    main.o(.text.main) refers to device.o(.bss.serial3) for serial3
    main.o(.text.main) refers to rs232.o(.text.Rs232_Enable_Receiving) for Rs232_Enable_Receiving
    main.o(.text.main) refers to device.o(.bss.serial1) for serial1
    main.o(.text.main) refers to rs485.o(.text.Rs485_Enable_Receiving) for Rs485_Enable_Receiving
    main.o(.text.main) refers to sysmon_thread.o(.text.Sysmon_Thread) for Sysmon_Thread
    main.o(.text.main) refers to deod_thread.o(.text.Deod_Thread) for Deod_Thread
    main.o(.text.main) refers to rs485com_thread.o(.text.Rs485com_Thread) for Rs485com_Thread
    main.o(.text.main) refers to console_thread.o(.text.Console_Thread) for Console_Thread
    main.o(.ARM.exidx.text.main) refers to main.o(.text.main) for [Anonymous Symbol]
    main.o(.ARM.exidx.text.LL_FLASH_EnablePrefetch) refers to main.o(.text.LL_FLASH_EnablePrefetch) for [Anonymous Symbol]
    main.o(.text.SystemClock_Config) refers to stm32f4xx_hal_rcc.o(.text.HAL_RCC_OscConfig) for HAL_RCC_OscConfig
    main.o(.text.SystemClock_Config) refers to stm32f4xx_hal_rcc.o(.text.HAL_RCC_ClockConfig) for HAL_RCC_ClockConfig
    main.o(.text.SystemClock_Config) refers to stm32f4xx_hal.o(.text.HAL_GetREVID) for HAL_GetREVID
    main.o(.text.SystemClock_Config) refers to main.o(.text.Error_Handler) for Error_Handler
    main.o(.ARM.exidx.text.SystemClock_Config) refers to main.o(.text.SystemClock_Config) for [Anonymous Symbol]
    main.o(.text.Error_Handler) refers to stm32f4xx_hal.o(.text.HAL_Delay) for HAL_Delay
    main.o(.ARM.exidx.text.Error_Handler) refers to main.o(.text.Error_Handler) for [Anonymous Symbol]
    device.o(.text.Device_Init) refers to device.o(.text.Device_Init_LED) for Device_Init_LED
    device.o(.text.Device_Init) refers to device.o(.text.Device_Init_Console) for Device_Init_Console
    device.o(.text.Device_Init) refers to device.o(.text.Device_Init_RS485) for Device_Init_RS485
    device.o(.text.Device_Init) refers to device.o(.text.Device_Init_DipSW) for Device_Init_DipSW
    device.o(.text.Device_Init) refers to device.o(.text.Device_Init_CU_PC_Select_Dip_Input) for Device_Init_CU_PC_Select_Dip_Input
    device.o(.text.Device_Init) refers to device.o(.text.Device_Init_Relay_Output) for Device_Init_Relay_Output
    device.o(.text.Device_Init) refers to device.o(.text.Device_Init_Sensor_Test_Out) for Device_Init_Sensor_Test_Out
    device.o(.text.Device_Init) refers to device.o(.text.Device_Init_Relay_Feed_Back_Input) for Device_Init_Relay_Feed_Back_Input
    device.o(.text.Device_Init) refers to device.o(.text.Device_Init_Sensor_Input) for Device_Init_Sensor_Input
    device.o(.text.Device_Init) refers to device.o(.text.Device_Init_DOIS) for Device_Init_DOIS
    device.o(.text.Device_Init) refers to device.o(.text.Device_Init_Watchdog) for Device_Init_Watchdog
    device.o(.text.Device_Init) refers to device.o(.text.Pwr_OK_CPU_Init) for Pwr_OK_CPU_Init
    device.o(.text.Device_Init) refers to device.o(.text.Device_Init_I2C) for Device_Init_I2C
    device.o(.text.Device_Init) refers to device.o(.text.Device_Init_ADC) for Device_Init_ADC
    device.o(.ARM.exidx.text.Device_Init) refers to device.o(.text.Device_Init) for [Anonymous Symbol]
    device.o(.text.Device_Init_LED) refers to device.o(.bss.Device_Init_LED._led) for Device_Init_LED._led
    device.o(.text.Device_Init_LED) refers to device.o(.bss.run_led) for run_led
    device.o(.text.Device_Init_LED) refers to led.o(.text.Led_Init) for Led_Init
    device.o(.text.Device_Init_LED) refers to device.o(.rodata.str1.1) for .L.str.1
    device.o(.text.Device_Init_LED) refers to device.o(.bss.dmpc_led) for dmpc_led
    device.o(.text.Device_Init_LED) refers to device.o(.bss.com_err_led) for com_err_led
    device.o(.text.Device_Init_LED) refers to device.o(.bss.hlt_led) for hlt_led
    device.o(.text.Device_Init_LED) refers to device.o(.bss.hcr_led) for hcr_led
[...]
    BranchTable_HalfWord                     0x20000124   Data          12  stl_tm_cpu_4.o(.bss)
    StlCpuTm8PipelineVar                     0x20000130   Data           4  stl_tm_cpu_8.o(.bss)
    __libspace_start                         0x20000154   Data          96  libspace.o(.bss)
    __temporary_stack_top$libspace           0x200001b4   Data           0  libspace.o(.bss)
    cfg                                      0x20002554   Data           4  device.o(.bss.cfg)
    com_err_led                              0x20002558   Data           4  device.o(.bss.com_err_led)
    comrx_led                                0x2000255c   Data           4  device.o(.bss.comrx_led)
    comtx_led                                0x20002560   Data           4  device.o(.bss.comtx_led)
    del_led                                  0x20002564   Data           4  device.o(.bss.del_led)
    del_out                                  0x20002568   Data           4  device.o(.bss.del_out)
    der_led                                  0x2000256c   Data           4  device.o(.bss.der_led)
    der_out                                  0x20002570   Data           4  device.o(.bss.der_out)
    din                                      0x20002574   Data          32  device.o(.bss.din)
    dmpc_led                                 0x20002594   Data           4  device.o(.bss.dmpc_led)
    dmpc_out                                 0x20002598   Data           4  device.o(.bss.dmpc_out)
    eb1_out                                  0x2000259c   Data           4  device.o(.bss.eb1_out)
    eb2_out                                  0x200025a0   Data           4  device.o(.bss.eb2_out)
    eb_led                                   0x200025a4   Data           4  device.o(.bss.eb_led)
    fpin_1                                   0x200025a8   Data           4  device.o(.bss.fpin_1)
    fpin_2                                   0x200025ac   Data           4  device.o(.bss.fpin_2)
    g_DEOD_Check_timer                       0x200025b0   Data           4  deod_thread.o(.bss.g_DEOD_Check_timer)
    g_Flt_Signal_timer                       0x200025b4   Data           4  sysmon_thread.o(.bss.g_Flt_Signal_timer)
    g_Master_DM_Baord                        0x200025b8   Data           1  self_diagnose_perform.o(.bss.g_Master_DM_Baord)
    g_Pwr_Ok_timer                           0x200025bc   Data           4  sysmon_thread.o(.bss.g_Pwr_Ok_timer)
    g_Relay_FB_check_timer                   0x200025c0   Data           4  sysmon_thread.o(.bss.g_Relay_FB_check_timer)
    g_Rs485com_comm_ok_timer                 0x200025c4   Data           4  rs485com_thread.o(.bss.g_Rs485com_comm_ok_timer)
    g_Rs485com_request_timer                 0x200025c8   Data           4  rs485com_thread.o(.bss.g_Rs485com_request_timer)
    g_Run_Led_timer                          0x200025cc   Data           4  sysmon_thread.o(.bss.g_Run_Led_timer)
    g_Sensor_Check_timer                     0x200025d0   Data           4  sysmon_thread.o(.bss.g_Sensor_Check_timer)
    g_Temp_check_timer                       0x200025d4   Data           4  sysmon_thread.o(.bss.g_Temp_check_timer)
    g_Watch_Dog_timer                        0x200025d8   Data           2  sysmon_thread.o(.bss.g_Watch_Dog_timer)
    g_Watchdog_Check_Pin_Timer               0x200025da   Data           2  sysmon_thread.o(.bss.g_Watchdog_Check_Pin_Timer)
    g_depc_cnt                               0x200025dc   Data           1  self_diagnose_perform.o(.bss.g_depc_cnt)
    g_device_temper                          0x200025e0   Data           4  sysmon_thread.o(.bss.g_device_temper)
    g_monitor_485_rx                         0x200025e4   Data           1  rs485com_thread.o(.bss.g_monitor_485_rx)
    g_monitor_485_tx                         0x200025e5   Data           1  rs485com_thread.o(.bss.g_monitor_485_tx)
    g_monitor_flag                           0x200025e6   Data           1  console_thread.o(.bss.g_monitor_flag)
    g_send_depc_cnt                          0x200025e7   Data           1  rs485com_thread.o(.bss.g_send_depc_cnt)
    g_temper_flag                            0x200025e8   Data           1  console_thread.o(.bss.g_temper_flag)
    hadc1                                    0x200025ec   Data          72  device.o(.bss.hadc1)
    hcr_input                                0x20002634   Data           4  device.o(.bss.hcr_input)
    hcr_led                                  0x20002638   Data           4  device.o(.bss.hcr_led)
    hi2c1                                    0x2000263c   Data          84  device.o(.bss.hi2c1)
    hlt_led                                  0x20002690   Data           4  device.o(.bss.hlt_led)
    hlt_out                                  0x20002694   Data           4  device.o(.bss.hlt_out)
    mcu_test1                                0x20002698   Data           4  device.o(.bss.mcu_test1)
    mcu_test2                                0x2000269c   Data           4  device.o(.bss.mcu_test2)
    mcu_test3                                0x200026a0   Data           4  device.o(.bss.mcu_test3)
    mcu_test4                                0x200026a4   Data           4  device.o(.bss.mcu_test4)
    obl_led                                  0x200026a8   Data           4  device.o(.bss.obl_led)
    obl_out                                  0x200026ac   Data           4  device.o(.bss.obl_out)
    obr_led                                  0x200026b0   Data           4  device.o(.bss.obr_led)
    obr_out                                  0x200026b4   Data           4  device.o(.bss.obr_out)
    pc_ch_num                                0x200026b8   Data           4  device.o(.bss.pc_ch_num)
    pc_err_led                               0x200026bc   Data           4  device.o(.bss.pc_err_led)
    pwrin                                    0x200026c0   Data           4  device.o(.bss.pwrin)
    run_led                                  0x200026c4   Data           4  device.o(.bss.run_led)
    sdin                                     0x200026c8   Data          16  device.o(.bss.sdin)
    serial1                                  0x200026d8   Data           4  device.o(.bss.serial1)
    serial3                                  0x200026dc   Data           4  device.o(.bss.serial3)
    snp_out                                  0x200026e0   Data           4  device.o(.bss.snp_out)
    uwTick                                   0x200026e4   Data           4  stm32f4xx_hal.o(.bss.uwTick)
    wdog                                     0x200026e8   Data           4  device.o(.bss.wdog)
    wdog_pin                                 0x200026ec   Data           4  device.o(.bss.wdog_pin)



==============================================================================

Memory Map of the image

  Image Entry point : 0x08000189

  Load Region LR_IROM1 (Base: 0x08000000, Size: 0x000129a8, Max: 0x00100000, ABSOLUTE)

    Execution Region ER_IROM1 (Exec base: 0x08000000, Load base: 0x08000000, Size: 0x00012970, Max: 0x00100000, ABSOLUTE)

    Exec Addr    Load Addr    Size         Type   Attr      Idx    E Section Name        Object

    0x08000000   0x08000000   0x00000188   Data   RO         1381    RESET               startup_stm32f407xx.o
    0x08000188   0x08000188   0x00000008   Code   RO         1762  * !!!main             c_w.l(__main.o)
    0x08000190   0x08000190   0x00000034   Code   RO         2129    !!!scatter          c_w.l(__scatter.o)
    0x080001c4   0x080001c4   0x0000001a   Code   RO         2131    !!handler_copy      c_w.l(__scatter_copy.o)
    0x080001de   0x080001de   0x00000002   PAD
    0x080001e0   0x080001e0   0x0000001c   Code   RO         2133    !!handler_zi        c_w.l(__scatter_zi.o)
    0x080001fc   0x080001fc   0x00000000   Code   RO         1862    .ARM.Collect$$_printf_percent$$00000000  c_w.l(_printf_percent.o)
    0x080001fc   0x080001fc   0x00000006   Code   RO         1851    .ARM.Collect$$_printf_percent$$00000001  c_w.l(_printf_n.o)
    0x08000202   0x08000202   0x00000006   Code   RO         1853    .ARM.Collect$$_printf_percent$$00000002  c_w.l(_printf_p.o)
    0x08000208   0x08000208   0x00000006   Code   RO         1858    .ARM.Collect$$_printf_percent$$00000003  c_w.l(_printf_f.o)
    0x0800020e   0x0800020e   0x00000006   Code   RO         1859    .ARM.Collect$$_printf_percent$$00000004  c_w.l(_printf_e.o)
    0x08000214   0x08000214   0x00000006   Code   RO         1860    .ARM.Collect$$_printf_percent$$00000005  c_w.l(_printf_g.o)
    0x0800021a   0x0800021a   0x00000006   Code   RO         1861    .ARM.Collect$$_printf_percent$$00000006  c_w.l(_printf_a.o)
    0x08000220   0x08000220   0x0000000a   Code   RO         1866    .ARM.Collect$$_printf_percent$$00000007  c_w.l(_printf_ll.o)
    0x0800022a   0x0800022a   0x00000006   Code   RO         1855    .ARM.Collect$$_printf_percent$$00000008  c_w.l(_printf_i.o)
    0x08000230   0x08000230   0x00000006   Code   RO         1856    .ARM.Collect$$_printf_percent$$00000009  c_w.l(_printf_d.o)
    0x08000236   0x08000236   0x00000006   Code   RO         1857    .ARM.Collect$$_printf_percent$$0000000A  c_w.l(_printf_u.o)
    0x0800023c   0x0800023c   0x00000006   Code   RO         1854    .ARM.Collect$$_printf_percent$$0000000B  c_w.l(_printf_o.o)
    0x08000242   0x08000242   0x00000006   Code   RO         1852    .ARM.Collect$$_printf_percent$$0000000C  c_w.l(_printf_x.o)
    0x08000248   0x08000248   0x00000006   Code   RO         1863    .ARM.Collect$$_printf_percent$$0000000D  c_w.l(_printf_lli.o)
    0x0800024e   0x0800024e   0x00000006   Code   RO         1864    .ARM.Collect$$_printf_percent$$0000000E  c_w.l(_printf_lld.o)
    0x08000254   0x08000254   0x00000006   Code   RO         1865    .ARM.Collect$$_printf_percent$$0000000F  c_w.l(_printf_llu.o)
    0x0800025a   0x0800025a   0x00000006   Code   RO         1870    .ARM.Collect$$_printf_percent$$00000010  c_w.l(_printf_llo.o)
    0x08000260   0x08000260   0x00000006   Code   RO         1871    .ARM.Collect$$_printf_percent$$00000011  c_w.l(_printf_llx.o)
    0x08000266   0x08000266   0x0000000a   Code   RO         1867    .ARM.Collect$$_printf_percent$$00000012  c_w.l(_printf_l.o)
    0x08000270   0x08000270   0x00000006   Code   RO         1849    .ARM.Collect$$_printf_percent$$00000013  c_w.l(_printf_c.o)
    0x08000276   0x08000276   0x00000006   Code   RO         1850    .ARM.Collect$$_printf_percent$$00000014  c_w.l(_printf_s.o)
    0x0800027c   0x0800027c   0x00000006   Code   RO         1868    .ARM.Collect$$_printf_percent$$00000015  c_w.l(_printf_lc.o)
    0x08000282   0x08000282   0x00000006   Code   RO         1869    .ARM.Collect$$_printf_percent$$00000016  c_w.l(_printf_ls.o)
    0x08000288   0x08000288   0x00000004   Code   RO         1925    .ARM.Collect$$_printf_percent$$00000017  c_w.l(_printf_percent_end.o)
    0x0800028c   0x0800028c   0x00000002   Code   RO         1980    .ARM.Collect$$libinit$$00000000  c_w.l(libinit.o)
    0x0800028e   0x0800028e   0x00000004   Code   RO         2003    .ARM.Collect$$libinit$$00000001  c_w.l(libinit2.o)
    0x08000292   0x08000292   0x00000000   Code   RO         2006    .ARM.Collect$$libinit$$00000004  c_w.l(libinit2.o)
    0x08000292   0x08000292   0x00000000   Code   RO         2009    .ARM.Collect$$libinit$$0000000A  c_w.l(libinit2.o)
    0x08000292   0x08000292   0x00000000   Code   RO         2011    .ARM.Collect$$libinit$$0000000C  c_w.l(libinit2.o)
    0x08000292   0x08000292   0x00000000   Code   RO         2013    .ARM.Collect$$libinit$$0000000E  c_w.l(libinit2.o)
    0x08000292   0x08000292   0x00000006   Code   RO         2014    .ARM.Collect$$libinit$$0000000F  c_w.l(libinit2.o)
    0x08000298   0x08000298   0x00000000   Code   RO         2016    .ARM.Collect$$libinit$$00000011  c_w.l(libinit2.o)
    0x08000298   0x08000298   0x0000000c   Code   RO         2017    .ARM.Collect$$libinit$$00000012  c_w.l(libinit2.o)
    0x080002a4   0x080002a4   0x00000000   Code   RO         2018    .ARM.Collect$$libinit$$00000013  c_w.l(libinit2.o)
    0x080002a4   0x080002a4   0x00000000   Code   RO         2020    .ARM.Collect$$libinit$$00000015  c_w.l(libinit2.o)
    0x080002a4   0x080002a4   0x0000000a   Code   RO         2021    .ARM.Collect$$libinit$$00000016  c_w.l(libinit2.o)
    0x080002ae   0x080002ae   0x00000000   Code   RO         2022    .ARM.Collect$$libinit$$00000017  c_w.l(libinit2.o)
    0x080002ae   0x080002ae   0x00000000   Code   RO         2024    .ARM.Collect$$libinit$$00000019  c_w.l(libinit2.o)
    0x080002ae   0x080002ae   0x00000000   Code   RO         2026    .ARM.Collect$$libinit$$0000001B  c_w.l(libinit2.o)
    0x080002ae   0x080002ae   0x00000000   Code   RO         2028    .ARM.Collect$$libinit$$0000001D  c_w.l(libinit2.o)
    0x080002ae   0x080002ae   0x00000000   Code   RO         2030    .ARM.Collect$$libinit$$0000001F  c_w.l(libinit2.o)
    0x080002ae   0x080002ae   0x00000000   Code   RO         2032    .ARM.Collect$$libinit$$00000021  c_w.l(libinit2.o)
    0x080002ae   0x080002ae   0x00000000   Code   RO         2034    .ARM.Collect$$libinit$$00000023  c_w.l(libinit2.o)
    0x080002ae   0x080002ae   0x00000000   Code   RO         2036    .ARM.Collect$$libinit$$00000025  c_w.l(libinit2.o)
    0x080002ae   0x080002ae   0x00000000   Code   RO         2040    .ARM.Collect$$libinit$$0000002C  c_w.l(libinit2.o)
    0x080002ae   0x080002ae   0x00000000   Code   RO         2042    .ARM.Collect$$libinit$$0000002E  c_w.l(libinit2.o)
    0x080002ae   0x080002ae   0x00000000   Code   RO         2044    .ARM.Collect$$libinit$$00000030  c_w.l(libinit2.o)
    0x080002ae   0x080002ae   0x00000000   Code   RO         2046    .ARM.Collect$$libinit$$00000032  c_w.l(libinit2.o)
    0x080002ae   0x080002ae   0x00000002   Code   RO         2047    .ARM.Collect$$libinit$$00000033  c_w.l(libinit2.o)
    0x080002b0   0x080002b0   0x00000002   Code   RO         2084    .ARM.Collect$$libshutdown$$00000000  c_w.l(libshutdown.o)
    0x080002b2   0x080002b2   0x00000000   Code   RO         2112    .ARM.Collect$$libshutdown$$00000002  c_w.l(libshutdown2.o)
    0x080002b2   0x080002b2   0x00000000   Code   RO         2114    .ARM.Collect$$libshutdown$$00000004  c_w.l(libshutdown2.o)
    0x080002b2   0x080002b2   0x00000000   Code   RO         2117    .ARM.Collect$$libshutdown$$00000007  c_w.l(libshutdown2.o)
    0x080002b2   0x080002b2   0x00000000   Code   RO         2120    .ARM.Collect$$libshutdown$$0000000A  c_w.l(libshutdown2.o)
    0x080002b2   0x080002b2   0x00000000   Code   RO         2122    .ARM.Collect$$libshutdown$$0000000C  c_w.l(libshutdown2.o)
    0x080002b2   0x080002b2   0x00000000   Code   RO         2125    .ARM.Collect$$libshutdown$$0000000F  c_w.l(libshutdown2.o)
    0x080002b2   0x080002b2   0x00000002   Code   RO         2126    .ARM.Collect$$libshutdown$$00000010  c_w.l(libshutdown2.o)
    0x080002b4   0x080002b4   0x00000000   Code   RO         1776    .ARM.Collect$$rtentry$$00000000  c_w.l(__rtentry.o)
    0x080002b4   0x080002b4   0x00000000   Code   RO         1892    .ARM.Collect$$rtentry$$00000002  c_w.l(__rtentry2.o)
    0x080002b4   0x080002b4   0x00000006   Code   RO         1904    .ARM.Collect$$rtentry$$00000004  c_w.l(__rtentry4.o)
    0x080002ba   0x080002ba   0x00000000   Code   RO         1894    .ARM.Collect$$rtentry$$00000009  c_w.l(__rtentry2.o)
    0x080002ba   0x080002ba   0x00000004   Code   RO         1895    .ARM.Collect$$rtentry$$0000000A  c_w.l(__rtentry2.o)
    0x080002be   0x080002be   0x00000000   Code   RO         1897    .ARM.Collect$$rtentry$$0000000C  c_w.l(__rtentry2.o)
    0x080002be   0x080002be   0x00000008   Code   RO         1898    .ARM.Collect$$rtentry$$0000000D  c_w.l(__rtentry2.o)
    0x080002c6   0x080002c6   0x00000002   Code   RO         1988    .ARM.Collect$$rtexit$$00000000  c_w.l(rtexit.o)
    0x080002c8   0x080002c8   0x00000000   Code   RO         2053    .ARM.Collect$$rtexit$$00000002  c_w.l(rtexit2.o)
    0x080002c8   0x080002c8   0x00000004   Code   RO         2054    .ARM.Collect$$rtexit$$00000003  c_w.l(rtexit2.o)
    0x080002cc   0x080002cc   0x00000006   Code   RO         2055    .ARM.Collect$$rtexit$$00000004  c_w.l(rtexit2.o)
    0x080002d2   0x080002d2   0x00000002   PAD
    0x080002d4   0x080002d4   0x00000040   Code   RO         1382    .text               startup_stm32f407xx.o
    0x08000314   0x08000314   0x00001184   Code   RO         1408    .text               STL_Lib.a(stl_sch_main.o)
    0x08001498   0x08001498   0x0000003c   Code   RO         1452    .text               STL_Lib.a(stl_tm_cpu.o)
    0x080014d4   0x080014d4   0x00000134   Code   RO         1461    .text               STL_Lib.a(stl_tm_cpu_1.o)
    0x08001608   0x08001608   0x00000260   Code   RO         1472    .text               STL_Lib.a(stl_tm_cpu_10.o)
    0x08001868   0x08001868   0x0000088c   Code   RO         1496    .text               STL_Lib.a(stl_tm_cpu_11.o)
    0x080020f4   0x080020f4   0x00000140   Code   RO         1504    .text               STL_Lib.a(stl_tm_cpu_1l.o)
    0x08002234   0x08002234   0x000006e8   Code   RO         1512    .text               STL_Lib.a(stl_tm_cpu_2.o)
    0x0800291c   0x0800291c   0x000002e4   Code   RO         1529    .text               STL_Lib.a(stl_tm_cpu_3.o)
    0x08002c00   0x08002c00   0x00000250   Code   RO         1552    .text               STL_Lib.a(stl_tm_cpu_4.o)
    0x08002e50   0x08002e50   0x00000194   Code   RO         1561    .text               STL_Lib.a(stl_tm_cpu_5.o)
    0x08002fe4   0x08002fe4   0x0000029c   Code   RO         1574    .text               STL_Lib.a(stl_tm_cpu_6.o)
    0x08003280   0x08003280   0x00000058   Code   RO         1582    .text               STL_Lib.a(stl_tm_cpu_7.o)
    0x080032d8   0x080032d8   0x000000d8   Code   RO         1592    .text               STL_Lib.a(stl_tm_cpu_8.o)
    0x080033b0   0x080033b0   0x00000908   Code   RO         1603    .text               STL_Lib.a(stl_tm_cpu_9.o)
    0x08003cb8   0x08003cb8   0x000002f0   Code   RO         1611    .text               STL_Lib.a(stl_tm_flash.o)
    0x08003fa8   0x08003fa8   0x00000300   Code   RO         1628    .text               STL_Lib.a(stl_tm_ram.o)
    0x080042a8   0x080042a8   0x000000f0   Code   RO         1750    .text               c_w.l(lludivv7m.o)
    0x08004398   0x08004398   0x00000024   Code   RO         1752    .text               c_w.l(vsprintf.o)
    0x080043bc   0x080043bc   0x00000064   Code   RO         1754    .text               c_w.l(rt_memcpy_w.o)
    0x08004420   0x08004420   0x00000010   Code   RO         1756    .text               c_w.l(aeabi_memset.o)
    0x08004430   0x08004430   0x0000004e   Code   RO         1758    .text               c_w.l(rt_memclr_w.o)
    0x0800447e   0x0800447e   0x00000006   Code   RO         1760    .text               c_w.l(heapauxi.o)
    0x08004484   0x08004484   0x0000004e   Code   RO         1783    .text               c_w.l(_printf_pad.o)
    0x080044d2   0x080044d2   0x00000024   Code   RO         1785    .text               c_w.l(_printf_truncate.o)
    0x080044f6   0x080044f6   0x00000052   Code   RO         1787    .text               c_w.l(_printf_str.o)
    0x08004548   0x08004548   0x00000078   Code   RO         1789    .text               c_w.l(_printf_dec.o)
    0x080045c0   0x080045c0   0x00000028   Code   RO         1791    .text               c_w.l(_printf_charcount.o)
    0x080045e8   0x080045e8   0x00000030   Code   RO         1793    .text               c_w.l(_printf_char_common.o)
    0x08004618   0x08004618   0x0000000a   Code   RO         1795    .text               c_w.l(_sputc.o)
    0x08004622   0x08004622   0x00000002   PAD
    0x08004624   0x08004624   0x000000bc   Code   RO         1797    .text               c_w.l(_printf_wctomb.o)
    0x080046e0   0x080046e0   0x0000007c   Code   RO         1800    .text               c_w.l(_printf_longlong_dec.o)
    0x0800475c   0x0800475c   0x00000070   Code   RO         1806    .text               c_w.l(_printf_oct_int_ll.o)
    0x080047cc   0x080047cc   0x00000094   Code   RO         1826    .text               c_w.l(_printf_hex_int_ll_ptr.o)
    0x08004860   0x08004860   0x00000188   Code   RO         1846    .text               c_w.l(__printf_flags_ss_wp.o)
    0x080049e8   0x080049e8   0x00000044   Code   RO         1872    .text               c_w.l(rt_memclr.o)
    0x08004a2c   0x08004a2c   0x0000008a   Code   RO         1908    .text               c_w.l(lludiv10.o)
    0x08004ab6   0x08004ab6   0x000000b2   Code   RO         1910    .text               c_w.l(_printf_intcommon.o)
    0x08004b68   0x08004b68   0x0000041c   Code   RO         1912    .text               c_w.l(_printf_fp_dec.o)
    0x08004f84   0x08004f84   0x000002fc   Code   RO         1916    .text               c_w.l(_printf_fp_hex.o)
    0x08005280   0x08005280   0x0000002c   Code   RO         1921    .text               c_w.l(_printf_char.o)
    0x080052ac   0x080052ac   0x0000002c   Code   RO         1923    .text               c_w.l(_printf_wchar.o)
    0x080052d8   0x080052d8   0x00000048   Code   RO         1926    .text               c_w.l(_c16rtomb.o)
    0x08005320   0x08005320   0x0000004a   Code   RO         1928    .text               c_w.l(sys_stackheap_outer.o)
    0x0800536a   0x0800536a   0x00000002   PAD
    0x0800536c   0x0800536c   0x00000010   Code   RO         1930    .text               c_w.l(rt_ctype_table.o)
    0x0800537c   0x0800537c   0x00000008   Code   RO         1935    .text               c_w.l(rt_locale_intlibspace.o)
    0x08005384   0x08005384   0x00000080   Code   RO         1937    .text               c_w.l(_printf_fp_infnan.o)
    0x08005404   0x08005404   0x000000e4   Code   RO         1939    .text               c_w.l(bigflt0.o)
    0x080054e8   0x080054e8   0x00000012   Code   RO         1969    .text               c_w.l(exit.o)
    0x080054fa   0x080054fa   0x00000002   PAD
    0x080054fc   0x080054fc   0x00000008   Code   RO         1985    .text               c_w.l(libspace.o)
    0x08005504   0x08005504   0x00000004   PAD
    0x08005508   0x08005508   0x0000007c   Code   RO         2001    .text               c_w.l(strcmpv7em.o)
    0x08005584   0x08005584   0x0000000c   Code   RO         2048    .text               c_w.l(sys_exit.o)
    0x08005590   0x08005590   0x00000002   Code   RO         2073    .text               c_w.l(use_no_semi.o)
    0x08005592   0x08005592   0x00000000   Code   RO         2075    .text               c_w.l(indicate_semi.o)
    0x08005592   0x08005592   0x00000002   PAD
    0x08005594   0x08005594   0x00000108   Code   RO          708    .text.ADC_Init      stm32f4xx_hal_adc.o
    0x0800569c   0x0800569c   0x0000001a   Code   RO          577    .text.Buffer08_Copy  lib_buffer.o
    0x080056b6   0x080056b6   0x00000002   PAD
    0x080056b8   0x080056b8   0x0000001c   Code   RO          579    .text.Buffer08_Copy_TillZero  lib_buffer.o
    0x080056d4   0x080056d4   0x00000018   Code   RO          581    .text.Buffer08_Set  lib_buffer.o
    0x080056ec   0x080056ec   0x0000004a   Code   RO          595    .text.Char_Compare_woCase  lib_string.o
    0x08005736   0x08005736   0x00000002   PAD
    0x08005738   0x08005738   0x000004fc   Code   RO          286    .text.Check_DEPC_State  rs485com_thread.o
    0x08005c34   0x08005c34   0x00000090   Code   RO          218    .text.Check_Digital_Output_Isol  sysmon_thread.o
    0x08005cc4   0x08005cc4   0x00000008   Code   RO          220    .text.Check_Realy_FB  sysmon_thread.o
    0x08005ccc   0x08005ccc   0x00000254   Code   RO          224    .text.Check_Sensor_A1_A2  sysmon_thread.o
    0x08005f20   0x08005f20   0x000001b8   Code   RO          226    .text.Check_Temperature  sysmon_thread.o
    0x080060d8   0x080060d8   0x0000001c   Code   RO          367    .text.ChecksumCompute  stl_util.o
    0x080060f4   0x080060f4   0x00000004   PAD
    0x080060f8   0x080060f8   0x000000e8   Code   RO          190    .text.Cmd_CurTemp   console_thread.o
    0x080061e0   0x080061e0   0x00000080   Code   RO          188    .text.Cmd_CurVlt    console_thread.o
    0x08006260   0x08006260   0x000000f0   Code   RO          186    .text.Cmd_DoFlt     console_thread.o
    0x08006350   0x08006350   0x00000028   Code   RO          170    .text.Cmd_Help      console_thread.o
    0x08006378   0x08006378   0x00000070   Code   RO          619    .text.Cmd_History   lib_command.o
    0x080063e8   0x080063e8   0x0000018e   Code   RO          176    .text.Cmd_Led       console_thread.o
    0x08006576   0x08006576   0x00000002   PAD
    0x08006578   0x08006578   0x000000a6   Code   RO          196    .text.Cmd_Mon_485_Rx  console_thread.o
    0x0800661e   0x0800661e   0x00000002   PAD
    0x08006620   0x08006620   0x000000a6   Code   RO          194    .text.Cmd_Mon_485_Tx  console_thread.o
    0x080066c6   0x080066c6   0x00000002   PAD
    0x080066c8   0x080066c8   0x000000a6   Code   RO          192    .text.Cmd_Mon_Con   console_thread.o
    0x0800676e   0x0800676e   0x00000002   PAD
    0x08006770   0x08006770   0x0000010c   Code   RO          617    .text.Cmd_Parse_Command  lib_command.o
    0x0800687c   0x0800687c   0x00000054   Code   RO          611    .text.Cmd_Parse_Input  lib_command.o
    0x080068d0   0x080068d0   0x0000004c   Code   RO          198    .text.Cmd_PowerIn   console_thread.o
    0x0800691c   0x0800691c   0x00000054   Code   RO          613    .text.Cmd_Process_DirectionKey  lib_command.o
    0x08006970   0x08006970   0x00000090   Code   RO          623    .text.Cmd_Process_DownKey  lib_command.o
    0x08006a00   0x08006a00   0x000000ba   Code   RO          615    .text.Cmd_Process_LastChar  lib_command.o
    0x08006aba   0x08006aba   0x00000002   PAD
    0x08006abc   0x08006abc   0x0000007e   Code   RO          621    .text.Cmd_Process_UpKey  lib_command.o
    0x08006b3a   0x08006b3a   0x00000002   PAD
    0x08006b3c   0x08006b3c   0x00000044   Code   RO          172    .text.Cmd_Reboot    console_thread.o
    0x08006b80   0x08006b80   0x00000152   Code   RO          178    .text.Cmd_Relay     console_thread.o
    0x08006cd2   0x08006cd2   0x00000002   PAD
    0x08006cd4   0x08006cd4   0x00000154   Code   RO          180    .text.Cmd_RelayIn   console_thread.o
    0x08006e28   0x08006e28   0x000000fe   Code   RO          184    .text.Cmd_SenTest   console_thread.o
    0x08006f26   0x08006f26   0x00000002   PAD
    0x08006f28   0x08006f28   0x000000a0   Code   RO          182    .text.Cmd_SensorIn  console_thread.o
    0x08006fc8   0x08006fc8   0x00000074   Code   RO          174    .text.Cmd_Version   console_thread.o
    0x0800703c   0x0800703c   0x0000007e   Code   RO          200    .text.Cmd_Watchdog  console_thread.o
    0x080070ba   0x080070ba   0x00000002   PAD
    0x080070bc   0x080070bc   0x0000004c   Code   RO          166    .text.Console_Fill_input_to_buf  console_thread.o
    0x08007108   0x08007108   0x00000064   Code   RO          168    .text.Console_Process_Command  console_thread.o
    0x0800716c   0x0800716c   0x00000026   Code   RO          164    .text.Console_Thread  console_thread.o
    0x08007192   0x08007192   0x00000002   PAD
    0x08007194   0x08007194   0x00000068   Code   RO          475    .text.DI_Filter_State  digital_input.o
    0x080071fc   0x080071fc   0x00000018   Code   RO          473    .text.DI_Get_State  digital_input.o
    0x08007214   0x08007214   0x00000018   Code   RO          471    .text.DI_Init       digital_input.o
    0x0800722c   0x0800722c   0x00000022   Code   RO          455    .text.DO_Init       digital_output.o
    0x0800724e   0x0800724e   0x00000002   PAD
    0x08007250   0x08007250   0x00000010   Code   RO          459    .text.DO_Off        digital_output.o
    0x08007260   0x08007260   0x00000010   Code   RO          457    .text.DO_On         digital_output.o
    0x08007270   0x08007270   0x00000274   Code   RO          256    .text.Decide_DEOD_State  deod_thread.o
    0x080074e4   0x080074e4   0x00000024   Code   RO          250    .text.Deod_Thread   deod_thread.o
    0x08007508   0x08007508   0x0000003c   Code   RO           18    .text.Device_Init   device.o
    0x08007544   0x08007544   0x00000094   Code   RO           46    .text.Device_Init_ADC  device.o
    0x080075d8   0x080075d8   0x0000009c   Code   RO           28    .text.Device_Init_CU_PC_Select_Dip_Input  device.o
    0x08007674   0x08007674   0x000000b8   Code   RO           22    .text.Device_Init_Console  device.o
    0x0800772c   0x0800772c   0x000000cc   Code   RO           38    .text.Device_Init_DOIS  device.o
    0x080077f8   0x080077f8   0x00000084   Code   RO           26    .text.Device_Init_DipSW  device.o
    0x0800787c   0x0800787c   0x00000036   Code   RO           44    .text.Device_Init_I2C  device.o
    0x080078b2   0x080078b2   0x00000002   PAD
    0x080078b4   0x080078b4   0x00000274   Code   RO           20    .text.Device_Init_LED  device.o
    0x08007b28   0x08007b28   0x000000cc   Code   RO           24    .text.Device_Init_RS485  device.o
    0x08007bf4   0x08007bf4   0x00000198   Code   RO           34    .text.Device_Init_Relay_Feed_Back_Input  device.o
    0x08007d8c   0x08007d8c   0x00000190   Code   RO           30    .text.Device_Init_Relay_Output  device.o
    0x08007f1c   0x08007f1c   0x000001a0   Code   RO           36    .text.Device_Init_Sensor_Input  device.o
    0x080080bc   0x080080bc   0x00000114   Code   RO           32    .text.Device_Init_Sensor_Test_Out  device.o
    0x080081d0   0x080081d0   0x00000048   Code   RO           40    .text.Device_Init_Watchdog  device.o
    0x08008218   0x08008218   0x00000068   Code   RO          567    .text.DipSW_Get_value  dip_switch.o
    0x08008280   0x08008280   0x00000038   Code   RO          563    .text.DipSW_Init    dip_switch.o
    0x080082b8   0x080082b8   0x0000000a   Code   RO            8    .text.Error_Handler  main.o
    0x080082c2   0x080082c2   0x00000002   PAD
    0x080082c4   0x080082c4   0x00000106   Code   RO          748    .text.HAL_ADC_ConfigChannel  stm32f4xx_hal_adc.o
    0x080083ca   0x080083ca   0x00000002   PAD
    0x080083cc   0x080083cc   0x00000006   Code   RO          744    .text.HAL_ADC_GetValue  stm32f4xx_hal_adc.o
    0x080083d2   0x080083d2   0x00000002   PAD
    0x080083d4   0x080083d4   0x0000004e   Code   RO          704    .text.HAL_ADC_Init  stm32f4xx_hal_adc.o
    0x08008422   0x08008422   0x00000002   PAD
    0x08008424   0x08008424   0x00000060   Code   RO           50    .text.HAL_ADC_MspInit  device.o
    0x08008484   0x08008484   0x000000b4   Code   RO          718    .text.HAL_ADC_PollForConversion  stm32f4xx_hal_adc.o
    0x08008538   0x08008538   0x00000114   Code   RO          714    .text.HAL_ADC_Start  stm32f4xx_hal_adc.o
    0x0800864c   0x0800864c   0x00000028   Code   RO          659    .text.HAL_Delay     stm32f4xx_hal.o
    0x08008674   0x08008674   0x0000019a   Code   RO          950    .text.HAL_GPIO_Init  stm32f4xx_hal_gpio.o
    0x0800880e   0x0800880e   0x00000002   PAD
    0x08008810   0x08008810   0x0000000a   Code   RO          954    .text.HAL_GPIO_ReadPin  stm32f4xx_hal_gpio.o
    0x0800881a   0x0800881a   0x00000002   PAD
    0x0800881c   0x0800881c   0x0000000e   Code   RO          958    .text.HAL_GPIO_TogglePin  stm32f4xx_hal_gpio.o
    0x0800882a   0x0800882a   0x00000002   PAD
    0x0800882c   0x0800882c   0x0000000a   Code   RO          956    .text.HAL_GPIO_WritePin  stm32f4xx_hal_gpio.o
    0x08008836   0x08008836   0x00000002   PAD
    0x08008838   0x08008838   0x0000000e   Code   RO          667    .text.HAL_GetREVID  stm32f4xx_hal.o
    0x08008846   0x08008846   0x00000002   PAD
    0x08008848   0x08008848   0x0000000c   Code   RO          651    .text.HAL_GetTick   stm32f4xx_hal.o
    0x08008854   0x08008854   0x00000198   Code   RO          974    .text.HAL_I2C_Init  stm32f4xx_hal_i2c.o
    0x080089ec   0x080089ec   0x00000206   Code   RO          992    .text.HAL_I2C_Master_Receive  stm32f4xx_hal_i2c.o
    0x08008bf2   0x08008bf2   0x00000002   PAD
    0x08008bf4   0x08008bf4   0x00000074   Code   RO           48    .text.HAL_I2C_MspInit  device.o
    0x08008c68   0x08008c68   0x0000001a   Code   RO          649    .text.HAL_IncTick   stm32f4xx_hal.o
    0x08008c82   0x08008c82   0x00000002   PAD
    0x08008c84   0x08008c84   0x0000002e   Code   RO          639    .text.HAL_Init      stm32f4xx_hal.o
    0x08008cb2   0x08008cb2   0x00000002   PAD
    0x08008cb4   0x08008cb4   0x00000050   Code   RO          641    .text.HAL_InitTick  stm32f4xx_hal.o
    0x08008d04   0x08008d04   0x00000002   Code   RO          643    .text.HAL_MspInit   stm32f4xx_hal.o
    0x08008d06   0x08008d06   0x00000002   PAD
    0x08008d08   0x08008d08   0x00000008   Code   RO          814    .text.HAL_NVIC_EnableIRQ  stm32f4xx_hal_cortex.o
    0x08008d10   0x08008d10   0x0000001e   Code   RO          806    .text.HAL_NVIC_SetPriority  stm32f4xx_hal_cortex.o
    0x08008d2e   0x08008d2e   0x00000002   PAD
    0x08008d30   0x08008d30   0x00000008   Code   RO          802    .text.HAL_NVIC_SetPriorityGrouping  stm32f4xx_hal_cortex.o
    0x08008d38   0x08008d38   0x00000004   Code   RO          822    .text.HAL_NVIC_SystemReset  stm32f4xx_hal_cortex.o
    0x08008d3c   0x08008d3c   0x00000160   Code   RO         1210    .text.HAL_RCC_ClockConfig  stm32f4xx_hal_rcc.o
    0x08008e9c   0x08008e9c   0x0000000c   Code   RO         1220    .text.HAL_RCC_GetHCLKFreq  stm32f4xx_hal_rcc.o
    0x08008ea8   0x08008ea8   0x00000022   Code   RO         1222    .text.HAL_RCC_GetPCLK1Freq  stm32f4xx_hal_rcc.o
    0x08008eca   0x08008eca   0x00000002   PAD
    0x08008ecc   0x08008ecc   0x00000022   Code   RO         1224    .text.HAL_RCC_GetPCLK2Freq  stm32f4xx_hal_rcc.o
    0x08008eee   0x08008eee   0x00000002   PAD
    0x08008ef0   0x08008ef0   0x00000068   Code   RO         1212    .text.HAL_RCC_GetSysClockFreq  stm32f4xx_hal_rcc.o
    0x08008f58   0x08008f58   0x00000334   Code   RO         1208    .text.HAL_RCC_OscConfig  stm32f4xx_hal_rcc.o
    0x0800928c   0x0800928c   0x00000002   Code   RO          864    .text.HAL_SYSTICK_Callback  stm32f4xx_hal_cortex.o
    0x0800928e   0x0800928e   0x00000002   PAD
    0x08009290   0x08009290   0x00000008   Code   RO          826    .text.HAL_SYSTICK_Config  stm32f4xx_hal_cortex.o
    0x08009298   0x08009298   0x00000008   Code   RO          862    .text.HAL_SYSTICK_IRQHandler  stm32f4xx_hal_cortex.o
    0x080092a0   0x080092a0   0x0000005e   Code   RO         1262    .text.HAL_UART_Init  stm32f4xx_hal_uart.o
    0x080092fe   0x080092fe   0x00000002   PAD
    0x08009300   0x08009300   0x00000002   Code   RO         1264    .text.HAL_UART_MspInit  stm32f4xx_hal_uart.o
    0x08009302   0x08009302   0x00000002   PAD
    0x08009304   0x08009304   0x000000fe   Code   RO          994    .text.I2C_MasterRequestRead  stm32f4xx_hal_i2c.o
    0x08009402   0x08009402   0x00000002   PAD
    0x08009404   0x08009404   0x00000074   Code   RO          984    .text.I2C_WaitOnFlagUntilTimeout  stm32f4xx_hal_i2c.o
    0x08009478   0x08009478   0x0000008c   Code   RO         1132    .text.I2C_WaitOnMasterAddressFlagUntilTimeout  stm32f4xx_hal_i2c.o
    0x08009504   0x08009504   0x0000005e   Code   RO          996    .text.I2C_WaitOnRXNEFlagUntilTimeout  stm32f4xx_hal_i2c.o
    0x08009562   0x08009562   0x00000002   PAD
    0x08009564   0x08009564   0x00000012   Code   RO            4    .text.LL_FLASH_EnablePrefetch  main.o
    0x08009576   0x08009576   0x00000002   PAD
    0x08009578   0x08009578   0x00000022   Code   RO          393    .text.Led_Init      led.o
    0x0800959a   0x0800959a   0x00000002   PAD
    0x0800959c   0x0800959c   0x00000010   Code   RO          397    .text.Led_Off       led.o
    0x080095ac   0x080095ac   0x00000010   Code   RO          395    .text.Led_On        led.o
    0x080095bc   0x080095bc   0x0000000e   Code   RO          399    .text.Led_Toggle    led.o
    0x080095ca   0x080095ca   0x00000002   PAD
    0x080095cc   0x080095cc   0x0000002c   Code   RO          812    .text.NVIC_EncodePriority  stm32f4xx_hal_cortex.o
    0x080095f8   0x080095f8   0x000000b4   Code   RO          284    .text.PCrs485Com_Validate_rx  rs485com_thread.o
    0x080096ac   0x080096ac   0x00000080   Code   RO          503    .text.Periph_Control_GPIO_CLK  periph_stm32f4xx.o
    0x0800972c   0x0800972c   0x00000070   Code   RO          505    .text.Periph_Control_UART_CLK  periph_stm32f4xx.o
    0x0800979c   0x0800979c   0x00000058   Code   RO           42    .text.Pwr_OK_CPU_Init  device.o
    0x080097f4   0x080097f4   0x000001a0   Code   RO          143    .text.Read_Relay_FeedBack_State  self_diagnose_perform.o
    0x08009994   0x08009994   0x00000100   Code   RO          254    .text.Read_Safety_Sensor_OSSD  deod_thread.o
    0x08009a94   0x08009a94   0x00000228   Code   RO          252    .text.Read_Safety_Sensor_Voltage  deod_thread.o
    0x08009cbc   0x08009cbc   0x0000030c   Code   RO          139    .text.Read_Sensor_Current_Value  self_diagnose_perform.o
    0x08009fc8   0x08009fc8   0x00000270   Code   RO          141    .text.Read_Sensor_OSSD_Input  self_diagnose_perform.o
    0x0800a238   0x0800a238   0x00000010   Code   RO          274    .text.Receive_Data_From_Rs485  rs485com_thread.o
    0x0800a248   0x0800a248   0x00000026   Code   RO          485    .text.Relay_Init    relay.o
    0x0800a26e   0x0800a26e   0x00000002   PAD
    0x0800a270   0x0800a270   0x00000014   Code   RO          489    .text.Relay_Off     relay.o
    0x0800a284   0x0800a284   0x00000014   Code   RO          487    .text.Relay_On      relay.o
    0x0800a298   0x0800a298   0x00000018   Code   RO          491    .text.Relay_Toggle  relay.o
    0x0800a2b0   0x0800a2b0   0x00000006   Code   RO          377    .text.RestoreExcepMaskReg  stl_util.o
    0x0800a2b6   0x0800a2b6   0x00000002   PAD
    0x0800a2b8   0x0800a2b8   0x00000016   Code   RO          419    .text.Rs232_CountDown_Receive_Tick  rs232.o
    0x0800a2ce   0x0800a2ce   0x00000002   PAD
    0x0800a2d0   0x0800a2d0   0x0000001e   Code   RO          413    .text.Rs232_Enable_Receiving  rs232.o
    0x0800a2ee   0x0800a2ee   0x00000002   PAD
    0x0800a2f0   0x0800a2f0   0x00000026   Code   RO          415    .text.Rs232_IRQHandler_RXNE  rs232.o
    0x0800a316   0x0800a316   0x00000002   PAD
    0x0800a318   0x0800a318   0x0000003c   Code   RO          429    .text.Rs232_IRQHandler_TXE  rs232.o
    0x0800a354   0x0800a354   0x00000058   Code   RO          409    .text.Rs232_Init    rs232.o
    0x0800a3ac   0x0800a3ac   0x00000018   Code   RO          423    .text.Rs232_Restore_rx  rs232.o
    0x0800a3c4   0x0800a3c4   0x0000004a   Code   RO          427    .text.Rs232_Send_Byte  rs232.o
    0x0800a40e   0x0800a40e   0x00000002   PAD
    0x0800a410   0x0800a410   0x00000004   Code   RO          417    .text.Rs232_Set_Receive_Tick  rs232.o
    0x0800a414   0x0800a414   0x00000020   Code   RO          425    .text.Rs232_Transmit_Data  rs232.o
    0x0800a434   0x0800a434   0x00000016   Code   RO          541    .text.Rs485_CountDown_Receive_Tick  rs485.o
    0x0800a44a   0x0800a44a   0x00000002   PAD
    0x0800a44c   0x0800a44c   0x0000004c   Code   RO          272    .text.Rs485_Data_Fill_rxBuf  rs485com_thread.o
    0x0800a498   0x0800a498   0x00000044   Code   RO          278    .text.Rs485_Data_Fill_txBuf  rs485com_thread.o
    0x0800a4dc   0x0800a4dc   0x00000020   Code   RO          535    .text.Rs485_Enable_Receiving  rs485.o
    0x0800a4fc   0x0800a4fc   0x00000028   Code   RO          537    .text.Rs485_IRQHandler_RXNE  rs485.o
    0x0800a524   0x0800a524   0x0000001e   Code   RO          553    .text.Rs485_IRQHandler_TC  rs485.o
    0x0800a542   0x0800a542   0x00000002   PAD
    0x0800a544   0x0800a544   0x00000040   Code   RO          551    .text.Rs485_IRQHandler_TXE  rs485.o
    0x0800a584   0x0800a584   0x0000007e   Code   RO          531    .text.Rs485_Init    rs485.o
    0x0800a602   0x0800a602   0x00000002   PAD
    0x0800a604   0x0800a604   0x00000070   Code   RO          276    .text.Rs485_Monitor_Rx  rs485com_thread.o
    0x0800a674   0x0800a674   0x00000084   Code   RO          280    .text.Rs485_Monitor_Tx  rs485com_thread.o
    0x0800a6f8   0x0800a6f8   0x0000001e   Code   RO          545    .text.Rs485_Restore_rx  rs485.o
    0x0800a716   0x0800a716   0x00000002   PAD
    0x0800a718   0x0800a718   0x00000062   Code   RO          549    .text.Rs485_Send_Byte  rs485.o
    0x0800a77a   0x0800a77a   0x00000002   PAD
    0x0800a77c   0x0800a77c   0x00000004   Code   RO          539    .text.Rs485_Set_Receive_Tick  rs485.o
    0x0800a780   0x0800a780   0x00000020   Code   RO          547    .text.Rs485_Transmit_Data  rs485.o
    0x0800a7a0   0x0800a7a0   0x000000f8   Code   RO          268    .text.Rs485com_Thread  rs485com_thread.o
    0x0800a898   0x0800a898   0x0000007c   Code   RO          329    .text.STL_CPU_TM10_Test  stl.o
    0x0800a914   0x0800a914   0x00000078   Code   RO          331    .text.STL_CPU_TM11_Test  stl.o
    0x0800a98c   0x0800a98c   0x0000009c   Code   RO          311    .text.STL_CPU_TM1_Test  stl.o
    0x0800aa28   0x0800aa28   0x00000098   Code   RO          313    .text.STL_CPU_TM2_Test  stl.o
    0x0800aac0   0x0800aac0   0x00000098   Code   RO          315    .text.STL_CPU_TM3_Test  stl.o
    0x0800ab58   0x0800ab58   0x0000009c   Code   RO          317    .text.STL_CPU_TM4_Test  stl.o
    0x0800abf4   0x0800abf4   0x00000098   Code   RO          319    .text.STL_CPU_TM5_Test  stl.o
    0x0800ac8c   0x0800ac8c   0x00000080   Code   RO          321    .text.STL_CPU_TM6_Test  stl.o
    0x0800ad0c   0x0800ad0c   0x00000070   Code   RO          323    .text.STL_CPU_TM7_Test  stl.o
    0x0800ad7c   0x0800ad7c   0x00000078   Code   RO          325    .text.STL_CPU_TM8_Test  stl.o
    0x0800adf4   0x0800adf4   0x00000044   Code   RO          327    .text.STL_CPU_TM9_Test  stl.o
    0x0800ae38   0x0800ae38   0x000000e0   Code   RO          333    .text.STL_FLASH_TM_Test  stl.o
    0x0800af18   0x0800af18   0x000000e0   Code   RO          335    .text.STL_RAM_TM_Test  stl.o
    0x0800aff8   0x0800aff8   0x00000030   Code   RO          309    .text.STL_SCH_Test  stl.o
    0x0800b028   0x0800b028   0x0000003c   Code   RO          307    .text.STL_Self_Test  stl.o
    0x0800b064   0x0800b064   0x0000001c   Code   RO          363    .text.STL_UTIL_CRC_Calculate  stl_util.o
    0x0800b080   0x0800b080   0x00000034   Code   RO          359    .text.STL_UTIL_CRC_DeInit  stl_util.o
    0x0800b0b4   0x0800b0b4   0x00000032   Code   RO          357    .text.STL_UTIL_CRC_Init  stl_util.o
    0x0800b0e6   0x0800b0e6   0x00000002   PAD
    0x0800b0e8   0x0800b0e8   0x00000012   Code   RO          361    .text.STL_UTIL_CRC_Reset  stl_util.o
    0x0800b0fa   0x0800b0fa   0x00000002   PAD
    0x0800b0fc   0x0800b0fc   0x00000020   Code   RO          365    .text.STL_UTIL_ChecksumCompare  stl_util.o
    0x0800b11c   0x0800b11c   0x00000008   Code   RO          369    .text.STL_UTIL_ChecksumUpdate  stl_util.o
    0x0800b124   0x0800b124   0x00000002   Code   RO          379    .text.STL_UTIL_Disable_FPU_IXC_IT  stl_util.o
    0x0800b126   0x0800b126   0x00000002   PAD
    0x0800b128   0x0800b128   0x00000014   Code   RO          371    .text.STL_UTIL_Disable_IT  stl_util.o
    0x0800b13c   0x0800b13c   0x00000012   Code   RO          375    .text.STL_UTIL_Enable_IT  stl_util.o
    0x0800b14e   0x0800b14e   0x00000002   PAD
    0x0800b150   0x0800b150   0x00000002   Code   RO          381    .text.STL_UTIL_Restore_FPU_IXC_IT  stl_util.o
    0x0800b152   0x0800b152   0x00000002   PAD
    0x0800b154   0x0800b154   0x00000006   Code   RO          373    .text.SaveExcepMaskReg  stl_util.o
    0x0800b15a   0x0800b15a   0x00000002   PAD
    0x0800b15c   0x0800b15c   0x00000064   Code   RO          137    .text.Self_Diagnose_Perform  self_diagnose_perform.o
    0x0800b1c0   0x0800b1c0   0x0000001e   Code   RO          627    .text.Send_ClearLine  lib_command.o
    0x0800b1de   0x0800b1de   0x00000002   PAD
    0x0800b1e0   0x0800b1e0   0x00000040   Code   RO          625    .text.Send_PrevCmdLine  lib_command.o
    0x0800b220   0x0800b220   0x00000020   Code   RO          337    .text.StlErrorHandler  stl.o
    0x0800b240   0x0800b240   0x00000028   Code   RO          597    .text.String_Compare_woCase  lib_string.o
    0x0800b268   0x0800b268   0x00000042   Code   RO          599    .text.String_Compare_woCase_wLength  lib_string.o
    0x0800b2aa   0x0800b2aa   0x00000002   PAD
    0x0800b2ac   0x0800b2ac   0x0000008e   Code   RO          591    .text.String_Extract_Word  lib_string.o
    0x0800b33a   0x0800b33a   0x00000002   PAD
    0x0800b33c   0x0800b33c   0x00000018   Code   RO          601    .text.String_Get_Length  lib_string.o
    0x0800b354   0x0800b354   0x0000002e   Code   RO          828    .text.SysTick_Config  stm32f4xx_hal_cortex.o
    0x0800b382   0x0800b382   0x00000002   PAD
    0x0800b384   0x0800b384   0x000000da   Code   RO          124    .text.SysTick_Handler  stm32f4xx_it.o
    0x0800b45e   0x0800b45e   0x00000002   PAD
    0x0800b460   0x0800b460   0x000000fc   Code   RO          216    .text.Sysmon_Thread  sysmon_thread.o
    0x0800b55c   0x0800b55c   0x000000a8   Code   RO            6    .text.SystemClock_Config  main.o
    0x0800b604   0x0800b604   0x00000056   Code   RO         1389    .text.SystemInit    system_stm32f4xx.o
    0x0800b65a   0x0800b65a   0x00000002   PAD
    0x0800b65c   0x0800b65c   0x000000e4   Code   RO          145    .text.System_Acquire_Configuration  self_diagnose_perform.o
    0x0800b740   0x0800b740   0x0000004c   Code   RO          521    .text.TMP117_get_Temperature  tpm117.o
    0x0800b78c   0x0800b78c   0x00000068   Code   RO          270    .text.Transmit_Data_To_Rs485  rs485com_thread.o
    0x0800b7f4   0x0800b7f4   0x0000016c   Code   RO         1266    .text.UART_SetConfig  stm32f4xx_hal_uart.o
    0x0800b960   0x0800b960   0x0000007c   Code   RO          128    .text.USART1_IRQHandler  stm32f4xx_it.o
    0x0800b9dc   0x0800b9dc   0x0000005e   Code   RO          126    .text.USART3_IRQHandler  stm32f4xx_it.o
    0x0800ba3a   0x0800ba3a   0x00000002   PAD
    0x0800ba3c   0x0800ba3c   0x00000048   Code   RO          222    .text.Watchdog_Check_Pin  sysmon_thread.o
    0x0800ba84   0x0800ba84   0x00000022   Code   RO          439    .text.Watchdog_Init  watchdog.o
    0x0800baa6   0x0800baa6   0x00000002   PAD
    0x0800baa8   0x0800baa8   0x00000006   Code   RO          443    .text.Watchdog_Lock  watchdog.o
    0x0800baae   0x0800baae   0x00000002   PAD
    0x0800bab0   0x0800bab0   0x00000016   Code   RO          441    .text.Watchdog_Toggle  watchdog.o
    0x0800bac6   0x0800bac6   0x00000002   PAD
    0x0800bac8   0x0800bac8   0x00000006   Code   RO          445    .text.Watchdog_Unlock  watchdog.o
    0x0800bace   0x0800bace   0x00000002   PAD
    0x0800bad0   0x0800bad0   0x00000020   Code   RO          816    .text.__NVIC_EnableIRQ  stm32f4xx_hal_cortex.o
    0x0800baf0   0x0800baf0   0x00000010   Code   RO          808    .text.__NVIC_GetPriorityGrouping  stm32f4xx_hal_cortex.o
    0x0800bb00   0x0800bb00   0x00000022   Code   RO          810    .text.__NVIC_SetPriority  stm32f4xx_hal_cortex.o
    0x0800bb22   0x0800bb22   0x00000002   PAD
    0x0800bb24   0x0800bb24   0x00000020   Code   RO          804    .text.__NVIC_SetPriorityGrouping  stm32f4xx_hal_cortex.o
    0x0800bb44   0x0800bb44   0x00000024   Code   RO          824    .text.__NVIC_SystemReset  stm32f4xx_hal_cortex.o
    0x0800bb68   0x0800bb68   0x0000001a   Code   RO          509    .text.cprint        periph_stm32f4xx.o
    0x0800bb82   0x0800bb82   0x00000002   PAD
    0x0800bb84   0x0800bb84   0x00000072   Code   RO          507    .text.cprintf       periph_stm32f4xx.o
    0x0800bbf6   0x0800bbf6   0x00000002   PAD
    0x0800bbf8   0x0800bbf8   0x0000002a   Code   RO          282    .text.getCRC16_KRS  rs485com_thread.o
    0x0800bc22   0x0800bc22   0x00000002   PAD
    0x0800bc24   0x0800bc24   0x000000c4   Code   RO            2    .text.main          main.o
    0x0800bce8   0x0800bce8   0x0000003e   Code   RO         1942    CL$$btod_d2e        c_w.l(btod.o)
    0x0800bd26   0x0800bd26   0x00000046   Code   RO         1944    CL$$btod_d2e_denorm_low  c_w.l(btod.o)
    0x0800bd6c   0x0800bd6c   0x00000060   Code   RO         1943    CL$$btod_d2e_norm_op1  c_w.l(btod.o)
    0x0800bdcc   0x0800bdcc   0x00000338   Code   RO         1952    CL$$btod_div_common  c_w.l(btod.o)
    0x0800c104   0x0800c104   0x000000dc   Code   RO         1949    CL$$btod_e2e        c_w.l(btod.o)
    0x0800c1e0   0x0800c1e0   0x0000002a   Code   RO         1946    CL$$btod_ediv       c_w.l(btod.o)
    0x0800c20a   0x0800c20a   0x0000002a   Code   RO         1945    CL$$btod_emul       c_w.l(btod.o)
    0x0800c234   0x0800c234   0x00000244   Code   RO         1951    CL$$btod_mult_common  c_w.l(btod.o)
    0x0800c478   0x0800c478   0x00000030   Code   RO         1983    i.__ARM_fpclassify  m_wm.l(fpclassify.o)
    0x0800c4a8   0x0800c4a8   0x0000000e   Code   RO         1839    i._is_digit         c_w.l(__printf_wp.o)
    0x0800c4b6   0x0800c4b6   0x00000002   PAD
    0x0800c4b8   0x0800c4b8   0x0000002c   Code   RO         1967    locale$$code        c_w.l(lc_numeric_c.o)
    0x0800c4e4   0x0800c4e4   0x0000002c   Code   RO         1995    locale$$code        c_w.l(lc_ctype_c.o)
    0x0800c510   0x0800c510   0x00000094   Code   RO         1404    text                STL_Lib.a(stl_crc_calc_asm.o)
    0x0800c5a4   0x0800c5a4   0x00000328   Code   RO         1641    text                STL_Lib.a(stl_tm_cpu_10_fpu_reg.o)
    0x0800c8cc   0x0800c8cc   0x0000033c   Code   RO         1645    text                STL_Lib.a(stl_tm_cpu_10_fpu_reg_1.o)
    0x0800cc08   0x0800cc08   0x0000033c   Code   RO         1649    text                STL_Lib.a(stl_tm_cpu_10_fpu_reg_2.o)
    0x0800cf44   0x0800cf44   0x0000033c   Code   RO         1653    text                STL_Lib.a(stl_tm_cpu_10_fpu_reg_3.o)
    0x0800d280   0x0800d280   0x0000033c   Code   RO         1657    text                STL_Lib.a(stl_tm_cpu_10_fpu_reg_4.o)
    0x0800d5bc   0x0800d5bc   0x000003dc   Code   RO         1661    text                STL_Lib.a(stl_tm_cpu_10_fpu_reg_5.o)
    0x0800d998   0x0800d998   0x000004b4   Code   RO         1665    text                STL_Lib.a(stl_tm_cpu_11_fpu_func.o)
    0x0800de4c   0x0800de4c   0x00000328   Code   RO         1669    text                STL_Lib.a(stl_tm_cpu_11_fpu_func_2.o)
    0x0800e174   0x0800e174   0x0000006e   Code   RO         1673    text                STL_Lib.a(stl_tm_cpu_1_reg.o)
    0x0800e1e2   0x0800e1e2   0x00000002   PAD
    0x0800e1e4   0x0800e1e4   0x000001ac   Code   RO         1677    text                STL_Lib.a(stl_tm_cpu_1l_reg.o)
    0x0800e390   0x0800e390   0x0000020c   Code   RO         1681    text                STL_Lib.a(stl_tm_cpu_2_arithm.o)
    0x0800e59c   0x0800e59c   0x00000160   Code   RO         1685    text                STL_Lib.a(stl_tm_cpu_2_arithm_2.o)
    0x0800e6fc   0x0800e6fc   0x0000009a   Code   RO         1689    text                STL_Lib.a(stl_tm_cpu_3_mul_div.o)
    0x0800e796   0x0800e796   0x00000002   PAD
    0x0800e798   0x0800e798   0x00000092   Code   RO         1693    text                STL_Lib.a(stl_tm_cpu_3_muls.o)
    0x0800e82a   0x0800e82a   0x00000002   PAD
    0x0800e82c   0x0800e82c   0x000000d4   Code   RO         1697    text                STL_Lib.a(stl_tm_cpu_4_control-flow.o)
    0x0800e900   0x0800e900   0x00000584   Code   RO         1701    text                STL_Lib.a(stl_tm_cpu_4_control-flow_2.o)
    0x0800ee84   0x0800ee84   0x000000c4   Code   RO         1705    text                STL_Lib.a(stl_tm_cpu_4_control-flow_3.o)
    0x0800ef48   0x0800ef48   0x00000290   Code   RO         1709    text                STL_Lib.a(stl_tm_cpu_5_load_store.o)
    0x0800f1d8   0x0800f1d8   0x00000084   Code   RO         1713    text                STL_Lib.a(stl_tm_cpu_5_load_store_2.o)
    0x0800f25c   0x0800f25c   0x0000028c   Code   RO         1717    text                STL_Lib.a(stl_tm_cpu_6_shift_rotate.o)
    0x0800f4e8   0x0800f4e8   0x0000003c   Code   RO         1721    text                STL_Lib.a(stl_tm_cpu_6_shift_rotate_2.o)
    0x0800f524   0x0800f524   0x00000020   Code   RO         1725    text                STL_Lib.a(stl_tm_cpu_7_stack_ptr.o)
    0x0800f544   0x0800f544   0x000003c4   Code   RO         1729    text                STL_Lib.a(stl_tm_cpu_8_pipeline.o)
    0x0800f908   0x0800f908   0x000002f8   Code   RO         1733    text                STL_Lib.a(stl_tm_cpu_8_pipeline_2.o)
    0x0800fc00   0x0800fc00   0x000001ec   Code   RO         1737    text                STL_Lib.a(stl_tm_cpu_9_dsp_func.o)
    0x0800fdec   0x0800fdec   0x000002b0   Code   RO         1741    text                STL_Lib.a(stl_tm_cpu_9_dsp_func_2.o)
    0x0801009c   0x0801009c   0x00000260   Code   RO         1745    text                STL_Lib.a(stl_tm_ram_march-c_test.o)
    0x080102fc   0x080102fc   0x00000062   Code   RO         1764    x$fpl$d2f           fz_wm.l(d2f.o)
    0x0801035e   0x0801035e   0x00000026   Code   RO         1766    x$fpl$dfltu         fz_wm.l(dflt_clz.o)
    0x08010384   0x08010384   0x00000154   Code   RO         1772    x$fpl$dmul          fz_wm.l(dmul.o)
    0x080104d8   0x080104d8   0x0000009c   Code   RO         1874    x$fpl$dnaninf       fz_wm.l(dnaninf.o)
    0x08010574   0x08010574   0x0000000c   Code   RO         1876    x$fpl$dretinf       fz_wm.l(dretinf.o)
    0x08010580   0x08010580   0x00000056   Code   RO         1774    x$fpl$f2d           fz_wm.l(f2d.o)
    0x080105d6   0x080105d6   0x0000008c   Code   RO         1878    x$fpl$fnaninf       fz_wm.l(fnaninf.o)
    0x08010662   0x08010662   0x0000001a   Code   RO         2067    x$fpl$fpinit        fz_wm.l(fpinit.o)
    0x0801067c   0x0801067c   0x0000000a   Code   RO         1880    x$fpl$fretinf       fz_wm.l(fretinf.o)
    0x08010686   0x08010686   0x00000004   Code   RO         1882    x$fpl$printf1       fz_wm.l(printf1.o)
    0x0801068a   0x0801068a   0x00000004   Code   RO         1884    x$fpl$printf2       fz_wm.l(printf2.o)
    0x0801068e   0x0801068e   0x00000000   Code   RO         1890    x$fpl$usenofp       fz_wm.l(usenofp.o)
    0x0801068e   0x0801068e   0x00000002   PAD
    0x08010690   0x08010690   0x00000008   Data   RO         1798    .constdata          c_w.l(_printf_wctomb.o)
    0x08010698   0x08010698   0x00000028   Data   RO         1827    .constdata          c_w.l(_printf_hex_int_ll_ptr.o)
    0x080106c0   0x080106c0   0x00000011   Data   RO         1847    .constdata          c_w.l(__printf_flags_ss_wp.o)
    0x080106d1   0x080106d1   0x00000026   Data   RO         1917    .constdata          c_w.l(_printf_fp_hex.o)
    0x080106f7   0x080106f7   0x00000001   PAD
    0x080106f8   0x080106f8   0x00000094   Data   RO         1940    .constdata          c_w.l(bigflt0.o)
    0x0801078c   0x0801078c   0x00000030   Data   RO         1410    .rodata             STL_Lib.a(stl_sch_main.o)
    0x080107bc   0x080107bc   0x0000000c   Data   RO         1411    .rodata             STL_Lib.a(stl_sch_main.o)
    0x080107c8   0x080107c8   0x00000060   Data   RO         1412    .rodata             STL_Lib.a(stl_sch_main.o)
    0x08010828   0x08010828   0x00000400   Data   RO         1451    .rodata             STL_Lib.a(stl_tm_cpu.o)
    0x08010c28   0x08010c28   0x00000068   Data   RO         1462    .rodata             STL_Lib.a(stl_tm_cpu_1.o)
    0x08010c90   0x08010c90   0x00000004   Data   RO         1469    .rodata             STL_Lib.a(stl_tm_cpu_10.o)
    0x08010c94   0x08010c94   0x00000004   Data   RO         1470    .rodata             STL_Lib.a(stl_tm_cpu_10.o)
    0x08010c98   0x08010c98   0x00000080   Data   RO         1471    .rodata             STL_Lib.a(stl_tm_cpu_10.o)
    0x08010d18   0x08010d18   0x00000010   Data   RO         1479    .rodata             STL_Lib.a(stl_tm_cpu_11.o)
    0x08010d28   0x08010d28   0x00000008   Data   RO         1480    .rodata             STL_Lib.a(stl_tm_cpu_11.o)
    0x08010d30   0x08010d30   0x00000040   Data   RO         1481    .rodata             STL_Lib.a(stl_tm_cpu_11.o)
    0x08010d70   0x08010d70   0x00000014   Data   RO         1482    .rodata             STL_Lib.a(stl_tm_cpu_11.o)
    0x08010d84   0x08010d84   0x00000014   Data   RO         1483    .rodata             STL_Lib.a(stl_tm_cpu_11.o)
    0x08010d98   0x08010d98   0x00000018   Data   RO         1484    .rodata             STL_Lib.a(stl_tm_cpu_11.o)
    0x08010db0   0x08010db0   0x00000018   Data   RO         1485    .rodata             STL_Lib.a(stl_tm_cpu_11.o)
    0x08010dc8   0x08010dc8   0x00000010   Data   RO         1486    .rodata             STL_Lib.a(stl_tm_cpu_11.o)
    0x08010dd8   0x08010dd8   0x00000010   Data   RO         1487    .rodata             STL_Lib.a(stl_tm_cpu_11.o)
    0x08010de8   0x08010de8   0x00000010   Data   RO         1488    .rodata             STL_Lib.a(stl_tm_cpu_11.o)
    0x08010df8   0x08010df8   0x00000010   Data   RO         1489    .rodata             STL_Lib.a(stl_tm_cpu_11.o)
    0x08010e08   0x08010e08   0x00000020   Data   RO         1491    .rodata             STL_Lib.a(stl_tm_cpu_11.o)
    0x08010e28   0x08010e28   0x00000020   Data   RO         1492    .rodata             STL_Lib.a(stl_tm_cpu_11.o)
    0x08010e48   0x08010e48   0x00000040   Data   RO         1493    .rodata             STL_Lib.a(stl_tm_cpu_11.o)
    0x08010e88   0x08010e88   0x00000004   Data   RO         1494    .rodata             STL_Lib.a(stl_tm_cpu_11.o)
    0x08010e8c   0x08010e8c   0x00000004   Data   RO         1495    .rodata             STL_Lib.a(stl_tm_cpu_11.o)
    0x08010e90   0x08010e90   0x00000018   Data   RO         1503    .rodata             STL_Lib.a(stl_tm_cpu_1l.o)
    0x08010ea8   0x08010ea8   0x00000060   Data   RO         1505    .rodata             STL_Lib.a(stl_tm_cpu_1l.o)
    0x08010f08   0x08010f08   0x00000010   Data   RO         1516    .rodata             STL_Lib.a(stl_tm_cpu_2.o)
    0x08010f18   0x08010f18   0x00000008   Data   RO         1517    .rodata             STL_Lib.a(stl_tm_cpu_2.o)
    0x08010f20   0x08010f20   0x00000008   Data   RO         1518    .rodata             STL_Lib.a(stl_tm_cpu_2.o)
    0x08010f28   0x08010f28   0x00000020   Data   RO         1519    .rodata             STL_Lib.a(stl_tm_cpu_2.o)
    0x08010f48   0x08010f48   0x00000010   Data   RO         1520    .rodata             STL_Lib.a(stl_tm_cpu_2.o)
    0x08010f58   0x08010f58   0x00000008   Data   RO         1521    .rodata             STL_Lib.a(stl_tm_cpu_2.o)
    0x08010f60   0x08010f60   0x00000008   Data   RO         1522    .rodata             STL_Lib.a(stl_tm_cpu_2.o)
    0x08010f68   0x08010f68   0x00000010   Data   RO         1523    .rodata             STL_Lib.a(stl_tm_cpu_2.o)
    0x08010f78   0x08010f78   0x00000008   Data   RO         1524    .rodata             STL_Lib.a(stl_tm_cpu_2.o)
    0x08010f80   0x08010f80   0x00000008   Data   RO         1525    .rodata             STL_Lib.a(stl_tm_cpu_2.o)
    0x08010f88   0x08010f88   0x00000100   Data   RO         1533    .rodata             STL_Lib.a(stl_tm_cpu_3.o)
    0x08011088   0x08011088   0x00000008   Data   RO         1534    .rodata             STL_Lib.a(stl_tm_cpu_3.o)
    0x08011090   0x08011090   0x00000008   Data   RO         1535    .rodata             STL_Lib.a(stl_tm_cpu_3.o)
    0x08011098   0x08011098   0x00000040   Data   RO         1536    .rodata             STL_Lib.a(stl_tm_cpu_3.o)
    0x080110d8   0x080110d8   0x00000010   Data   RO         1540    .rodata             STL_Lib.a(stl_tm_cpu_4.o)
    0x080110e8   0x080110e8   0x00000010   Data   RO         1541    .rodata             STL_Lib.a(stl_tm_cpu_4.o)
    0x080110f8   0x080110f8   0x00000010   Data   RO         1542    .rodata             STL_Lib.a(stl_tm_cpu_4.o)
    0x08011108   0x08011108   0x00000010   Data   RO         1543    .rodata             STL_Lib.a(stl_tm_cpu_4.o)
    0x08011118   0x08011118   0x00000010   Data   RO         1544    .rodata             STL_Lib.a(stl_tm_cpu_4.o)
    0x08011128   0x08011128   0x00000010   Data   RO         1545    .rodata             STL_Lib.a(stl_tm_cpu_4.o)
    0x08011138   0x08011138   0x00000004   Data   RO         1546    .rodata             STL_Lib.a(stl_tm_cpu_4.o)
    0x0801113c   0x0801113c   0x00000004   Data   RO         1547    .rodata             STL_Lib.a(stl_tm_cpu_4.o)
    0x08011140   0x08011140   0x00000004   Data   RO         1548    .rodata             STL_Lib.a(stl_tm_cpu_4.o)
    0x08011144   0x08011144   0x00000004   Data   RO         1549    .rodata             STL_Lib.a(stl_tm_cpu_4.o)
    0x08011148   0x08011148   0x00000040   Data   RO         1560    .rodata             STL_Lib.a(stl_tm_cpu_5.o)
    0x08011188   0x08011188   0x00000010   Data   RO         1568    .rodata             STL_Lib.a(stl_tm_cpu_6.o)
    0x08011198   0x08011198   0x00000010   Data   RO         1569    .rodata             STL_Lib.a(stl_tm_cpu_6.o)
    0x080111a8   0x080111a8   0x00000008   Data   RO         1570    .rodata             STL_Lib.a(stl_tm_cpu_6.o)
    0x080111b0   0x080111b0   0x00000008   Data   RO         1571    .rodata             STL_Lib.a(stl_tm_cpu_6.o)
    0x080111b8   0x080111b8   0x00000008   Data   RO         1572    .rodata             STL_Lib.a(stl_tm_cpu_6.o)
    0x080111c0   0x080111c0   0x00000004   Data   RO         1573    .rodata             STL_Lib.a(stl_tm_cpu_6.o)
    0x080111c4   0x080111c4   0x00000040   Data   RO         1581    .rodata             STL_Lib.a(stl_tm_cpu_7.o)
    0x08011204   0x08011204   0x00000010   Data   RO         1589    .rodata             STL_Lib.a(stl_tm_cpu_8.o)
    0x08011214   0x08011214   0x00000004   Data   RO         1590    .rodata             STL_Lib.a(stl_tm_cpu_8.o)
    0x08011218   0x08011218   0x00000180   Data   RO         1599    .rodata             STL_Lib.a(stl_tm_cpu_9.o)
    0x08011398   0x08011398   0x00000100   Data   RO         1600    .rodata             STL_Lib.a(stl_tm_cpu_9.o)
    0x08011498   0x08011498   0x00000008   Data   RO         1601    .rodata             STL_Lib.a(stl_tm_cpu_9.o)
    0x080114a0   0x080114a0   0x000001ac   Data   RO         1602    .rodata             STL_Lib.a(stl_tm_cpu_9.o)
    0x0801164c   0x0801164c   0x00000024   Data   RO         1626    .rodata             STL_Lib.a(stl_tm_ram.o)
    0x08011670   0x08011670   0x00000090   Data   RO          207    .rodata..L__const.Console_Process_Command.cmd_list  console_thread.o
    0x08011700   0x08011700   0x00000018   Data   RO          512    .rodata..L__const.Periph_Control_UART_CLK.bit  periph_stm32f4xx.o
    0x08011718   0x08011718   0x00000018   Data   RO          511    .rodata..L__const.Periph_Control_UART_CLK.reg  periph_stm32f4xx.o
    0x08011730   0x08011730   0x00000010   Data   RO         1394    .rodata.AHBPrescTable  system_stm32f4xx.o
    0x08011740   0x08011740   0x00000008   Data   RO         1395    .rodata.APBPrescTable  system_stm32f4xx.o
    0x08011748   0x08011748   0x00000200   Data   RO          288    .rodata.KRS_CRC16_TABLE  rs485com_thread.o
    0x08011948   0x08011948   0x00000019   Data   RO           93    .rodata.str1.1      device.o
    0x08011961   0x08011961   0x00000100   Data   RO          154    .rodata.str1.1      self_diagnose_perform.o
    0x08011a61   0x08011a61   0x000006c1   Data   RO          206    .rodata.str1.1      console_thread.o
    0x08012122   0x08012122   0x00000020   Data   RO          237    .rodata.str1.1      sysmon_thread.o
    0x08012142   0x08012142   0x00000041   Data   RO          259    .rodata.str1.1      deod_thread.o
    0x08012183   0x08012183   0x000003a1   Data   RO          291    .rodata.str1.1      rs485com_thread.o
    0x08012524   0x08012524   0x000002ef   Data   RO          339    .rodata.str1.1      stl.o
    0x08012813   0x08012813   0x0000000e   Data   RO          630    .rodata.str1.1      lib_command.o
    0x08012821   0x08012821   0x00000003   PAD
    0x08012824   0x08012824   0x00000020   Data   RO         2128    Region$$Table       anon$$obj.o
    0x08012844   0x08012844   0x0000001c   Data   RO         1966    locale$$data        c_w.l(lc_numeric_c.o)
    0x08012860   0x08012860   0x00000110   Data   RO         1994    locale$$data        c_w.l(lc_ctype_c.o)


    Execution Region RW_IRAM1 (Exec base: 0x20000000, Load base: 0x08012970, Size: 0x00002cf0, Max: 0x00020000, ABSOLUTE)

    Exec Addr    Load Addr    Size         Type   Attr      Idx    E Section Name        Object

    0x20000000   0x08012970   0x00000004   Data   RW          349    .data.STL_RomEnd    stl_user_param_template.o
    0x20000004   0x08012974   0x00000004   Data   RW          348    .data.STL_RomStart  stl_user_param_template.o
    0x20000008   0x08012978   0x00000004   Data   RW          351    .data.STL_pRamTmBckUpBuf  stl_user_param_template.o
    0x2000000c   0x0801297c   0x00000004   Data   RW         1393    .data.SystemCoreClock  system_stm32f4xx.o
    0x20000010   0x08012980   0x00000001   Data   RW          694    .data.uwTickFreq    stm32f4xx_hal.o
    0x20000011   0x08012981   0x00000003   PAD
    0x20000014   0x08012984   0x00000004   Data   RW          693    .data.uwTickPrio    stm32f4xx_hal.o
    0x20000018   0x08012988   0x00000020   Data   RW          350    backup_buffer_section  stl_user_param_template.o
    0x20000038        -       0x000000e4   Zero   RW         1409    .bss                STL_Lib.a(stl_sch_main.o)
    0x2000011c        -       0x00000008   Zero   RW         1550    .bss                STL_Lib.a(stl_tm_cpu_4.o)
    0x20000124        -       0x0000000c   Zero   RW         1551    .bss                STL_Lib.a(stl_tm_cpu_4.o)
    0x20000130        -       0x00000004   Zero   RW         1591    .bss                STL_Lib.a(stl_tm_cpu_8.o)
    0x20000134        -       0x00000010   Zero   RW         1610    .bss                STL_Lib.a(stl_tm_flash.o)
    0x20000144        -       0x00000010   Zero   RW         1625    .bss                STL_Lib.a(stl_tm_ram.o)
    0x20000154        -       0x00000060   Zero   RW         1986    .bss                c_w.l(libspace.o)
    0x200001b4        -       0x00000008   Zero   RW          241    .bss.Check_Sensor_A1_A2.Sensor_Ossd  sysmon_thread.o
    0x200001bc        -       0x00000004   Zero   RW          383    .bss.CrcClkStatus   stl_util.o
    0x200001c0        -       0x0000002c   Zero   RW          106    .bss.Device_Init_CU_PC_Select_Dip_Input._hcr_input  device.o
    0x200001ec        -       0x0000002c   Zero   RW          107    .bss.Device_Init_CU_PC_Select_Dip_Input._pc_ch_num  device.o
    0x20000218        -       0x00000040   Zero   RW           95    .bss.Device_Init_Console._hserial  device.o
    0x20000258        -       0x00000078   Zero   RW           94    .bss.Device_Init_Console._serial  device.o
    0x200002d0        -       0x00000200   Zero   RW           98    .bss.Device_Init_Console._serial_buf_printf  device.o
    0x200004d0        -       0x00000800   Zero   RW           97    .bss.Device_Init_Console._serial_buf_rx  device.o
    0x20000cd0        -       0x00000800   Zero   RW           96    .bss.Device_Init_Console._serial_buf_tx  device.o
    0x200014d0        -       0x0000002c   Zero   RW          113    .bss.Device_Init_DOIS._fpin_1  device.o
    0x200014fc        -       0x0000002c   Zero   RW          114    .bss.Device_Init_DOIS._fpin_2  device.o
    0x20001528        -       0x0000002c   Zero   RW          115    .bss.Device_Init_DOIS._wdog_pin  device.o
    0x20001554        -       0x00000060   Zero   RW          103    .bss.Device_Init_DipSW._cfg  device.o
    0x200015b4        -       0x000001a0   Zero   RW           92    .bss.Device_Init_LED._led  device.o
    0x20001754        -       0x00000098   Zero   RW           99    .bss.Device_Init_RS485._ch1  device.o
    0x200017ec        -       0x00000200   Zero   RW          102    .bss.Device_Init_RS485._ch1_buf_rx  device.o
    0x200019ec        -       0x00000200   Zero   RW          101    .bss.Device_Init_RS485._ch1_buf_tx  device.o
    0x20001bec        -       0x00000040   Zero   RW          100    .bss.Device_Init_RS485._hch1  device.o
    0x20001c2c        -       0x00000160   Zero   RW          111    .bss.Device_Init_Relay_Feed_Back_Input._din  device.o
    0x20001d8c        -       0x00000100   Zero   RW          108    .bss.Device_Init_Relay_Output._rly  device.o
    0x20001e8c        -       0x000000f0   Zero   RW          112    .bss.Device_Init_Sensor_Input._sdin  device.o
    0x20001f7c        -       0x00000020   Zero   RW          110    .bss.Device_Init_Sensor_Test_Out._snp_out  device.o
    0x20001f9c        -       0x00000080   Zero   RW          109    .bss.Device_Init_Sensor_Test_Out._sout  device.o
    0x2000201c        -       0x00000020   Zero   RW          104    .bss.Device_Init_Watchdog._wdog  device.o
    0x2000203c        -       0x00000004   Zero   RW          384    .bss.ExcepMaskReg   stl_util.o
    0x20002040        -       0x0000002c   Zero   RW          105    .bss.Pwr_OK_CPU_Init._pwrin  device.o
    0x2000206c        -       0x00000002   Zero   RW          150    .bss.Read_Sensor_Current_Value.cur_val1  self_diagnose_perform.o
    0x2000206e        -       0x00000002   Zero   RW          151    .bss.Read_Sensor_Current_Value.cur_val2  self_diagnose_perform.o
    0x20002070        -       0x00000002   Zero   RW          152    .bss.Read_Sensor_Current_Value.cur_val3  self_diagnose_perform.o
    0x20002072        -       0x00000002   Zero   RW          153    .bss.Read_Sensor_Current_Value.cur_val4  self_diagnose_perform.o
    0x20002074        -       0x00000008   Zero   RW          155    .bss.Read_Sensor_OSSD_Input.Sensor_Ossd  self_diagnose_perform.o
    0x2000207c        -       0x00000002   Zero   RW          523    .bss.TMP117_get_Temperature.buf  tpm117.o
    0x2000207e        -       0x00000014   Zero   RW          205    .bss._cmd_buf       console_thread.o
    0x20002092   0x080129a8   0x00000002   PAD
    0x20002094        -       0x00000004   Zero   RW          204    .bss._cmd_cnt       console_thread.o
    0x20002098        -       0x0000048c   Zero   RW          629    .bss._history       lib_command.o
    0x20002524        -       0x00000014   Zero   RW          298    .bss._rxBuf         rs485com_thread.o
    0x20002538        -       0x00000004   Zero   RW          292    .bss._rxCnt         rs485com_thread.o
    0x2000253c        -       0x00000014   Zero   RW          296    .bss._txBuf         rs485com_thread.o
    0x20002550        -       0x00000001   Zero   RW          297    .bss._txCnt         rs485com_thread.o
    0x20002551   0x080129a8   0x00000003   PAD
    0x20002554        -       0x00000004   Zero   RW           90    .bss.cfg            device.o
    0x20002558        -       0x00000004   Zero   RW           65    .bss.com_err_led    device.o
    0x2000255c        -       0x00000004   Zero   RW           68    .bss.comrx_led      device.o
    0x20002560        -       0x00000004   Zero   RW           67    .bss.comtx_led      device.o
    0x20002564        -       0x00000004   Zero   RW           62    .bss.del_led        device.o
    0x20002568        -       0x00000004   Zero   RW           76    .bss.del_out        device.o
    0x2000256c        -       0x00000004   Zero   RW           60    .bss.der_led        device.o
    0x20002570        -       0x00000004   Zero   RW           74    .bss.der_out        device.o
    0x20002574        -       0x00000020   Zero   RW           82    .bss.din            device.o
    0x20002594        -       0x00000004   Zero   RW           57    .bss.dmpc_led       device.o
    0x20002598        -       0x00000004   Zero   RW           72    .bss.dmpc_out       device.o
    0x2000259c        -       0x00000004   Zero   RW           69    .bss.eb1_out        device.o
    0x200025a0        -       0x00000004   Zero   RW           70    .bss.eb2_out        device.o
    0x200025a4        -       0x00000004   Zero   RW           66    .bss.eb_led         device.o
    0x200025a8        -       0x00000004   Zero   RW           84    .bss.fpin_1         device.o
    0x200025ac        -       0x00000004   Zero   RW           85    .bss.fpin_2         device.o
    0x200025b0        -       0x00000004   Zero   RW          258    .bss.g_DEOD_Check_timer  deod_thread.o
    0x200025b4        -       0x00000004   Zero   RW          231    .bss.g_Flt_Signal_timer  sysmon_thread.o
    0x200025b8        -       0x00000001   Zero   RW          148    .bss.g_Master_DM_Baord  self_diagnose_perform.o
    0x200025b9   0x080129a8   0x00000003   PAD
    0x200025bc        -       0x00000004   Zero   RW          230    .bss.g_Pwr_Ok_timer  sysmon_thread.o
    0x200025c0        -       0x00000004   Zero   RW          233    .bss.g_Relay_FB_check_timer  sysmon_thread.o
    0x200025c4        -       0x00000004   Zero   RW          290    .bss.g_Rs485com_comm_ok_timer  rs485com_thread.o
    0x200025c8        -       0x00000004   Zero   RW          289    .bss.g_Rs485com_request_timer  rs485com_thread.o
    0x200025cc        -       0x00000004   Zero   RW          228    .bss.g_Run_Led_timer  sysmon_thread.o
    0x200025d0        -       0x00000004   Zero   RW          234    .bss.g_Sensor_Check_timer  sysmon_thread.o
    0x200025d4        -       0x00000004   Zero   RW          232    .bss.g_Temp_check_timer  sysmon_thread.o
    0x200025d8        -       0x00000002   Zero   RW          229    .bss.g_Watch_Dog_timer  sysmon_thread.o
    0x200025da        -       0x00000002   Zero   RW          236    .bss.g_Watchdog_Check_Pin_Timer  sysmon_thread.o
    0x200025dc        -       0x00000001   Zero   RW          147    .bss.g_depc_cnt     self_diagnose_perform.o
    0x200025dd   0x080129a8   0x00000003   PAD
    0x200025e0        -       0x00000004   Zero   RW          235    .bss.g_device_temper  sysmon_thread.o
    0x200025e4        -       0x00000001   Zero   RW          294    .bss.g_monitor_485_rx  rs485com_thread.o
    0x200025e5        -       0x00000001   Zero   RW          293    .bss.g_monitor_485_tx  rs485com_thread.o
    0x200025e6        -       0x00000001   Zero   RW          202    .bss.g_monitor_flag  console_thread.o
    0x200025e7        -       0x00000001   Zero   RW          295    .bss.g_send_depc_cnt  rs485com_thread.o
    0x200025e8        -       0x00000001   Zero   RW          203    .bss.g_temper_flag  console_thread.o
    0x200025e9   0x080129a8   0x00000003   PAD
    0x200025ec        -       0x00000048   Zero   RW           52    .bss.hadc1          device.o
    0x20002634        -       0x00000004   Zero   RW           88    .bss.hcr_input      device.o
    0x20002638        -       0x00000004   Zero   RW           64    .bss.hcr_led        device.o
    0x2000263c        -       0x00000054   Zero   RW           53    .bss.hi2c1          device.o
    0x20002690        -       0x00000004   Zero   RW           63    .bss.hlt_led        device.o
    0x20002694        -       0x00000004   Zero   RW           71    .bss.hlt_out        device.o
    0x20002698        -       0x00000004   Zero   RW           77    .bss.mcu_test1      device.o
    0x2000269c        -       0x00000004   Zero   RW           78    .bss.mcu_test2      device.o
    0x200026a0        -       0x00000004   Zero   RW           79    .bss.mcu_test3      device.o
    0x200026a4        -       0x00000004   Zero   RW           80    .bss.mcu_test4      device.o
    0x200026a8        -       0x00000004   Zero   RW           61    .bss.obl_led        device.o
    0x200026ac        -       0x00000004   Zero   RW           75    .bss.obl_out        device.o
    0x200026b0        -       0x00000004   Zero   RW           59    .bss.obr_led        device.o
    0x200026b4        -       0x00000004   Zero   RW           73    .bss.obr_out        device.o
    0x200026b8        -       0x00000004   Zero   RW           87    .bss.pc_ch_num      device.o
    0x200026bc        -       0x00000004   Zero   RW           58    .bss.pc_err_led     device.o
    0x200026c0        -       0x00000004   Zero   RW           86    .bss.pwrin          device.o
    0x200026c4        -       0x00000004   Zero   RW           56    .bss.run_led        device.o
    0x200026c8        -       0x00000010   Zero   RW           83    .bss.sdin           device.o
    0x200026d8        -       0x00000004   Zero   RW           55    .bss.serial1        device.o
    0x200026dc        -       0x00000004   Zero   RW           54    .bss.serial3        device.o
    0x200026e0        -       0x00000004   Zero   RW           81    .bss.snp_out        device.o
    0x200026e4        -       0x00000004   Zero   RW          695    .bss.uwTick         stm32f4xx_hal.o
    0x200026e8        -       0x00000004   Zero   RW           91    .bss.wdog           device.o
    0x200026ec        -       0x00000004   Zero   RW           89    .bss.wdog_pin       device.o
    0x200026f0        -       0x00000200   Zero   RW         1380    HEAP                startup_stm32f407xx.o
    0x200028f0        -       0x00000400   Zero   RW         1379    STACK               startup_stm32f407xx.o


==============================================================================

Image component sizes


      Code (inc. data)   RO Data    RW Data    ZI Data      Debug   Object Name

      3228        400       1873          0         26      15049   console_thread.o
      1472        192         65          0          4       4327   deod_thread.o
      3642        300         25          0       8196      16910   device.o
       152         48          0          0          0       2424   digital_input.o
        66          0          0          0          0       2124   digital_output.o
       160          0          0          0          0       2814   dip_switch.o
        80          0          0          0          0       2095   led.o
        78          0          0          0          0       1555   lib_buffer.o
      1098         98         14          0       1164       6094   lib_command.o
       346          0          0          0          0       3421   lib_string.o
       392         80          0          0          0       5565   main.o
       380         96         48          0          0       6056   periph_stm32f4xx.o
       102          0          0          0          0       2350   relay.o
       372          0          0          0          0       8245   rs232.o
       478          0          0          0          0       8618   rs485.o
      2254        358       1441          0         56       9874   rs485com_thread.o
      2148        420        256          0         18       4786   self_diagnose_perform.o
        64         26        392          0       1536        876   startup_stm32f407xx.o
      2028        784        751          0          0       5124   stl.o
         0          0          0         44          0        612   stl_user_param_template.o
       270          0          0          0          8       3976   stl_util.o
       220          0          0          5          4       7465   stm32f4xx_hal.o
      1066          0          0          0          0      10844   stm32f4xx_hal_adc.o
       308          0          0          0          0      10920   stm32f4xx_hal_cortex.o
       444          0          0          0          0       5303   stm32f4xx_hal_gpio.o
      1530          0          0          0          0      39067   stm32f4xx_hal_i2c.o
      1356          0          0          0          0       7446   stm32f4xx_hal_rcc.o
       460          0          0          0          0      17689   stm32f4xx_hal_uart.o
       436          0          0          0          0       3870   stm32f4xx_it.o
      1512        228         32          0         40       6188   sysmon_thread.o
        86          0         24          4          0       2745   system_stm32f4xx.o
        76          0          0          0          2       3785   tpm117.o
        68          0          0          0          0       2019   watchdog.o

    ----------------------------------------------------------------------
     26516       3030       4956         56      11068     230236   Object Totals
         0          0         32          0          0          0   (incl. Generated)
       144          0          3          3         14          0   (incl. Padding)

    ----------------------------------------------------------------------

      Code (inc. data)   RO Data    RW Data    ZI Data      Debug   Library Member Name

       148          8          0          0          0          0   stl_crc_calc_asm.o
      4484         96        156          0        228       3754   stl_sch_main.o
        60         12       1024          0          0        216   stl_tm_cpu.o
       308         28        104          0          0        134   stl_tm_cpu_1.o
       608         32        136          0          0        126   stl_tm_cpu_10.o
       808          4          0          0          0          0   stl_tm_cpu_10_fpu_reg.o
       828         12          0          0          0          0   stl_tm_cpu_10_fpu_reg_1.o
       828         12          0          0          0          0   stl_tm_cpu_10_fpu_reg_2.o
       828         12          0          0          0          0   stl_tm_cpu_10_fpu_reg_3.o
       828         12          0          0          0          0   stl_tm_cpu_10_fpu_reg_4.o
       988         12          0          0          0          0   stl_tm_cpu_10_fpu_reg_5.o
      2188        124        376          0          0        138   stl_tm_cpu_11.o
      1204          4          0          0          0          0   stl_tm_cpu_11_fpu_func.o
       808          8          0          0          0          0   stl_tm_cpu_11_fpu_func_2.o
       110          0          0          0          0          0   stl_tm_cpu_1_reg.o
       320         32        120          0          0        134   stl_tm_cpu_1l.o
       428          4          0          0          0          0   stl_tm_cpu_1l_reg.o
      1768         60        128          0          0        135   stl_tm_cpu_2.o
       524          0          0          0          0          0   stl_tm_cpu_2_arithm.o
       352          0          0          0          0          0   stl_tm_cpu_2_arithm_2.o
       740         48        336          0          0        136   stl_tm_cpu_3.o
       154          0          0          0          0          0   stl_tm_cpu_3_mul_div.o
       146          0          0          0          0          0   stl_tm_cpu_3_muls.o
       592        112        112          0         20        136   stl_tm_cpu_4.o
       212         16          0          0          0          0   stl_tm_cpu_4_control-flow.o
      1412          8          0          0          0          0   stl_tm_cpu_4_control-flow_2.o
       196          8          0          0          0          0   stl_tm_cpu_4_control-flow_3.o
       404         16         64          0          0        136   stl_tm_cpu_5.o
       656          4          0          0          0          0   stl_tm_cpu_5_load_store.o
       132          4          0          0          0          0   stl_tm_cpu_5_load_store_2.o
       668         56         60          0          0        137   stl_tm_cpu_6.o
       652          4          0          0          0          0   stl_tm_cpu_6_shift_rotate.o
        60          0          0          0          0          0   stl_tm_cpu_6_shift_rotate_2.o
        88         12         64          0          0        121   stl_tm_cpu_7.o
        32          4          0          0          0          0   stl_tm_cpu_7_stack_ptr.o
       216         16         20          0          4        121   stl_tm_cpu_8.o
       964          8          0          0          0          0   stl_tm_cpu_8_pipeline.o
       760         12          0          0          0          0   stl_tm_cpu_8_pipeline_2.o
      2312         64       1076          0          0        134   stl_tm_cpu_9.o
       492          8          0          0          0          0   stl_tm_cpu_9_dsp_func.o
       688          4          0          0          0          0   stl_tm_cpu_9_dsp_func_2.o
       752         24          0          0         16        806   stl_tm_flash.o
       768         24         36          0         16        683   stl_tm_ram.o
       608          4          0          0          0          0   stl_tm_ram_march-c_test.o
         8          0          0          0          0         68   __main.o
       392          4         17          0          0         92   __printf_flags_ss_wp.o
        14          0          0          0          0         68   __printf_wp.o
         0          0          0          0          0          0   __rtentry.o
        12          0          0          0          0          0   __rtentry2.o
         6          0          0          0          0          0   __rtentry4.o
        52          8          0          0          0          0   __scatter.o
        26          0          0          0          0          0   __scatter_copy.o
        28          0          0          0          0          0   __scatter_zi.o
        72          0          0          0          0         96   _c16rtomb.o
         6          0          0          0          0          0   _printf_a.o
         6          0          0          0          0          0   _printf_c.o
        44          0          0          0          0        108   _printf_char.o
        48          6          0          0          0         96   _printf_char_common.o
        40          0          0          0          0         68   _printf_charcount.o
         6          0          0          0          0          0   _printf_d.o
       120         16          0          0          0         92   _printf_dec.o
         6          0          0          0          0          0   _printf_e.o
         6          0          0          0          0          0   _printf_f.o
      1052          0          0          0          0        148   _printf_fp_dec.o
       764          8         38          0          0        100   _printf_fp_hex.o
       128         16          0          0          0         84   _printf_fp_infnan.o
         6          0          0          0          0          0   _printf_g.o
       148          4         40          0          0        160   _printf_hex_int_ll_ptr.o
         6          0          0          0          0          0   _printf_i.o
       178          0          0          0          0         88   _printf_intcommon.o
        10          0          0          0          0          0   _printf_l.o
         6          0          0          0          0          0   _printf_lc.o
        10          0          0          0          0          0   _printf_ll.o
         6          0          0          0          0          0   _printf_lld.o
         6          0          0          0          0          0   _printf_lli.o
         6          0          0          0          0          0   _printf_llo.o
         6          0          0          0          0          0   _printf_llu.o
         6          0          0          0          0          0   _printf_llx.o
       124         16          0          0          0         92   _printf_longlong_dec.o
         6          0          0          0          0          0   _printf_ls.o
         6          0          0          0          0          0   _printf_n.o
         6          0          0          0          0          0   _printf_o.o
       112          8          0          0          0        124   _printf_oct_int_ll.o
         6          0          0          0          0          0   _printf_p.o
        78          0          0          0          0        108   _printf_pad.o
         0          0          0          0          0          0   _printf_percent.o
         4          0          0          0          0          0   _printf_percent_end.o
         6          0          0          0          0          0   _printf_s.o
        82          0          0          0          0         80   _printf_str.o
        36          0          0          0          0         84   _printf_truncate.o
         6          0          0          0          0          0   _printf_u.o
        44          0          0          0          0        108   _printf_wchar.o
       188          6          8          0          0         92   _printf_wctomb.o
         6          0          0          0          0          0   _printf_x.o
        10          0          0          0          0         68   _sputc.o
        16          0          0          0          0         68   aeabi_memset.o
       228          4        148          0          0         96   bigflt0.o
      1936        128          0          0          0        668   btod.o
        18          0          0          0          0         80   exit.o
         6          0          0          0          0        152   heapauxi.o
         0          0          0          0          0          0   indicate_semi.o
        44         10        272          0          0         76   lc_ctype_c.o
        44         10         28          0          0         76   lc_numeric_c.o
         2          0          0          0          0          0   libinit.o
        34          0          0          0          0          0   libinit2.o
         2          0          0          0          0          0   libshutdown.o
         2          0          0          0          0          0   libshutdown2.o
         8          4          0          0         96         68   libspace.o
       138          0          0          0          0         80   lludiv10.o
       240          0          0          0          0        100   lludivv7m.o
        16          4          0          0          0         76   rt_ctype_table.o
         8          4          0          0          0         68   rt_locale_intlibspace.o
        68          0          0          0          0         68   rt_memclr.o
        78          0          0          0          0         80   rt_memclr_w.o
       100          0          0          0          0         80   rt_memcpy_w.o
         2          0          0          0          0          0   rtexit.o
        10          0          0          0          0          0   rtexit2.o
       124          0          0          0          0         88   strcmpv7em.o
        12          4          0          0          0         68   sys_exit.o
        74          0          0          0          0         80   sys_stackheap_outer.o
         2          0          0          0          0         68   use_no_semi.o
        36          4          0          0          0         76   vsprintf.o
        98          4          0          0          0        140   d2f.o
        38          0          0          0          0        116   dflt_clz.o
       340         12          0          0          0        152   dmul.o
       156          4          0          0          0        140   dnaninf.o
        12          0          0          0          0        116   dretinf.o
        86          4          0          0          0        132   f2d.o
       140          4          0          0          0        132   fnaninf.o
        26          0          0          0          0        116   fpinit.o
        10          0          0          0          0        116   fretinf.o
         4          0          0          0          0        116   printf1.o
         4          0          0          0          0        116   printf2.o
         0          0          0          0          0          0   usenofp.o
        48          0          0          0          0        124   fpclassify.o

    ----------------------------------------------------------------------
     40308       1224       4364          0        380      12803   Library Totals
        26          4          1          0          0          0   (incl. Padding)

    ----------------------------------------------------------------------

      Code (inc. data)   RO Data    RW Data    ZI Data      Debug   Library Name

     32122        928       3812          0        284       7047   STL_Lib.a
      7198        264        551          0         96       4240   c_w.l
       914         28          0          0          0       1392   fz_wm.l
        48          0          0          0          0        124   m_wm.l

    ----------------------------------------------------------------------
     40308       1224       4364          0        380      12803   Library Totals

    ----------------------------------------------------------------------

==============================================================================


      Code (inc. data)   RO Data    RW Data    ZI Data      Debug   

     66824       4254       9320         56      11448     233815   Grand Totals
     66824       4254       9320         56      11448     233815   ELF Image Totals
     66824       4254       9320         56          0          0   ROM Totals

==============================================================================

    Total RO  Size (Code + RO Data)                76144 (  74.36kB)
    Total RW  Size (RW Data + ZI Data)             11504 (  11.23kB)
    Total ROM Size (Code + RO Data + RW Data)      76200 (  74.41kB)

==============================================================================

