Component: Arm Compiler for Embedded 6.23 Tool: armlink [5f102400]

==============================================================================

Section Cross References

    main.o(.text.main) refers to stm32f4xx_hal.o(.text.HAL_Init) for HAL_Init
    main.o(.text.main) refers to stm32f4xx_hal.o(.text.HAL_Delay) for HAL_Delay
    main.o(.text.main) refers to stm32f4xx_hal_rcc.o(.text.HAL_RCC_OscConfig) for HAL_RCC_OscConfig
    main.o(.text.main) refers to stm32f4xx_hal_rcc.o(.text.HAL_RCC_ClockConfig) for HAL_RCC_ClockConfig
    main.o(.text.main) refers to stm32f4xx_hal.o(.text.HAL_GetREVID) for HAL_GetREVID
    main.o(.text.main) refers to device.o(.text.Device_Init) for Device_Init
    main.o(.text.main) refers to periph_stm32f4xx.o(.text.cprintf) for cprintf
    main.o(.text.main) refers to stl.o(.text.STL_Self_Test) for STL_Self_Test
    main.o(.text.main) refers to self_diagnose_perform.o(.text.Self_Diagnose_Perform) for Self_Diagnose_Perform
    main.o(.text.main) refers to device.o(.bss.serial3) for serial3
    main.o(.text.main) refers to rs232.o(.text.Rs232_Enable_Receiving) for Rs232_Enable_Receiving
    main.o(.text.main) refers to sysmon_thread.o(.text.Sysmon_Thread) for Sysmon_Thread
    main.o(.text.main) refers to deod_thread.o(.text.Deod_Thread) for Deod_Thread
    main.o(.text.main) refers to console_thread.o(.text.Console_Thread) for Console_Thread
    main.o(.ARM.exidx.text.main) refers to main.o(.text.main) for [Anonymous Symbol]
    device.o(.text.Device_Init) refers to device.o(.bss.Device_Init_LED._led) for Device_Init_LED._led
    device.o(.text.Device_Init) refers to device.o(.bss.run_led) for run_led
    device.o(.text.Device_Init) refers to led.o(.text.Led_Init) for Led_Init
    device.o(.text.Device_Init) refers to device.o(.rodata.str1.1) for .L.str.1
    device.o(.text.Device_Init) refers to device.o(.bss.der_led) for der_led
    device.o(.text.Device_Init) refers to device.o(.bss.e_eb_led) for e_eb_led
    device.o(.text.Device_Init) refers to device.o(.bss.hlt_led) for hlt_led
    device.o(.text.Device_Init) refers to device.o(.bss.obr_led) for obr_led
    device.o(.text.Device_Init) refers to device.o(.bss.del_led) for del_led
    device.o(.text.Device_Init) refers to device.o(.bss.e_obr_led) for e_obr_led
    device.o(.text.Device_Init) refers to device.o(.bss.e_der_led) for e_der_led
    device.o(.text.Device_Init) refers to device.o(.bss.e_obl_led) for e_obl_led
    device.o(.text.Device_Init) refers to device.o(.bss.e_del_led) for e_del_led
    device.o(.text.Device_Init) refers to device.o(.bss.obl_led) for obl_led
    device.o(.text.Device_Init) refers to device.o(.bss.Device_Init_Console._serial) for Device_Init_Console._serial
    device.o(.text.Device_Init) refers to device.o(.bss.Device_Init_Console._serial_buf_tx) for Device_Init_Console._serial_buf_tx
    device.o(.text.Device_Init) refers to device.o(.bss.Device_Init_Console._serial_buf_rx) for Device_Init_Console._serial_buf_rx
    device.o(.text.Device_Init) refers to device.o(.bss.Device_Init_Console._serial_buf_printf) for Device_Init_Console._serial_buf_printf
    device.o(.text.Device_Init) refers to device.o(.bss.Device_Init_Console._hserial) for Device_Init_Console._hserial
    device.o(.text.Device_Init) refers to device.o(.bss.serial3) for serial3
    device.o(.text.Device_Init) refers to rs232.o(.text.Rs232_Init) for Rs232_Init
    device.o(.text.Device_Init) refers to device.o(.bss.Device_Init_Relay_Output._rly) for Device_Init_Relay_Output._rly
    device.o(.text.Device_Init) refers to device.o(.bss.eb1_out) for eb1_out
    device.o(.text.Device_Init) refers to relay.o(.text.Relay_Init) for Relay_Init
    device.o(.text.Device_Init) refers to device.o(.bss.eb2_out) for eb2_out
    device.o(.text.Device_Init) refers to device.o(.bss.dmpc_out) for dmpc_out
    device.o(.text.Device_Init) refers to device.o(.bss.hlt_out) for hlt_out
    device.o(.text.Device_Init) refers to device.o(.bss.obr_out) for obr_out
    device.o(.text.Device_Init) refers to device.o(.bss.der_out) for der_out
    device.o(.text.Device_Init) refers to device.o(.bss.obl_out) for obl_out
    device.o(.text.Device_Init) refers to device.o(.bss.del_out) for del_out
    device.o(.text.Device_Init) refers to device.o(.bss.Device_Init_Sensor_Test_Out._sout) for Device_Init_Sensor_Test_Out._sout
    device.o(.text.Device_Init) refers to device.o(.bss.mcu_test1) for mcu_test1
    device.o(.text.Device_Init) refers to digital_output.o(.text.DO_Init) for DO_Init
    device.o(.text.Device_Init) refers to device.o(.bss.mcu_test2) for mcu_test2
    device.o(.text.Device_Init) refers to device.o(.bss.mcu_test3) for mcu_test3
    device.o(.text.Device_Init) refers to device.o(.bss.mcu_test4) for mcu_test4
    device.o(.text.Device_Init) refers to device.o(.bss.Device_Init_Sensor_Test_Out._snp_out) for Device_Init_Sensor_Test_Out._snp_out
[...]
    STL_TM_CPU_TM5LdrbStrbRdRnImm            0x0801e1d1   Thumb Code     0  stl_tm_cpu_5_load_store.o(text)
    STL_TM_CPU_TM5LdrStrRdRnRm               0x0801e215   Thumb Code     0  stl_tm_cpu_5_load_store.o(text)
    STL_TM_CPU_TM5LdrhStrhRdRnRm             0x0801e235   Thumb Code     0  stl_tm_cpu_5_load_store.o(text)
    STL_TM_CPU_TM5LdrshStrhRdRnRm            0x0801e255   Thumb Code     0  stl_tm_cpu_5_load_store.o(text)
    STL_TM_CPU_TM5LdrbStrbRdRnRm             0x0801e275   Thumb Code     0  stl_tm_cpu_5_load_store.o(text)
    STL_TM_CPU_TM5LdmRnRegStmRnReg           0x0801e295   Thumb Code     0  stl_tm_cpu_5_load_store.o(text)
    STL_TM_CPU_TM5LdrsbStrbRtRnOffset        0x0801e2d9   Thumb Code     0  stl_tm_cpu_5_load_store_2.o(text)
    STL_TM_CPU_TM5LdrdStrdRtRt2RnOffset      0x0801e33d   Thumb Code     0  stl_tm_cpu_5_load_store_2.o(text)
    STL_TM_CPU_TM6LslsRdRdRsTest             0x0801e35d   Thumb Code     0  stl_tm_cpu_6_shift_rotate.o(text)
    STL_TM_CPU_TM6LsrsRdRdRsTest             0x0801e361   Thumb Code     0  stl_tm_cpu_6_shift_rotate.o(text)
    STL_TM_CPU_TM6AsrsRdRdRsTest             0x0801e365   Thumb Code     0  stl_tm_cpu_6_shift_rotate.o(text)
    STL_TM_CPU_TM6AsrsRdRmImmTest            0x0801e369   Thumb Code     0  stl_tm_cpu_6_shift_rotate.o(text)
    STL_TM_CPU_TM6RorsRdRdRsTest             0x0801e36d   Thumb Code     0  stl_tm_cpu_6_shift_rotate.o(text)
    STL_TM_CPU_TM6LsrsRdRmImmTest            0x0801e371   Thumb Code     0  stl_tm_cpu_6_shift_rotate.o(text)
    STL_TM_CPU_TM6LslsRdRmImmTest            0x0801e375   Thumb Code     0  stl_tm_cpu_6_shift_rotate.o(text)
    STL_TM_CPU_TM6RevRdRmTest                0x0801e379   Thumb Code     0  stl_tm_cpu_6_shift_rotate.o(text)
    STL_TM_CPU_TM6Rev16RdRmTest              0x0801e37d   Thumb Code     0  stl_tm_cpu_6_shift_rotate.o(text)
    STL_TM_CPU_TM6RevshRdRmTest              0x0801e381   Thumb Code     0  stl_tm_cpu_6_shift_rotate.o(text)
    STL_TM_CPU_TM6MovRdRmTest                0x0801e385   Thumb Code     0  stl_tm_cpu_6_shift_rotate.o(text)
    STL_TM_CPU_TM6RrxRdRmTest                0x0801e5e9   Thumb Code     0  stl_tm_cpu_6_shift_rotate_2.o(text)
    STL_TM_CPU_TM6SbfxRdRnLsb0Width16Test    0x0801e5ef   Thumb Code     0  stl_tm_cpu_6_shift_rotate_2.o(text)
    STL_TM_CPU_TM6UbfxRdRnLsb0Width16Test    0x0801e5f5   Thumb Code     0  stl_tm_cpu_6_shift_rotate_2.o(text)
    STL_TM_CPU_TM6SbfxRdRnLsb16Width16Test   0x0801e5fb   Thumb Code     0  stl_tm_cpu_6_shift_rotate_2.o(text)
    STL_TM_CPU_TM6UbfxRdRnLsb16Width16Test   0x0801e601   Thumb Code     0  stl_tm_cpu_6_shift_rotate_2.o(text)
    STL_TM_CPU_TM6BfcRdLsb0Width31Test       0x0801e607   Thumb Code     0  stl_tm_cpu_6_shift_rotate_2.o(text)
    STL_TM_CPU_TM6BfiRdRnLsb0Width31Test     0x0801e60d   Thumb Code     0  stl_tm_cpu_6_shift_rotate_2.o(text)
    STL_TM_CPU_TM6BfcRdLsb8Width16Test       0x0801e613   Thumb Code     0  stl_tm_cpu_6_shift_rotate_2.o(text)
    STL_TM_CPU_TM6BfiRdRnLsb8Width16Test     0x0801e619   Thumb Code     0  stl_tm_cpu_6_shift_rotate_2.o(text)
    STL_TM_CPU_TM6ClzRdRmTest                0x0801e61f   Thumb Code     0  stl_tm_cpu_6_shift_rotate_2.o(text)
    STL_TM_CPU_TM7PushPop                    0x0801e625   Thumb Code     0  stl_tm_cpu_7_stack_ptr.o(text)
    STL_TM_CPU_TM8StressLoadStore            0x0801e645   Thumb Code     0  stl_tm_cpu_8_pipeline.o(text)
    STL_TM_CPU_TM8HazardLoadStore            0x0801e6cb   Thumb Code     0  stl_tm_cpu_8_pipeline.o(text)
    STL_TM_CPU_TM8StressLoadMov              0x0801e799   Thumb Code     0  stl_tm_cpu_8_pipeline.o(text)
    STL_TM_CPU_TM8StressMov                  0x0801e7f7   Thumb Code     0  stl_tm_cpu_8_pipeline.o(text)
    STL_TM_CPU_TM8HazardMov                  0x0801e84d   Thumb Code     0  stl_tm_cpu_8_pipeline.o(text)
    STL_TM_CPU_TM8StressMul                  0x0801e8b7   Thumb Code     0  stl_tm_cpu_8_pipeline.o(text)
    STL_TM_CPU_TM8HazardMul                  0x0801e8ff   Thumb Code     0  stl_tm_cpu_8_pipeline.o(text)
    STL_TM_CPU_TM8StressAdd                  0x0801e95b   Thumb Code     0  stl_tm_cpu_8_pipeline.o(text)
    STL_TM_CPU_TM8HazardAdd                  0x0801e9a3   Thumb Code     0  stl_tm_cpu_8_pipeline.o(text)
    STL_TM_CPU_TM8StressMulAdd               0x0801ea09   Thumb Code     0  stl_tm_cpu_8_pipeline_2.o(text)
    STL_TM_CPU_TM8StressMulRor               0x0801ea51   Thumb Code     0  stl_tm_cpu_8_pipeline_2.o(text)
    STL_TM_CPU_TM8StressUdivSub              0x0801ea95   Thumb Code     0  stl_tm_cpu_8_pipeline_2.o(text)
    STL_TM_CPU_TM8StressUdivLsl              0x0801eae1   Thumb Code     0  stl_tm_cpu_8_pipeline_2.o(text)
    STL_TM_CPU_TM8StressLoadStoreMulRor      0x0801eb2d   Thumb Code     0  stl_tm_cpu_8_pipeline_2.o(text)
    STL_TM_CPU_TM8StressLoadStoreLsrMul      0x0801eb8b   Thumb Code     0  stl_tm_cpu_8_pipeline_2.o(text)
    STL_TM_CPU_TM8StressUdivLsrLoadStore     0x0801ebe9   Thumb Code     0  stl_tm_cpu_8_pipeline_2.o(text)
    STL_TM_CPU_TM8HazardOverall1             0x0801ec5b   Thumb Code     0  stl_tm_cpu_8_pipeline_2.o(text)
    STL_TM_CPU_TM9Smmla1Test                 0x0801ed01   Thumb Code     0  stl_tm_cpu_9_dsp_func.o(text)
    STL_TM_CPU_TM9Smmla2Test                 0x0801ed07   Thumb Code     0  stl_tm_cpu_9_dsp_func.o(text)
    STL_TM_CPU_TM9Smmla3Test                 0x0801ed17   Thumb Code     0  stl_tm_cpu_9_dsp_func.o(text)
    STL_TM_CPU_TM9Smmla4Test                 0x0801ed2b   Thumb Code     0  stl_tm_cpu_9_dsp_func.o(text)
    STL_TM_CPU_TM9Smmla5Test                 0x0801ed3f   Thumb Code     0  stl_tm_cpu_9_dsp_func.o(text)
    STL_TM_CPU_TM9SmmlsTest                  0x0801ed4f   Thumb Code     0  stl_tm_cpu_9_dsp_func.o(text)
    STL_TM_CPU_TM9SmmlarTest                 0x0801ed55   Thumb Code     0  stl_tm_cpu_9_dsp_func.o(text)
    STL_TM_CPU_TM9SmmlsrTest                 0x0801ed5b   Thumb Code     0  stl_tm_cpu_9_dsp_func.o(text)
    STL_TM_CPU_TM9SmmulrTest                 0x0801ed61   Thumb Code     0  stl_tm_cpu_9_dsp_func.o(text)
    STL_TM_CPU_TM9SmlalTest                  0x0801ed67   Thumb Code     0  stl_tm_cpu_9_dsp_func.o(text)
    STL_TM_CPU_TM9SmlalbbAllRegTest          0x0801edc3   Thumb Code     0  stl_tm_cpu_9_dsp_func.o(text)
    STL_TM_CPU_TM9SmlabbTest                 0x0801ee23   Thumb Code     0  stl_tm_cpu_9_dsp_func.o(text)
    STL_TM_CPU_TM9SmlabtTest                 0x0801ee29   Thumb Code     0  stl_tm_cpu_9_dsp_func.o(text)
    STL_TM_CPU_TM9SmulbbTest                 0x0801ee2f   Thumb Code     0  stl_tm_cpu_9_dsp_func.o(text)
    STL_TM_CPU_TM9SmulttTest                 0x0801ee35   Thumb Code     0  stl_tm_cpu_9_dsp_func.o(text)
    STL_TM_CPU_TM9SmulwtTest                 0x0801ee3b   Thumb Code     0  stl_tm_cpu_9_dsp_func.o(text)
    STL_TM_CPU_TM9SmusdTest                  0x0801ee41   Thumb Code     0  stl_tm_cpu_9_dsp_func.o(text)
    STL_TM_CPU_TM9SmlattTest                 0x0801ee47   Thumb Code     0  stl_tm_cpu_9_dsp_func.o(text)
    STL_TM_CPU_TM9SmuadTest                  0x0801ee4d   Thumb Code     0  stl_tm_cpu_9_dsp_func.o(text)
    STL_TM_CPU_TM9UmaalTest                  0x0801ee53   Thumb Code     0  stl_tm_cpu_9_dsp_func.o(text)
    STL_TM_CPU_TM9Ssat16N16Test              0x0801ee75   Thumb Code     0  stl_tm_cpu_9_dsp_func.o(text)
    STL_TM_CPU_TM9Ssat16N1Test               0x0801ee7b   Thumb Code     0  stl_tm_cpu_9_dsp_func.o(text)
    STL_TM_CPU_TM9Ssat16N8Test               0x0801ee81   Thumb Code     0  stl_tm_cpu_9_dsp_func.o(text)
    STL_TM_CPU_TM9Usat16N15Test              0x0801ee87   Thumb Code     0  stl_tm_cpu_9_dsp_func.o(text)
    STL_TM_CPU_TM9Usat16N0Test               0x0801ee8d   Thumb Code     0  stl_tm_cpu_9_dsp_func.o(text)
    STL_TM_CPU_TM9Usat16N7Test               0x0801ee93   Thumb Code     0  stl_tm_cpu_9_dsp_func.o(text)
    STL_TM_CPU_TM9Uqadd16Test                0x0801ee99   Thumb Code     0  stl_tm_cpu_9_dsp_func.o(text)
    STL_TM_CPU_TM9Uqadd8Test                 0x0801ee9f   Thumb Code     0  stl_tm_cpu_9_dsp_func.o(text)
    STL_TM_CPU_TM9PkhtbTest                  0x0801eea5   Thumb Code     0  stl_tm_cpu_9_dsp_func.o(text)
    STL_TM_CPU_TM9SxthTest                   0x0801eeab   Thumb Code     0  stl_tm_cpu_9_dsp_func.o(text)
    STL_TM_CPU_TM9UxthTest                   0x0801eeaf   Thumb Code     0  stl_tm_cpu_9_dsp_func.o(text)
    STL_TM_CPU_TM9QdaddTest                  0x0801eeb3   Thumb Code     0  stl_tm_cpu_9_dsp_func.o(text)
    STL_TM_CPU_TM9Uhadd16Test                0x0801eeb9   Thumb Code     0  stl_tm_cpu_9_dsp_func.o(text)
    STL_TM_CPU_TM9Usada8Test                 0x0801eebf   Thumb Code     0  stl_tm_cpu_9_dsp_func.o(text)
    STL_TM_CPU_TM9Uqsub16Test                0x0801eec5   Thumb Code     0  stl_tm_cpu_9_dsp_func.o(text)
    STL_TM_CPU_TM9Uqsub8Test                 0x0801eecb   Thumb Code     0  stl_tm_cpu_9_dsp_func.o(text)
    STL_TM_CPU_TM9UqasxTest                  0x0801eed1   Thumb Code     0  stl_tm_cpu_9_dsp_func.o(text)
    STL_TM_CPU_TM9QsaxTest                   0x0801eed7   Thumb Code     0  stl_tm_cpu_9_dsp_func.o(text)
    STL_TM_CPU_TM9UhsaxTest                  0x0801eedd   Thumb Code     0  stl_tm_cpu_9_dsp_func.o(text)
    STL_TM_CPU_TM9IdStressTest               0x0801eeed   Thumb Code     0  stl_tm_cpu_9_dsp_func_2.o(text)
    STL_TM_RAM_MarchCXStep                   0x0801f19d   Thumb Code     0  stl_tm_ram_march-c_test.o(text)
    STL_TM_RAM_StartSub_MarchCXStep          0x0801f23f   Thumb Code     0  stl_tm_ram_march-c_test.o(text)
    STL_TM_RAM_EndSub_MarchCXStep            0x0801f2dd   Thumb Code     0  stl_tm_ram_march-c_test.o(text)
    STL_TM_RAM_BckUpBuf_MarchCXStep          0x0801f37b   Thumb Code     0  stl_tm_ram_march-c_test.o(text)
    __aeabi_d2f                              0x0801f3fd   Thumb Code     0  d2f.o(x$fpl$d2f)
    _d2f                                     0x0801f3fd   Thumb Code    98  d2f.o(x$fpl$d2f)
    __aeabi_ui2d                             0x0801f45f   Thumb Code     0  dflt_clz.o(x$fpl$dfltu)
    _dfltu                                   0x0801f45f   Thumb Code    38  dflt_clz.o(x$fpl$dfltu)
    __aeabi_dmul                             0x0801f485   Thumb Code     0  dmul.o(x$fpl$dmul)
    _dmul                                    0x0801f485   Thumb Code   332  dmul.o(x$fpl$dmul)
    __fpl_dnaninf                            0x0801f5d9   Thumb Code   156  dnaninf.o(x$fpl$dnaninf)
    __fpl_dretinf                            0x0801f675   Thumb Code    12  dretinf.o(x$fpl$dretinf)
    __aeabi_f2d                              0x0801f681   Thumb Code     0  f2d.o(x$fpl$f2d)
    _f2d                                     0x0801f681   Thumb Code    86  f2d.o(x$fpl$f2d)
    __fpl_fnaninf                            0x0801f6d7   Thumb Code   140  fnaninf.o(x$fpl$fnaninf)
    _fp_init                                 0x0801f763   Thumb Code    26  fpinit.o(x$fpl$fpinit)
    __fplib_config_fpu_vfp                   0x0801f77b   Thumb Code     0  fpinit.o(x$fpl$fpinit)
    __fplib_config_pureend_doubles           0x0801f77b   Thumb Code     0  fpinit.o(x$fpl$fpinit)
    __fpl_fretinf                            0x0801f77d   Thumb Code    10  fretinf.o(x$fpl$fretinf)
    _printf_fp_dec                           0x0801f787   Thumb Code     4  printf1.o(x$fpl$printf1)
    _printf_fp_hex                           0x0801f78b   Thumb Code     4  printf2.o(x$fpl$printf2)
    __I$use$fp                               0x0801f78e   Number         0  usenofp.o(x$fpl$usenofp)
    StlCrc32LookUpTable                      0x0801f928   Data        1024  stl_tm_cpu.o(.rodata)
    StlCpuTm10SuccessBranchTag               0x0801fd90   Data           4  stl_tm_cpu_10.o(.rodata)
    StlCpuTm10FailureBranchTag               0x0801fd94   Data           4  stl_tm_cpu_10.o(.rodata)
    StlCpuTm10SxTag                          0x0801fd98   Data         128  stl_tm_cpu_10.o(.rodata)
    StlCpuTm11BufPattern                     0x0801ff48   Data          64  stl_tm_cpu_11.o(.rodata)
    StlCpuTm11SuccessBranchTag               0x0801ff88   Data           4  stl_tm_cpu_11.o(.rodata)
    StlCpuTm11FailureBranchTag               0x0801ff8c   Data           4  stl_tm_cpu_11.o(.rodata)
    StlCpuTm1RegPattern                      0x0801ff90   Data          24  stl_tm_cpu_1l.o(.rodata)
    StlCpuTm4CmpImmTag1                      0x08020238   Data           4  stl_tm_cpu_4.o(.rodata)
    StlCpuTm4CmpImmTag2                      0x0802023c   Data           4  stl_tm_cpu_4.o(.rodata)
    StlCpuTm4CmpImmTag3                      0x08020240   Data           4  stl_tm_cpu_4.o(.rodata)
    StlCpuTm4CmpImmTag4                      0x08020244   Data           4  stl_tm_cpu_4.o(.rodata)
    StlCpuTm5BufPattern                      0x08020248   Data          64  stl_tm_cpu_5.o(.rodata)
    StlCpuTm6MovTag                          0x080202c0   Data           4  stl_tm_cpu_6.o(.rodata)
    StlCpuTm7StackPattern                    0x080202c4   Data          64  stl_tm_cpu_7.o(.rodata)
    StlCpuTm8PipelinePattern                 0x08020304   Data          16  stl_tm_cpu_8.o(.rodata)
    StlCpuTm8PipelinePatternAdditional       0x08020314   Data           4  stl_tm_cpu_8.o(.rodata)
    aMulPattern                              0x08020498   Data         256  stl_tm_cpu_9.o(.rodata)
    aMainSetPattern                          0x08020598   Data           8  stl_tm_cpu_9.o(.rodata)
    aNonTrivialValue                         0x080205a0   Data         428  stl_tm_cpu_9.o(.rodata)
    StlTmRamStandardOrder                    0x0802074c   Data          36  stl_tm_ram.o(.rodata)
    AHBPrescTable                            0x0802082c   Data          16  system_stm32f4xx.o(.rodata.AHBPrescTable)
    APBPrescTable                            0x0802083c   Data           8  system_stm32f4xx.o(.rodata.APBPrescTable)
    Region$$Table$$Base                      0x08021654   Number         0  anon$$obj.o(Region$$Table)
    Region$$Table$$Limit                     0x08021674   Number         0  anon$$obj.o(Region$$Table)
    __ctype                                  0x0802169d   Data           0  lc_ctype_c.o(locale$$data)
    STL_RomEnd                               0x20000000   Data           4  stl_user_param_template.o(.data.STL_RomEnd)
    STL_RomStart                             0x20000004   Data           4  stl_user_param_template.o(.data.STL_RomStart)
    STL_pRamTmBckUpBuf                       0x20000008   Data           4  stl_user_param_template.o(.data.STL_pRamTmBckUpBuf)
    SystemCoreClock                          0x2000000c   Data           4  system_stm32f4xx.o(.data.SystemCoreClock)
    uwTickFreq                               0x20000010   Data           1  stm32f4xx_hal.o(.data.uwTickFreq)
    uwTickPrio                               0x20000014   Data           4  stm32f4xx_hal.o(.data.uwTickPrio)
    STL_aRamTmBckUpBuf                       0x20000018   Data          32  stl_user_param_template.o(backup_buffer_section)
    BranchTable_Byte                         0x2000011c   Data           8  stl_tm_cpu_4.o(.bss)
    BranchTable_HalfWord                     0x20000124   Data          12  stl_tm_cpu_4.o(.bss)
    StlCpuTm8PipelineVar                     0x20000130   Data           4  stl_tm_cpu_8.o(.bss)
    __libspace_start                         0x20000154   Data          96  libspace.o(.bss)
    __temporary_stack_top$libspace           0x200001b4   Data           0  libspace.o(.bss)
    del_led                                  0x20001f6c   Data           4  device.o(.bss.del_led)
    del_out                                  0x20001f70   Data           4  device.o(.bss.del_out)
    der_led                                  0x20001f74   Data           4  device.o(.bss.der_led)
    der_out                                  0x20001f78   Data           4  device.o(.bss.der_out)
    din                                      0x20001f7c   Data          32  device.o(.bss.din)
    dmpc_out                                 0x20001f9c   Data           4  device.o(.bss.dmpc_out)
    e_del_led                                0x20001fa0   Data           4  device.o(.bss.e_del_led)
    e_der_led                                0x20001fa4   Data           4  device.o(.bss.e_der_led)
    e_eb_led                                 0x20001fa8   Data           4  device.o(.bss.e_eb_led)
    e_obl_led                                0x20001fac   Data           4  device.o(.bss.e_obl_led)
    e_obr_led                                0x20001fb0   Data           4  device.o(.bss.e_obr_led)
    eb1_out                                  0x20001fb4   Data           4  device.o(.bss.eb1_out)
    eb2_out                                  0x20001fb8   Data           4  device.o(.bss.eb2_out)
    fpin_1                                   0x20001fbc   Data           4  device.o(.bss.fpin_1)
    fpin_2                                   0x20001fc0   Data           4  device.o(.bss.fpin_2)
    g_DEOD_Check_timer                       0x20001fc4   Data           4  deod_thread.o(.bss.g_DEOD_Check_timer)
    g_Flt_Signal_timer                       0x20001fc8   Data           4  sysmon_thread.o(.bss.g_Flt_Signal_timer)
    g_Low_Voltage_Check_timer                0x20001fcc   Data           4  deod_thread.o(.bss.g_Low_Voltage_Check_timer)
    g_Pwr_Ok_timer                           0x20001fd0   Data           4  sysmon_thread.o(.bss.g_Pwr_Ok_timer)
    g_Run_Led_timer                          0x20001fd4   Data           4  sysmon_thread.o(.bss.g_Run_Led_timer)
    g_Temp_check_timer                       0x20001fd8   Data           4  sysmon_thread.o(.bss.g_Temp_check_timer)
    g_Watch_Dog_timer                        0x20001fdc   Data           2  sysmon_thread.o(.bss.g_Watch_Dog_timer)
    g_Watchdog_Check_Pin_Timer               0x20001fde   Data           2  sysmon_thread.o(.bss.g_Watchdog_Check_Pin_Timer)
    g_device_temper                          0x20001fe0   Data           4  sysmon_thread.o(.bss.g_device_temper)
    g_monitor_flag                           0x20001fe4   Data           1  console_thread.o(.bss.g_monitor_flag)
    g_temper_flag                            0x20001fe5   Data           1  console_thread.o(.bss.g_temper_flag)
    hadc1                                    0x20001fe8   Data          72  device.o(.bss.hadc1)
    hi2c1                                    0x20002030   Data          84  device.o(.bss.hi2c1)
    hlt_led                                  0x20002084   Data           4  device.o(.bss.hlt_led)
    hlt_out                                  0x20002088   Data           4  device.o(.bss.hlt_out)
    mcu_test1                                0x2000208c   Data           4  device.o(.bss.mcu_test1)
    mcu_test2                                0x20002090   Data           4  device.o(.bss.mcu_test2)
    mcu_test3                                0x20002094   Data           4  device.o(.bss.mcu_test3)
    mcu_test4                                0x20002098   Data           4  device.o(.bss.mcu_test4)
    obl_led                                  0x2000209c   Data           4  device.o(.bss.obl_led)
    obl_out                                  0x200020a0   Data           4  device.o(.bss.obl_out)
    obr_led                                  0x200020a4   Data           4  device.o(.bss.obr_led)
    obr_out                                  0x200020a8   Data           4  device.o(.bss.obr_out)
    pwrin                                    0x200020ac   Data           4  device.o(.bss.pwrin)
    run_led                                  0x200020b0   Data           4  device.o(.bss.run_led)
    sdin                                     0x200020b4   Data          16  device.o(.bss.sdin)
    serial3                                  0x200020c4   Data           4  device.o(.bss.serial3)
    snp_out                                  0x200020c8   Data           4  device.o(.bss.snp_out)
    uwTick                                   0x200020cc   Data           4  stm32f4xx_hal.o(.bss.uwTick)
    wdog                                     0x200020d0   Data           4  device.o(.bss.wdog)
    wdt_ok                                   0x200020d4   Data           4  device.o(.bss.wdt_ok)



==============================================================================

Memory Map of the image

  Image Entry point : 0x08010189

  Load Region LR_IROM1 (Base: 0x08010000, Size: 0x000117d8, Max: 0x00100000, ABSOLUTE)

    Execution Region ER_IROM1 (Exec base: 0x08010000, Load base: 0x08010000, Size: 0x000117a0, Max: 0x00100000, ABSOLUTE)

    Exec Addr    Load Addr    Size         Type   Attr      Idx    E Section Name        Object

    0x08010000   0x08010000   0x00000188   Data   RO         1256    RESET               startup_stm32f407xx.o
    0x08010188   0x08010188   0x00000008   Code   RO         1669  * !!!main             c_w.l(__main.o)
    0x08010190   0x08010190   0x0000005c   Code   RO         2010    !!!scatter          c_w.l(__scatter.o)
    0x080101ec   0x080101ec   0x0000001a   Code   RO         2014    !!handler_copy      c_w.l(__scatter_copy.o)
    0x08010206   0x08010206   0x00000002   PAD
    0x08010208   0x08010208   0x00000002   Code   RO         2011    !!handler_null      c_w.l(__scatter.o)
    0x0801020a   0x0801020a   0x00000002   PAD
    0x0801020c   0x0801020c   0x0000001c   Code   RO         2016    !!handler_zi        c_w.l(__scatter_zi.o)
    0x08010228   0x08010228   0x00000000   Code   RO         1660    .ARM.Collect$$_printf_percent$$00000000  c_w.l(_printf_percent.o)
    0x08010228   0x08010228   0x00000006   Code   RO         1734    .ARM.Collect$$_printf_percent$$00000001  c_w.l(_printf_n.o)
    0x0801022e   0x0801022e   0x00000006   Code   RO         1736    .ARM.Collect$$_printf_percent$$00000002  c_w.l(_printf_p.o)
    0x08010234   0x08010234   0x00000006   Code   RO         1740    .ARM.Collect$$_printf_percent$$00000003  c_w.l(_printf_f.o)
    0x0801023a   0x0801023a   0x00000006   Code   RO         1741    .ARM.Collect$$_printf_percent$$00000004  c_w.l(_printf_e.o)
    0x08010240   0x08010240   0x00000006   Code   RO         1742    .ARM.Collect$$_printf_percent$$00000005  c_w.l(_printf_g.o)
    0x08010246   0x08010246   0x00000006   Code   RO         1743    .ARM.Collect$$_printf_percent$$00000006  c_w.l(_printf_a.o)
    0x0801024c   0x0801024c   0x0000000a   Code   RO         1748    .ARM.Collect$$_printf_percent$$00000007  c_w.l(_printf_ll.o)
    0x08010256   0x08010256   0x00000006   Code   RO         1738    .ARM.Collect$$_printf_percent$$00000008  c_w.l(_printf_i.o)
    0x0801025c   0x0801025c   0x00000006   Code   RO         1659    .ARM.Collect$$_printf_percent$$00000009  c_w.l(_printf_d.o)
    0x08010262   0x08010262   0x00000006   Code   RO         1739    .ARM.Collect$$_printf_percent$$0000000A  c_w.l(_printf_u.o)
    0x08010268   0x08010268   0x00000006   Code   RO         1737    .ARM.Collect$$_printf_percent$$0000000B  c_w.l(_printf_o.o)
    0x0801026e   0x0801026e   0x00000006   Code   RO         1735    .ARM.Collect$$_printf_percent$$0000000C  c_w.l(_printf_x.o)
    0x08010274   0x08010274   0x00000006   Code   RO         1745    .ARM.Collect$$_printf_percent$$0000000D  c_w.l(_printf_lli.o)
    0x0801027a   0x0801027a   0x00000006   Code   RO         1746    .ARM.Collect$$_printf_percent$$0000000E  c_w.l(_printf_lld.o)
    0x08010280   0x08010280   0x00000006   Code   RO         1747    .ARM.Collect$$_printf_percent$$0000000F  c_w.l(_printf_llu.o)
    0x08010286   0x08010286   0x00000006   Code   RO         1752    .ARM.Collect$$_printf_percent$$00000010  c_w.l(_printf_llo.o)
    0x0801028c   0x0801028c   0x00000006   Code   RO         1753    .ARM.Collect$$_printf_percent$$00000011  c_w.l(_printf_llx.o)
    0x08010292   0x08010292   0x0000000a   Code   RO         1749    .ARM.Collect$$_printf_percent$$00000012  c_w.l(_printf_l.o)
    0x0801029c   0x0801029c   0x00000006   Code   RO         1732    .ARM.Collect$$_printf_percent$$00000013  c_w.l(_printf_c.o)
    0x080102a2   0x080102a2   0x00000006   Code   RO         1733    .ARM.Collect$$_printf_percent$$00000014  c_w.l(_printf_s.o)
    0x080102a8   0x080102a8   0x00000006   Code   RO         1750    .ARM.Collect$$_printf_percent$$00000015  c_w.l(_printf_lc.o)
    0x080102ae   0x080102ae   0x00000006   Code   RO         1751    .ARM.Collect$$_printf_percent$$00000016  c_w.l(_printf_ls.o)
    0x080102b4   0x080102b4   0x00000004   Code   RO         1744    .ARM.Collect$$_printf_percent$$00000017  c_w.l(_printf_percent_end.o)
    0x080102b8   0x080102b8   0x00000002   Code   RO         1859    .ARM.Collect$$libinit$$00000000  c_w.l(libinit.o)
    0x080102ba   0x080102ba   0x00000004   Code   RO         1882    .ARM.Collect$$libinit$$00000001  c_w.l(libinit2.o)
    0x080102be   0x080102be   0x00000000   Code   RO         1885    .ARM.Collect$$libinit$$00000004  c_w.l(libinit2.o)
    0x080102be   0x080102be   0x00000000   Code   RO         1887    .ARM.Collect$$libinit$$00000006  c_w.l(libinit2.o)
    0x080102be   0x080102be   0x00000000   Code   RO         1890    .ARM.Collect$$libinit$$0000000C  c_w.l(libinit2.o)
    0x080102be   0x080102be   0x00000000   Code   RO         1892    .ARM.Collect$$libinit$$0000000E  c_w.l(libinit2.o)
    0x080102be   0x080102be   0x00000000   Code   RO         1894    .ARM.Collect$$libinit$$00000010  c_w.l(libinit2.o)
    0x080102be   0x080102be   0x00000006   Code   RO         1895    .ARM.Collect$$libinit$$00000011  c_w.l(libinit2.o)
    0x080102c4   0x080102c4   0x00000000   Code   RO         1897    .ARM.Collect$$libinit$$00000013  c_w.l(libinit2.o)
    0x080102c4   0x080102c4   0x0000000c   Code   RO         1898    .ARM.Collect$$libinit$$00000014  c_w.l(libinit2.o)
    0x080102d0   0x080102d0   0x00000000   Code   RO         1899    .ARM.Collect$$libinit$$00000015  c_w.l(libinit2.o)
    0x080102d0   0x080102d0   0x00000000   Code   RO         1901    .ARM.Collect$$libinit$$00000017  c_w.l(libinit2.o)
    0x080102d0   0x080102d0   0x0000000a   Code   RO         1902    .ARM.Collect$$libinit$$00000018  c_w.l(libinit2.o)
    0x080102da   0x080102da   0x00000000   Code   RO         1903    .ARM.Collect$$libinit$$00000019  c_w.l(libinit2.o)
    0x080102da   0x080102da   0x00000000   Code   RO         1905    .ARM.Collect$$libinit$$0000001B  c_w.l(libinit2.o)
    0x080102da   0x080102da   0x00000000   Code   RO         1907    .ARM.Collect$$libinit$$0000001D  c_w.l(libinit2.o)
    0x080102da   0x080102da   0x00000000   Code   RO         1909    .ARM.Collect$$libinit$$0000001F  c_w.l(libinit2.o)
    0x080102da   0x080102da   0x00000000   Code   RO         1911    .ARM.Collect$$libinit$$00000021  c_w.l(libinit2.o)
    0x080102da   0x080102da   0x00000000   Code   RO         1913    .ARM.Collect$$libinit$$00000023  c_w.l(libinit2.o)
    0x080102da   0x080102da   0x00000000   Code   RO         1915    .ARM.Collect$$libinit$$00000025  c_w.l(libinit2.o)
    0x080102da   0x080102da   0x00000000   Code   RO         1917    .ARM.Collect$$libinit$$00000027  c_w.l(libinit2.o)
    0x080102da   0x080102da   0x00000000   Code   RO         1921    .ARM.Collect$$libinit$$0000002E  c_w.l(libinit2.o)
    0x080102da   0x080102da   0x00000000   Code   RO         1923    .ARM.Collect$$libinit$$00000030  c_w.l(libinit2.o)
    0x080102da   0x080102da   0x00000000   Code   RO         1925    .ARM.Collect$$libinit$$00000032  c_w.l(libinit2.o)
    0x080102da   0x080102da   0x00000000   Code   RO         1927    .ARM.Collect$$libinit$$00000034  c_w.l(libinit2.o)
    0x080102da   0x080102da   0x00000002   Code   RO         1928    .ARM.Collect$$libinit$$00000035  c_w.l(libinit2.o)
    0x080102dc   0x080102dc   0x00000002   Code   RO         1965    .ARM.Collect$$libshutdown$$00000000  c_w.l(libshutdown.o)
    0x080102de   0x080102de   0x00000000   Code   RO         1993    .ARM.Collect$$libshutdown$$00000002  c_w.l(libshutdown2.o)
    0x080102de   0x080102de   0x00000000   Code   RO         1995    .ARM.Collect$$libshutdown$$00000004  c_w.l(libshutdown2.o)
    0x080102de   0x080102de   0x00000000   Code   RO         1998    .ARM.Collect$$libshutdown$$00000007  c_w.l(libshutdown2.o)
    0x080102de   0x080102de   0x00000000   Code   RO         2001    .ARM.Collect$$libshutdown$$0000000A  c_w.l(libshutdown2.o)
    0x080102de   0x080102de   0x00000000   Code   RO         2003    .ARM.Collect$$libshutdown$$0000000C  c_w.l(libshutdown2.o)
    0x080102de   0x080102de   0x00000000   Code   RO         2006    .ARM.Collect$$libshutdown$$0000000F  c_w.l(libshutdown2.o)
    0x080102de   0x080102de   0x00000002   Code   RO         2007    .ARM.Collect$$libshutdown$$00000010  c_w.l(libshutdown2.o)
    0x080102e0   0x080102e0   0x00000000   Code   RO         1683    .ARM.Collect$$rtentry$$00000000  c_w.l(__rtentry.o)
    0x080102e0   0x080102e0   0x00000000   Code   RO         1774    .ARM.Collect$$rtentry$$00000002  c_w.l(__rtentry2.o)
    0x080102e0   0x080102e0   0x00000006   Code   RO         1786    .ARM.Collect$$rtentry$$00000004  c_w.l(__rtentry4.o)
    0x080102e6   0x080102e6   0x00000000   Code   RO         1776    .ARM.Collect$$rtentry$$00000009  c_w.l(__rtentry2.o)
    0x080102e6   0x080102e6   0x00000004   Code   RO         1777    .ARM.Collect$$rtentry$$0000000A  c_w.l(__rtentry2.o)
    0x080102ea   0x080102ea   0x00000000   Code   RO         1779    .ARM.Collect$$rtentry$$0000000C  c_w.l(__rtentry2.o)
    0x080102ea   0x080102ea   0x00000008   Code   RO         1780    .ARM.Collect$$rtentry$$0000000D  c_w.l(__rtentry2.o)
    0x080102f2   0x080102f2   0x00000002   Code   RO         1867    .ARM.Collect$$rtexit$$00000000  c_w.l(rtexit.o)
    0x080102f4   0x080102f4   0x00000000   Code   RO         1934    .ARM.Collect$$rtexit$$00000002  c_w.l(rtexit2.o)
    0x080102f4   0x080102f4   0x00000004   Code   RO         1935    .ARM.Collect$$rtexit$$00000003  c_w.l(rtexit2.o)
    0x080102f8   0x080102f8   0x00000006   Code   RO         1936    .ARM.Collect$$rtexit$$00000004  c_w.l(rtexit2.o)
    0x080102fe   0x080102fe   0x00000002   PAD
    0x08010300   0x08010300   0x00000040   Code   RO         1257    .text               startup_stm32f407xx.o
    0x08010340   0x08010340   0x00001184   Code   RO         1283    .text               STL_Lib.a(stl_sch_main.o)
    0x080114c4   0x080114c4   0x0000003c   Code   RO         1327    .text               STL_Lib.a(stl_tm_cpu.o)
    0x08011500   0x08011500   0x00000134   Code   RO         1336    .text               STL_Lib.a(stl_tm_cpu_1.o)
    0x08011634   0x08011634   0x00000260   Code   RO         1347    .text               STL_Lib.a(stl_tm_cpu_10.o)
    0x08011894   0x08011894   0x0000088c   Code   RO         1371    .text               STL_Lib.a(stl_tm_cpu_11.o)
    0x08012120   0x08012120   0x00000140   Code   RO         1379    .text               STL_Lib.a(stl_tm_cpu_1l.o)
    0x08012260   0x08012260   0x000006e8   Code   RO         1387    .text               STL_Lib.a(stl_tm_cpu_2.o)
    0x08012948   0x08012948   0x000002e4   Code   RO         1404    .text               STL_Lib.a(stl_tm_cpu_3.o)
    0x08012c2c   0x08012c2c   0x00000250   Code   RO         1427    .text               STL_Lib.a(stl_tm_cpu_4.o)
    0x08012e7c   0x08012e7c   0x00000194   Code   RO         1436    .text               STL_Lib.a(stl_tm_cpu_5.o)
    0x08013010   0x08013010   0x0000029c   Code   RO         1449    .text               STL_Lib.a(stl_tm_cpu_6.o)
    0x080132ac   0x080132ac   0x00000058   Code   RO         1457    .text               STL_Lib.a(stl_tm_cpu_7.o)
    0x08013304   0x08013304   0x000000d8   Code   RO         1467    .text               STL_Lib.a(stl_tm_cpu_8.o)
    0x080133dc   0x080133dc   0x00000908   Code   RO         1478    .text               STL_Lib.a(stl_tm_cpu_9.o)
    0x08013ce4   0x08013ce4   0x000002f0   Code   RO         1486    .text               STL_Lib.a(stl_tm_flash.o)
    0x08013fd4   0x08013fd4   0x00000300   Code   RO         1503    .text               STL_Lib.a(stl_tm_ram.o)
    0x080142d4   0x080142d4   0x000000f0   Code   RO         1625    .text               c_w.l(lludivv7m.o)
    0x080143c4   0x080143c4   0x00000024   Code   RO         1627    .text               c_w.l(vsprintf.o)
    0x080143e8   0x080143e8   0x0000004e   Code   RO         1635    .text               c_w.l(_printf_pad.o)
    0x08014436   0x08014436   0x00000002   PAD
    0x08014438   0x08014438   0x00000078   Code   RO         1637    .text               c_w.l(_printf_dec.o)
    0x080144b0   0x080144b0   0x00000188   Code   RO         1656    .text               c_w.l(__printf_flags_ss_wp.o)
    0x08014638   0x08014638   0x00000064   Code   RO         1661    .text               c_w.l(rt_memcpy_w.o)
    0x0801469c   0x0801469c   0x00000010   Code   RO         1663    .text               c_w.l(aeabi_memset.o)
    0x080146ac   0x080146ac   0x0000004e   Code   RO         1665    .text               c_w.l(rt_memclr_w.o)
    0x080146fa   0x080146fa   0x00000006   Code   RO         1667    .text               c_w.l(heapauxi.o)
    0x08014700   0x08014700   0x00000024   Code   RO         1688    .text               c_w.l(_printf_truncate.o)
    0x08014724   0x08014724   0x00000052   Code   RO         1690    .text               c_w.l(_printf_str.o)
    0x08014776   0x08014776   0x000000b2   Code   RO         1692    .text               c_w.l(_printf_intcommon.o)
    0x08014828   0x08014828   0x00000028   Code   RO         1694    .text               c_w.l(_printf_charcount.o)
    0x08014850   0x08014850   0x00000030   Code   RO         1696    .text               c_w.l(_printf_char_common.o)
    0x08014880   0x08014880   0x0000000a   Code   RO         1698    .text               c_w.l(_sputc.o)
    0x0801488a   0x0801488a   0x00000002   PAD
    0x0801488c   0x0801488c   0x000000bc   Code   RO         1700    .text               c_w.l(_printf_wctomb.o)
    0x08014948   0x08014948   0x0000007c   Code   RO         1703    .text               c_w.l(_printf_longlong_dec.o)
    0x080149c4   0x080149c4   0x00000070   Code   RO         1709    .text               c_w.l(_printf_oct_int_ll.o)
    0x08014a34   0x08014a34   0x00000094   Code   RO         1729    .text               c_w.l(_printf_hex_int_ll_ptr.o)
    0x08014ac8   0x08014ac8   0x00000044   Code   RO         1754    .text               c_w.l(rt_memclr.o)
    0x08014b0c   0x08014b0c   0x0000008a   Code   RO         1790    .text               c_w.l(lludiv10.o)
    0x08014b96   0x08014b96   0x0000041c   Code   RO         1792    .text               c_w.l(_printf_fp_dec.o)
    0x08014fb2   0x08014fb2   0x00000002   PAD
    0x08014fb4   0x08014fb4   0x000002fc   Code   RO         1796    .text               c_w.l(_printf_fp_hex.o)
    0x080152b0   0x080152b0   0x0000002c   Code   RO         1801    .text               c_w.l(_printf_char.o)
    0x080152dc   0x080152dc   0x0000002c   Code   RO         1803    .text               c_w.l(_printf_wchar.o)
    0x08015308   0x08015308   0x00000048   Code   RO         1805    .text               c_w.l(_c16rtomb.o)
    0x08015350   0x08015350   0x0000004a   Code   RO         1807    .text               c_w.l(sys_stackheap_outer.o)
    0x0801539a   0x0801539a   0x00000002   PAD
    0x0801539c   0x0801539c   0x00000010   Code   RO         1809    .text               c_w.l(rt_ctype_table.o)
    0x080153ac   0x080153ac   0x00000008   Code   RO         1814    .text               c_w.l(rt_locale_intlibspace.o)
    0x080153b4   0x080153b4   0x00000080   Code   RO         1816    .text               c_w.l(_printf_fp_infnan.o)
    0x08015434   0x08015434   0x000000e4   Code   RO         1818    .text               c_w.l(bigflt0.o)
    0x08015518   0x08015518   0x00000012   Code   RO         1848    .text               c_w.l(exit.o)
    0x0801552a   0x0801552a   0x00000002   PAD
    0x0801552c   0x0801552c   0x00000008   Code   RO         1864    .text               c_w.l(libspace.o)
    0x08015534   0x08015534   0x00000004   PAD
    0x08015538   0x08015538   0x0000007c   Code   RO         1880    .text               c_w.l(strcmpv7em.o)
    0x080155b4   0x080155b4   0x0000000c   Code   RO         1929    .text               c_w.l(sys_exit.o)
    0x080155c0   0x080155c0   0x00000002   Code   RO         1954    .text               c_w.l(use_no_semi.o)
    0x080155c2   0x080155c2   0x00000000   Code   RO         1956    .text               c_w.l(indicate_semi.o)
    0x080155c2   0x080155c2   0x00000002   PAD
    0x080155c4   0x080155c4   0x0000001a   Code   RO          397    .text.Buffer08_Copy  lib_buffer.o
    0x080155de   0x080155de   0x00000002   PAD
    0x080155e0   0x080155e0   0x0000001c   Code   RO          399    .text.Buffer08_Copy_TillZero  lib_buffer.o
    0x080155fc   0x080155fc   0x00000014   Code   RO          401    .text.Buffer08_Set  lib_buffer.o
    0x08015610   0x08015610   0x00000160   Code   RO          156    .text.Check_Temperature  sysmon_thread.o
    0x08015770   0x08015770   0x000000c8   Code   RO          132    .text.Cmd_CurTemp   console_thread.o
    0x08015838   0x08015838   0x000000bc   Code   RO          130    .text.Cmd_CurVlt    console_thread.o
    0x080158f4   0x080158f4   0x000000f0   Code   RO          128    .text.Cmd_DoFlt     console_thread.o
    0x080159e4   0x080159e4   0x0000002a   Code   RO          112    .text.Cmd_Help      console_thread.o
    0x08015a0e   0x08015a0e   0x00000002   PAD
    0x08015a10   0x08015a10   0x00000070   Code   RO          446    .text.Cmd_History   lib_command.o
    0x08015a80   0x08015a80   0x00000176   Code   RO          118    .text.Cmd_Led       console_thread.o
    0x08015bf6   0x08015bf6   0x00000002   PAD
    0x08015bf8   0x08015bf8   0x000000c4   Code   RO          134    .text.Cmd_Mon_Con   console_thread.o
    0x08015cbc   0x08015cbc   0x0000010c   Code   RO          444    .text.Cmd_Parse_Command  lib_command.o
    0x08015dc8   0x08015dc8   0x000002e8   Code   RO          442    .text.Cmd_Parse_Input  lib_command.o
    0x080160b0   0x080160b0   0x00000050   Code   RO          136    .text.Cmd_PowerIn   console_thread.o
    0x08016100   0x08016100   0x00000044   Code   RO          114    .text.Cmd_Reboot    console_thread.o
    0x08016144   0x08016144   0x00000152   Code   RO          120    .text.Cmd_Relay     console_thread.o
    0x08016296   0x08016296   0x00000002   PAD
    0x08016298   0x08016298   0x0000015c   Code   RO          122    .text.Cmd_RelayIn   console_thread.o
    0x080163f4   0x080163f4   0x000000fe   Code   RO          126    .text.Cmd_SenTest   console_thread.o
    0x080164f2   0x080164f2   0x00000002   PAD
    0x080164f4   0x080164f4   0x000000a4   Code   RO          124    .text.Cmd_SensorIn  console_thread.o
    0x08016598   0x08016598   0x0000006c   Code   RO          116    .text.Cmd_Version   console_thread.o
    0x08016604   0x08016604   0x0000007c   Code   RO          138    .text.Cmd_Watchdog  console_thread.o
    0x08016680   0x08016680   0x000000b6   Code   RO          110    .text.Console_Thread  console_thread.o
    0x08016736   0x08016736   0x00000002   PAD
    0x08016738   0x08016738   0x00000074   Code   RO          327    .text.DI_Filter_State  digital_input.o
    0x080167ac   0x080167ac   0x00000018   Code   RO          325    .text.DI_Get_State  digital_input.o
    0x080167c4   0x080167c4   0x0000001a   Code   RO          323    .text.DI_Init       digital_input.o
    0x080167de   0x080167de   0x00000002   PAD
    0x080167e0   0x080167e0   0x00000024   Code   RO          307    .text.DO_Init       digital_output.o
    0x08016804   0x08016804   0x0000000c   Code   RO          311    .text.DO_Off        digital_output.o
    0x08016810   0x08016810   0x0000000c   Code   RO          309    .text.DO_On         digital_output.o
    0x0801681c   0x0801681c   0x00000680   Code   RO          177    .text.Deod_Thread   deod_thread.o
    0x08016e9c   0x08016e9c   0x00000b00   Code   RO           11    .text.Device_Init   device.o
    0x0801799c   0x0801799c   0x00000132   Code   RO          565    .text.HAL_ADC_ConfigChannel  stm32f4xx_hal_adc.o
    0x08017ace   0x08017ace   0x00000002   PAD
    0x08017ad0   0x08017ad0   0x00000006   Code   RO          561    .text.HAL_ADC_GetValue  stm32f4xx_hal_adc.o
    0x08017ad6   0x08017ad6   0x00000002   PAD
    0x08017ad8   0x08017ad8   0x00000152   Code   RO          523    .text.HAL_ADC_Init  stm32f4xx_hal_adc.o
    0x08017c2a   0x08017c2a   0x00000002   PAD
    0x08017c2c   0x08017c2c   0x00000062   Code   RO           15    .text.HAL_ADC_MspInit  device.o
    0x08017c8e   0x08017c8e   0x00000002   PAD
    0x08017c90   0x08017c90   0x000000b2   Code   RO          535    .text.HAL_ADC_PollForConversion  stm32f4xx_hal_adc.o
    0x08017d42   0x08017d42   0x00000002   PAD
    0x08017d44   0x08017d44   0x00000114   Code   RO          531    .text.HAL_ADC_Start  stm32f4xx_hal_adc.o
    0x08017e58   0x08017e58   0x00000028   Code   RO          478    .text.HAL_Delay     stm32f4xx_hal.o
    0x08017e80   0x08017e80   0x000001a6   Code   RO          787    .text.HAL_GPIO_Init  stm32f4xx_hal_gpio.o
    0x08018026   0x08018026   0x00000002   PAD
    0x08018028   0x08018028   0x0000000a   Code   RO          791    .text.HAL_GPIO_ReadPin  stm32f4xx_hal_gpio.o
    0x08018032   0x08018032   0x00000002   PAD
    0x08018034   0x08018034   0x0000000e   Code   RO          795    .text.HAL_GPIO_TogglePin  stm32f4xx_hal_gpio.o
    0x08018042   0x08018042   0x00000002   PAD
    0x08018044   0x08018044   0x0000000a   Code   RO          793    .text.HAL_GPIO_WritePin  stm32f4xx_hal_gpio.o
    0x0801804e   0x0801804e   0x00000002   PAD
    0x08018050   0x08018050   0x0000000e   Code   RO          486    .text.HAL_GetREVID  stm32f4xx_hal.o
    0x0801805e   0x0801805e   0x00000002   PAD
    0x08018060   0x08018060   0x0000000c   Code   RO          470    .text.HAL_GetTick   stm32f4xx_hal.o
    0x0801806c   0x0801806c   0x00000170   Code   RO          811    .text.HAL_I2C_Init  stm32f4xx_hal_i2c.o
    0x080181dc   0x080181dc   0x00000584   Code   RO          825    .text.HAL_I2C_Master_Receive  stm32f4xx_hal_i2c.o
    0x08018760   0x08018760   0x00000074   Code   RO           13    .text.HAL_I2C_MspInit  device.o
    0x080187d4   0x080187d4   0x0000001a   Code   RO          468    .text.HAL_IncTick   stm32f4xx_hal.o
    0x080187ee   0x080187ee   0x00000002   PAD
    0x080187f0   0x080187f0   0x0000002e   Code   RO          458    .text.HAL_Init      stm32f4xx_hal.o
    0x0801881e   0x0801881e   0x00000002   PAD
    0x08018820   0x08018820   0x00000050   Code   RO          460    .text.HAL_InitTick  stm32f4xx_hal.o
    0x08018870   0x08018870   0x00000002   Code   RO          462    .text.HAL_MspInit   stm32f4xx_hal.o
    0x08018872   0x08018872   0x00000002   PAD
    0x08018874   0x08018874   0x00000022   Code   RO          623    .text.HAL_NVIC_EnableIRQ  stm32f4xx_hal_cortex.o
    0x08018896   0x08018896   0x00000002   PAD
    0x08018898   0x08018898   0x00000056   Code   RO          621    .text.HAL_NVIC_SetPriority  stm32f4xx_hal_cortex.o
    0x080188ee   0x080188ee   0x00000002   PAD
    0x080188f0   0x080188f0   0x00000020   Code   RO          619    .text.HAL_NVIC_SetPriorityGrouping  stm32f4xx_hal_cortex.o
    0x08018910   0x08018910   0x00000004   Code   RO          627    .text.HAL_NVIC_SystemReset  stm32f4xx_hal_cortex.o
    0x08018914   0x08018914   0x00000160   Code   RO         1011    .text.HAL_RCC_ClockConfig  stm32f4xx_hal_rcc.o
    0x08018a74   0x08018a74   0x00000026   Code   RO         1023    .text.HAL_RCC_GetPCLK1Freq  stm32f4xx_hal_rcc.o
    0x08018a9a   0x08018a9a   0x00000002   PAD
    0x08018a9c   0x08018a9c   0x00000026   Code   RO         1025    .text.HAL_RCC_GetPCLK2Freq  stm32f4xx_hal_rcc.o
    0x08018ac2   0x08018ac2   0x00000002   PAD
    0x08018ac4   0x08018ac4   0x0000006a   Code   RO         1013    .text.HAL_RCC_GetSysClockFreq  stm32f4xx_hal_rcc.o
    0x08018b2e   0x08018b2e   0x00000002   PAD
    0x08018b30   0x08018b30   0x00000348   Code   RO         1009    .text.HAL_RCC_OscConfig  stm32f4xx_hal_rcc.o
    0x08018e78   0x08018e78   0x00000002   Code   RO          655    .text.HAL_SYSTICK_Callback  stm32f4xx_hal_cortex.o
    0x08018e7a   0x08018e7a   0x00000002   PAD
    0x08018e7c   0x08018e7c   0x0000002c   Code   RO          631    .text.HAL_SYSTICK_Config  stm32f4xx_hal_cortex.o
    0x08018ea8   0x08018ea8   0x00000004   Code   RO          653    .text.HAL_SYSTICK_IRQHandler  stm32f4xx_hal_cortex.o
    0x08018eac   0x08018eac   0x0000005e   Code   RO         1063    .text.HAL_UART_Init  stm32f4xx_hal_uart.o
    0x08018f0a   0x08018f0a   0x00000002   PAD
    0x08018f0c   0x08018f0c   0x00000002   Code   RO         1065    .text.HAL_UART_MspInit  stm32f4xx_hal_uart.o
    0x08018f0e   0x08018f0e   0x00000002   PAD
    0x08018f10   0x08018f10   0x00000024   Code   RO          245    .text.Led_Init      led.o
    0x08018f34   0x08018f34   0x0000000c   Code   RO          249    .text.Led_Off       led.o
    0x08018f40   0x08018f40   0x0000000c   Code   RO          247    .text.Led_On        led.o
    0x08018f4c   0x08018f4c   0x0000000a   Code   RO          251    .text.Led_Toggle    led.o
    0x08018f56   0x08018f56   0x00000002   PAD
    0x08018f58   0x08018f58   0x00000080   Code   RO          355    .text.Periph_Control_GPIO_CLK  periph_stm32f4xx.o
    0x08018fd8   0x08018fd8   0x0000006c   Code   RO          357    .text.Periph_Control_UART_CLK  periph_stm32f4xx.o
    0x08019044   0x08019044   0x000001c0   Code   RO           94    .text.Read_Relay_FeedBack_State  self_diagnose_perform.o
    0x08019204   0x08019204   0x00000120   Code   RO          179    .text.Read_Safety_Sensor_OSSD  deod_thread.o
    0x08019324   0x08019324   0x00000026   Code   RO          337    .text.Relay_Init    relay.o
    0x0801934a   0x0801934a   0x00000002   PAD
    0x0801934c   0x0801934c   0x00000014   Code   RO          341    .text.Relay_Off     relay.o
    0x08019360   0x08019360   0x00000014   Code   RO          339    .text.Relay_On      relay.o
    0x08019374   0x08019374   0x00000018   Code   RO          343    .text.Relay_Toggle  relay.o
    0x0801938c   0x0801938c   0x00000016   Code   RO          271    .text.Rs232_CountDown_Receive_Tick  rs232.o
    0x080193a2   0x080193a2   0x00000002   PAD
    0x080193a4   0x080193a4   0x0000001e   Code   RO          265    .text.Rs232_Enable_Receiving  rs232.o
    0x080193c2   0x080193c2   0x00000002   PAD
    0x080193c4   0x080193c4   0x00000026   Code   RO          267    .text.Rs232_IRQHandler_RXNE  rs232.o
    0x080193ea   0x080193ea   0x00000002   PAD
    0x080193ec   0x080193ec   0x0000003a   Code   RO          281    .text.Rs232_IRQHandler_TXE  rs232.o
    0x08019426   0x08019426   0x00000002   PAD
    0x08019428   0x08019428   0x0000005a   Code   RO          261    .text.Rs232_Init    rs232.o
    0x08019482   0x08019482   0x00000002   PAD
    0x08019484   0x08019484   0x00000018   Code   RO          275    .text.Rs232_Restore_rx  rs232.o
    0x0801949c   0x0801949c   0x0000004a   Code   RO          279    .text.Rs232_Send_Byte  rs232.o
    0x080194e6   0x080194e6   0x00000002   PAD
    0x080194e8   0x080194e8   0x00000004   Code   RO          269    .text.Rs232_Set_Receive_Tick  rs232.o
    0x080194ec   0x080194ec   0x00000076   Code   RO          277    .text.Rs232_Transmit_Data  rs232.o
    0x08019562   0x08019562   0x00000002   PAD
    0x08019564   0x08019564   0x0000077c   Code   RO          195    .text.STL_Self_Test  stl.o
    0x08019ce0   0x08019ce0   0x00000016   Code   RO          221    .text.STL_UTIL_CRC_Calculate  stl_util.o
    0x08019cf6   0x08019cf6   0x00000002   PAD
    0x08019cf8   0x08019cf8   0x00000034   Code   RO          217    .text.STL_UTIL_CRC_DeInit  stl_util.o
    0x08019d2c   0x08019d2c   0x00000032   Code   RO          215    .text.STL_UTIL_CRC_Init  stl_util.o
    0x08019d5e   0x08019d5e   0x00000002   PAD
    0x08019d60   0x08019d60   0x00000078   Code   RO          223    .text.STL_UTIL_ChecksumCompare  stl_util.o
    0x08019dd8   0x08019dd8   0x00000062   Code   RO          225    .text.STL_UTIL_ChecksumUpdate  stl_util.o
    0x08019e3a   0x08019e3a   0x00000002   PAD
    0x08019e3c   0x08019e3c   0x00000002   Code   RO          231    .text.STL_UTIL_Disable_FPU_IXC_IT  stl_util.o
    0x08019e3e   0x08019e3e   0x00000002   PAD
    0x08019e40   0x08019e40   0x00000012   Code   RO          227    .text.STL_UTIL_Disable_IT  stl_util.o
    0x08019e52   0x08019e52   0x00000002   PAD
    0x08019e54   0x08019e54   0x00000010   Code   RO          229    .text.STL_UTIL_Enable_IT  stl_util.o
    0x08019e64   0x08019e64   0x00000002   Code   RO          233    .text.STL_UTIL_Restore_FPU_IXC_IT  stl_util.o
    0x08019e66   0x08019e66   0x00000002   PAD
    0x08019e68   0x08019e68   0x00000754   Code   RO           92    .text.Self_Diagnose_Perform  self_diagnose_perform.o
    0x0801a5bc   0x0801a5bc   0x00000078   Code   RO          429    .text.String_Compare_woCase  lib_string.o
    0x0801a634   0x0801a634   0x000000ae   Code   RO          431    .text.String_Compare_woCase_wLength  lib_string.o
    0x0801a6e2   0x0801a6e2   0x00000002   PAD
    0x0801a6e4   0x0801a6e4   0x0000008e   Code   RO          423    .text.String_Extract_Word  lib_string.o
    0x0801a772   0x0801a772   0x00000002   PAD
    0x0801a774   0x0801a774   0x00000018   Code   RO          415    .text.String_Get_Length  lib_string.o
    0x0801a78c   0x0801a78c   0x000000a2   Code   RO           81    .text.SysTick_Handler  stm32f4xx_it.o
    0x0801a82e   0x0801a82e   0x00000002   PAD
    0x0801a830   0x0801a830   0x00000170   Code   RO          154    .text.Sysmon_Thread  sysmon_thread.o
    0x0801a9a0   0x0801a9a0   0x00000058   Code   RO         1264    .text.SystemInit    system_stm32f4xx.o
    0x0801a9f8   0x0801a9f8   0x0000004c   Code   RO          373    .text.TMP117_get_Temperature  tpm117.o
    0x0801aa44   0x0801aa44   0x000000f2   Code   RO         1067    .text.UART_SetConfig  stm32f4xx_hal_uart.o
    0x0801ab36   0x0801ab36   0x00000002   PAD
    0x0801ab38   0x0801ab38   0x00000062   Code   RO           83    .text.USART3_IRQHandler  stm32f4xx_it.o
    0x0801ab9a   0x0801ab9a   0x00000002   PAD
    0x0801ab9c   0x0801ab9c   0x00000024   Code   RO          291    .text.Watchdog_Init  watchdog.o
    0x0801abc0   0x0801abc0   0x00000006   Code   RO          295    .text.Watchdog_Lock  watchdog.o
    0x0801abc6   0x0801abc6   0x00000002   PAD
    0x0801abc8   0x0801abc8   0x00000012   Code   RO          293    .text.Watchdog_Toggle  watchdog.o
    0x0801abda   0x0801abda   0x00000002   PAD
    0x0801abdc   0x0801abdc   0x00000006   Code   RO          297    .text.Watchdog_Unlock  watchdog.o
    0x0801abe2   0x0801abe2   0x00000002   PAD
    0x0801abe4   0x0801abe4   0x00000024   Code   RO          629    .text.__NVIC_SystemReset  stm32f4xx_hal_cortex.o
    0x0801ac08   0x0801ac08   0x00000016   Code   RO          361    .text.cprint        periph_stm32f4xx.o
    0x0801ac1e   0x0801ac1e   0x00000002   PAD
    0x0801ac20   0x0801ac20   0x00000072   Code   RO          359    .text.cprintf       periph_stm32f4xx.o
    0x0801ac92   0x0801ac92   0x00000002   PAD
    0x0801ac94   0x0801ac94   0x00000154   Code   RO            2    .text.main          main.o
    0x0801ade8   0x0801ade8   0x0000003e   Code   RO         1821    CL$$btod_d2e        c_w.l(btod.o)
    0x0801ae26   0x0801ae26   0x00000046   Code   RO         1823    CL$$btod_d2e_denorm_low  c_w.l(btod.o)
    0x0801ae6c   0x0801ae6c   0x00000060   Code   RO         1822    CL$$btod_d2e_norm_op1  c_w.l(btod.o)
    0x0801aecc   0x0801aecc   0x00000338   Code   RO         1831    CL$$btod_div_common  c_w.l(btod.o)
    0x0801b204   0x0801b204   0x000000dc   Code   RO         1828    CL$$btod_e2e        c_w.l(btod.o)
    0x0801b2e0   0x0801b2e0   0x0000002a   Code   RO         1825    CL$$btod_ediv       c_w.l(btod.o)
    0x0801b30a   0x0801b30a   0x0000002a   Code   RO         1824    CL$$btod_emul       c_w.l(btod.o)
    0x0801b334   0x0801b334   0x00000244   Code   RO         1830    CL$$btod_mult_common  c_w.l(btod.o)
    0x0801b578   0x0801b578   0x00000030   Code   RO         1862    i.__ARM_fpclassify  m_wm.l(fpclassify.o)
    0x0801b5a8   0x0801b5a8   0x0000000e   Code   RO         1649    i._is_digit         c_w.l(__printf_wp.o)
    0x0801b5b6   0x0801b5b6   0x00000002   PAD
    0x0801b5b8   0x0801b5b8   0x0000002c   Code   RO         1846    locale$$code        c_w.l(lc_numeric_c.o)
    0x0801b5e4   0x0801b5e4   0x0000002c   Code   RO         1874    locale$$code        c_w.l(lc_ctype_c.o)
    0x0801b610   0x0801b610   0x00000094   Code   RO         1279    text                STL_Lib.a(stl_crc_calc_asm.o)
    0x0801b6a4   0x0801b6a4   0x00000328   Code   RO         1516    text                STL_Lib.a(stl_tm_cpu_10_fpu_reg.o)
    0x0801b9cc   0x0801b9cc   0x0000033c   Code   RO         1520    text                STL_Lib.a(stl_tm_cpu_10_fpu_reg_1.o)
    0x0801bd08   0x0801bd08   0x0000033c   Code   RO         1524    text                STL_Lib.a(stl_tm_cpu_10_fpu_reg_2.o)
    0x0801c044   0x0801c044   0x0000033c   Code   RO         1528    text                STL_Lib.a(stl_tm_cpu_10_fpu_reg_3.o)
    0x0801c380   0x0801c380   0x0000033c   Code   RO         1532    text                STL_Lib.a(stl_tm_cpu_10_fpu_reg_4.o)
    0x0801c6bc   0x0801c6bc   0x000003dc   Code   RO         1536    text                STL_Lib.a(stl_tm_cpu_10_fpu_reg_5.o)
    0x0801ca98   0x0801ca98   0x000004b4   Code   RO         1540    text                STL_Lib.a(stl_tm_cpu_11_fpu_func.o)
    0x0801cf4c   0x0801cf4c   0x00000328   Code   RO         1544    text                STL_Lib.a(stl_tm_cpu_11_fpu_func_2.o)
    0x0801d274   0x0801d274   0x0000006e   Code   RO         1548    text                STL_Lib.a(stl_tm_cpu_1_reg.o)
    0x0801d2e2   0x0801d2e2   0x00000002   PAD
    0x0801d2e4   0x0801d2e4   0x000001ac   Code   RO         1552    text                STL_Lib.a(stl_tm_cpu_1l_reg.o)
    0x0801d490   0x0801d490   0x0000020c   Code   RO         1556    text                STL_Lib.a(stl_tm_cpu_2_arithm.o)
    0x0801d69c   0x0801d69c   0x00000160   Code   RO         1560    text                STL_Lib.a(stl_tm_cpu_2_arithm_2.o)
    0x0801d7fc   0x0801d7fc   0x0000009a   Code   RO         1564    text                STL_Lib.a(stl_tm_cpu_3_mul_div.o)
    0x0801d896   0x0801d896   0x00000002   PAD
    0x0801d898   0x0801d898   0x00000092   Code   RO         1568    text                STL_Lib.a(stl_tm_cpu_3_muls.o)
    0x0801d92a   0x0801d92a   0x00000002   PAD
    0x0801d92c   0x0801d92c   0x000000d4   Code   RO         1572    text                STL_Lib.a(stl_tm_cpu_4_control-flow.o)
    0x0801da00   0x0801da00   0x00000584   Code   RO         1576    text                STL_Lib.a(stl_tm_cpu_4_control-flow_2.o)
    0x0801df84   0x0801df84   0x000000c4   Code   RO         1580    text                STL_Lib.a(stl_tm_cpu_4_control-flow_3.o)
    0x0801e048   0x0801e048   0x00000290   Code   RO         1584    text                STL_Lib.a(stl_tm_cpu_5_load_store.o)
    0x0801e2d8   0x0801e2d8   0x00000084   Code   RO         1588    text                STL_Lib.a(stl_tm_cpu_5_load_store_2.o)
    0x0801e35c   0x0801e35c   0x0000028c   Code   RO         1592    text                STL_Lib.a(stl_tm_cpu_6_shift_rotate.o)
    0x0801e5e8   0x0801e5e8   0x0000003c   Code   RO         1596    text                STL_Lib.a(stl_tm_cpu_6_shift_rotate_2.o)
    0x0801e624   0x0801e624   0x00000020   Code   RO         1600    text                STL_Lib.a(stl_tm_cpu_7_stack_ptr.o)
    0x0801e644   0x0801e644   0x000003c4   Code   RO         1604    text                STL_Lib.a(stl_tm_cpu_8_pipeline.o)
    0x0801ea08   0x0801ea08   0x000002f8   Code   RO         1608    text                STL_Lib.a(stl_tm_cpu_8_pipeline_2.o)
    0x0801ed00   0x0801ed00   0x000001ec   Code   RO         1612    text                STL_Lib.a(stl_tm_cpu_9_dsp_func.o)
    0x0801eeec   0x0801eeec   0x000002b0   Code   RO         1616    text                STL_Lib.a(stl_tm_cpu_9_dsp_func_2.o)
    0x0801f19c   0x0801f19c   0x00000260   Code   RO         1620    text                STL_Lib.a(stl_tm_ram_march-c_test.o)
    0x0801f3fc   0x0801f3fc   0x00000062   Code   RO         1671    x$fpl$d2f           fz_wm.l(d2f.o)
    0x0801f45e   0x0801f45e   0x00000026   Code   RO         1673    x$fpl$dfltu         fz_wm.l(dflt_clz.o)
    0x0801f484   0x0801f484   0x00000154   Code   RO         1679    x$fpl$dmul          fz_wm.l(dmul.o)
    0x0801f5d8   0x0801f5d8   0x0000009c   Code   RO         1756    x$fpl$dnaninf       fz_wm.l(dnaninf.o)
    0x0801f674   0x0801f674   0x0000000c   Code   RO         1758    x$fpl$dretinf       fz_wm.l(dretinf.o)
    0x0801f680   0x0801f680   0x00000056   Code   RO         1681    x$fpl$f2d           fz_wm.l(f2d.o)
    0x0801f6d6   0x0801f6d6   0x0000008c   Code   RO         1760    x$fpl$fnaninf       fz_wm.l(fnaninf.o)
    0x0801f762   0x0801f762   0x0000001a   Code   RO         1948    x$fpl$fpinit        fz_wm.l(fpinit.o)
    0x0801f77c   0x0801f77c   0x0000000a   Code   RO         1762    x$fpl$fretinf       fz_wm.l(fretinf.o)
    0x0801f786   0x0801f786   0x00000004   Code   RO         1764    x$fpl$printf1       fz_wm.l(printf1.o)
    0x0801f78a   0x0801f78a   0x00000004   Code   RO         1766    x$fpl$printf2       fz_wm.l(printf2.o)
    0x0801f78e   0x0801f78e   0x00000000   Code   RO         1772    x$fpl$usenofp       fz_wm.l(usenofp.o)
    0x0801f78e   0x0801f78e   0x00000011   Data   RO         1657    .constdata          c_w.l(__printf_flags_ss_wp.o)
    0x0801f79f   0x0801f79f   0x00000001   PAD
    0x0801f7a0   0x0801f7a0   0x00000008   Data   RO         1701    .constdata          c_w.l(_printf_wctomb.o)
    0x0801f7a8   0x0801f7a8   0x00000028   Data   RO         1730    .constdata          c_w.l(_printf_hex_int_ll_ptr.o)
    0x0801f7d0   0x0801f7d0   0x00000026   Data   RO         1797    .constdata          c_w.l(_printf_fp_hex.o)
    0x0801f7f6   0x0801f7f6   0x00000002   PAD
    0x0801f7f8   0x0801f7f8   0x00000094   Data   RO         1819    .constdata          c_w.l(bigflt0.o)
    0x0801f88c   0x0801f88c   0x00000030   Data   RO         1285    .rodata             STL_Lib.a(stl_sch_main.o)
    0x0801f8bc   0x0801f8bc   0x0000000c   Data   RO         1286    .rodata             STL_Lib.a(stl_sch_main.o)
    0x0801f8c8   0x0801f8c8   0x00000060   Data   RO         1287    .rodata             STL_Lib.a(stl_sch_main.o)
    0x0801f928   0x0801f928   0x00000400   Data   RO         1326    .rodata             STL_Lib.a(stl_tm_cpu.o)
    0x0801fd28   0x0801fd28   0x00000068   Data   RO         1337    .rodata             STL_Lib.a(stl_tm_cpu_1.o)
    0x0801fd90   0x0801fd90   0x00000004   Data   RO         1344    .rodata             STL_Lib.a(stl_tm_cpu_10.o)
    0x0801fd94   0x0801fd94   0x00000004   Data   RO         1345    .rodata             STL_Lib.a(stl_tm_cpu_10.o)
    0x0801fd98   0x0801fd98   0x00000080   Data   RO         1346    .rodata             STL_Lib.a(stl_tm_cpu_10.o)
    0x0801fe18   0x0801fe18   0x00000010   Data   RO         1354    .rodata             STL_Lib.a(stl_tm_cpu_11.o)
    0x0801fe28   0x0801fe28   0x00000008   Data   RO         1355    .rodata             STL_Lib.a(stl_tm_cpu_11.o)
    0x0801fe30   0x0801fe30   0x00000040   Data   RO         1356    .rodata             STL_Lib.a(stl_tm_cpu_11.o)
    0x0801fe70   0x0801fe70   0x00000014   Data   RO         1357    .rodata             STL_Lib.a(stl_tm_cpu_11.o)
    0x0801fe84   0x0801fe84   0x00000014   Data   RO         1358    .rodata             STL_Lib.a(stl_tm_cpu_11.o)
    0x0801fe98   0x0801fe98   0x00000018   Data   RO         1359    .rodata             STL_Lib.a(stl_tm_cpu_11.o)
    0x0801feb0   0x0801feb0   0x00000018   Data   RO         1360    .rodata             STL_Lib.a(stl_tm_cpu_11.o)
    0x0801fec8   0x0801fec8   0x00000010   Data   RO         1361    .rodata             STL_Lib.a(stl_tm_cpu_11.o)
    0x0801fed8   0x0801fed8   0x00000010   Data   RO         1362    .rodata             STL_Lib.a(stl_tm_cpu_11.o)
    0x0801fee8   0x0801fee8   0x00000010   Data   RO         1363    .rodata             STL_Lib.a(stl_tm_cpu_11.o)
    0x0801fef8   0x0801fef8   0x00000010   Data   RO         1364    .rodata             STL_Lib.a(stl_tm_cpu_11.o)
    0x0801ff08   0x0801ff08   0x00000020   Data   RO         1366    .rodata             STL_Lib.a(stl_tm_cpu_11.o)
    0x0801ff28   0x0801ff28   0x00000020   Data   RO         1367    .rodata             STL_Lib.a(stl_tm_cpu_11.o)
    0x0801ff48   0x0801ff48   0x00000040   Data   RO         1368    .rodata             STL_Lib.a(stl_tm_cpu_11.o)
    0x0801ff88   0x0801ff88   0x00000004   Data   RO         1369    .rodata             STL_Lib.a(stl_tm_cpu_11.o)
    0x0801ff8c   0x0801ff8c   0x00000004   Data   RO         1370    .rodata             STL_Lib.a(stl_tm_cpu_11.o)
    0x0801ff90   0x0801ff90   0x00000018   Data   RO         1378    .rodata             STL_Lib.a(stl_tm_cpu_1l.o)
    0x0801ffa8   0x0801ffa8   0x00000060   Data   RO         1380    .rodata             STL_Lib.a(stl_tm_cpu_1l.o)
    0x08020008   0x08020008   0x00000010   Data   RO         1391    .rodata             STL_Lib.a(stl_tm_cpu_2.o)
    0x08020018   0x08020018   0x00000008   Data   RO         1392    .rodata             STL_Lib.a(stl_tm_cpu_2.o)
    0x08020020   0x08020020   0x00000008   Data   RO         1393    .rodata             STL_Lib.a(stl_tm_cpu_2.o)
    0x08020028   0x08020028   0x00000020   Data   RO         1394    .rodata             STL_Lib.a(stl_tm_cpu_2.o)
    0x08020048   0x08020048   0x00000010   Data   RO         1395    .rodata             STL_Lib.a(stl_tm_cpu_2.o)
    0x08020058   0x08020058   0x00000008   Data   RO         1396    .rodata             STL_Lib.a(stl_tm_cpu_2.o)
    0x08020060   0x08020060   0x00000008   Data   RO         1397    .rodata             STL_Lib.a(stl_tm_cpu_2.o)
    0x08020068   0x08020068   0x00000010   Data   RO         1398    .rodata             STL_Lib.a(stl_tm_cpu_2.o)
    0x08020078   0x08020078   0x00000008   Data   RO         1399    .rodata             STL_Lib.a(stl_tm_cpu_2.o)
    0x08020080   0x08020080   0x00000008   Data   RO         1400    .rodata             STL_Lib.a(stl_tm_cpu_2.o)
    0x08020088   0x08020088   0x00000100   Data   RO         1408    .rodata             STL_Lib.a(stl_tm_cpu_3.o)
    0x08020188   0x08020188   0x00000008   Data   RO         1409    .rodata             STL_Lib.a(stl_tm_cpu_3.o)
    0x08020190   0x08020190   0x00000008   Data   RO         1410    .rodata             STL_Lib.a(stl_tm_cpu_3.o)
    0x08020198   0x08020198   0x00000040   Data   RO         1411    .rodata             STL_Lib.a(stl_tm_cpu_3.o)
    0x080201d8   0x080201d8   0x00000010   Data   RO         1415    .rodata             STL_Lib.a(stl_tm_cpu_4.o)
    0x080201e8   0x080201e8   0x00000010   Data   RO         1416    .rodata             STL_Lib.a(stl_tm_cpu_4.o)
    0x080201f8   0x080201f8   0x00000010   Data   RO         1417    .rodata             STL_Lib.a(stl_tm_cpu_4.o)
    0x08020208   0x08020208   0x00000010   Data   RO         1418    .rodata             STL_Lib.a(stl_tm_cpu_4.o)
    0x08020218   0x08020218   0x00000010   Data   RO         1419    .rodata             STL_Lib.a(stl_tm_cpu_4.o)
    0x08020228   0x08020228   0x00000010   Data   RO         1420    .rodata             STL_Lib.a(stl_tm_cpu_4.o)
    0x08020238   0x08020238   0x00000004   Data   RO         1421    .rodata             STL_Lib.a(stl_tm_cpu_4.o)
    0x0802023c   0x0802023c   0x00000004   Data   RO         1422    .rodata             STL_Lib.a(stl_tm_cpu_4.o)
    0x08020240   0x08020240   0x00000004   Data   RO         1423    .rodata             STL_Lib.a(stl_tm_cpu_4.o)
    0x08020244   0x08020244   0x00000004   Data   RO         1424    .rodata             STL_Lib.a(stl_tm_cpu_4.o)
    0x08020248   0x08020248   0x00000040   Data   RO         1435    .rodata             STL_Lib.a(stl_tm_cpu_5.o)
    0x08020288   0x08020288   0x00000010   Data   RO         1443    .rodata             STL_Lib.a(stl_tm_cpu_6.o)
    0x08020298   0x08020298   0x00000010   Data   RO         1444    .rodata             STL_Lib.a(stl_tm_cpu_6.o)
    0x080202a8   0x080202a8   0x00000008   Data   RO         1445    .rodata             STL_Lib.a(stl_tm_cpu_6.o)
    0x080202b0   0x080202b0   0x00000008   Data   RO         1446    .rodata             STL_Lib.a(stl_tm_cpu_6.o)
    0x080202b8   0x080202b8   0x00000008   Data   RO         1447    .rodata             STL_Lib.a(stl_tm_cpu_6.o)
    0x080202c0   0x080202c0   0x00000004   Data   RO         1448    .rodata             STL_Lib.a(stl_tm_cpu_6.o)
    0x080202c4   0x080202c4   0x00000040   Data   RO         1456    .rodata             STL_Lib.a(stl_tm_cpu_7.o)
    0x08020304   0x08020304   0x00000010   Data   RO         1464    .rodata             STL_Lib.a(stl_tm_cpu_8.o)
    0x08020314   0x08020314   0x00000004   Data   RO         1465    .rodata             STL_Lib.a(stl_tm_cpu_8.o)
    0x08020318   0x08020318   0x00000180   Data   RO         1474    .rodata             STL_Lib.a(stl_tm_cpu_9.o)
    0x08020498   0x08020498   0x00000100   Data   RO         1475    .rodata             STL_Lib.a(stl_tm_cpu_9.o)
    0x08020598   0x08020598   0x00000008   Data   RO         1476    .rodata             STL_Lib.a(stl_tm_cpu_9.o)
    0x080205a0   0x080205a0   0x000001ac   Data   RO         1477    .rodata             STL_Lib.a(stl_tm_cpu_9.o)
    0x0802074c   0x0802074c   0x00000024   Data   RO         1501    .rodata             STL_Lib.a(stl_tm_ram.o)
    0x08020770   0x08020770   0x00000080   Data   RO          145    .rodata..L__const.Console_Process_Command.cmd_list  console_thread.o
    0x080207f0   0x080207f0   0x00000018   Data   RO          364    .rodata..L__const.Periph_Control_UART_CLK.bit  periph_stm32f4xx.o
    0x08020808   0x08020808   0x00000018   Data   RO          363    .rodata..L__const.Periph_Control_UART_CLK.reg  periph_stm32f4xx.o
    0x08020820   0x08020820   0x00000006   Data   RO          185    .rodata..Lswitch.table.Read_Safety_Sensor_OSSD  deod_thread.o
    0x08020826   0x08020826   0x00000006   Data   RO          186    .rodata..Lswitch.table.Read_Safety_Sensor_OSSD.13  deod_thread.o
    0x0802082c   0x0802082c   0x00000010   Data   RO         1269    .rodata.AHBPrescTable  system_stm32f4xx.o
    0x0802083c   0x0802083c   0x00000008   Data   RO         1270    .rodata.APBPrescTable  system_stm32f4xx.o
    0x08020844   0x08020844   0x00000014   Data   RO           57    .rodata.str1.1      device.o
    0x08020858   0x08020858   0x00000205   Data   RO          100    .rodata.str1.1      self_diagnose_perform.o
    0x08020a5d   0x08020a5d   0x000005e9   Data   RO          144    .rodata.str1.1      console_thread.o
    0x08021046   0x08021046   0x00000016   Data   RO          165    .rodata.str1.1      sysmon_thread.o
    0x0802105c   0x0802105c   0x000000a6   Data   RO          183    .rodata.str1.1      deod_thread.o
    0x08021102   0x08021102   0x00000545   Data   RO          197    .rodata.str1.1      stl.o
    0x08021647   0x08021647   0x0000000d   Data   RO          449    .rodata.str1.1      lib_command.o
    0x08021654   0x08021654   0x00000020   Data   RO         2009    Region$$Table       anon$$obj.o
    0x08021674   0x08021674   0x0000001c   Data   RO         1845    locale$$data        c_w.l(lc_numeric_c.o)
    0x08021690   0x08021690   0x00000110   Data   RO         1873    locale$$data        c_w.l(lc_ctype_c.o)


    Execution Region RW_IRAM1 (Exec base: 0x20000000, Load base: 0x080217a0, Size: 0x000026d8, Max: 0x00020000, ABSOLUTE)

    Exec Addr    Load Addr    Size         Type   Attr      Idx    E Section Name        Object

    0x20000000   0x080217a0   0x00000004   Data   RW          207    .data.STL_RomEnd    stl_user_param_template.o
    0x20000004   0x080217a4   0x00000004   Data   RW          206    .data.STL_RomStart  stl_user_param_template.o
    0x20000008   0x080217a8   0x00000004   Data   RW          209    .data.STL_pRamTmBckUpBuf  stl_user_param_template.o
    0x2000000c   0x080217ac   0x00000004   Data   RW         1268    .data.SystemCoreClock  system_stm32f4xx.o
    0x20000010   0x080217b0   0x00000001   Data   RW          513    .data.uwTickFreq    stm32f4xx_hal.o
    0x20000011   0x080217b1   0x00000003   PAD
    0x20000014   0x080217b4   0x00000004   Data   RW          512    .data.uwTickPrio    stm32f4xx_hal.o
    0x20000018   0x080217b8   0x00000020   Data   RW          208    backup_buffer_section  stl_user_param_template.o
    0x20000038        -       0x000000e4   Zero   RW         1284    .bss                STL_Lib.a(stl_sch_main.o)
    0x2000011c        -       0x00000008   Zero   RW         1425    .bss                STL_Lib.a(stl_tm_cpu_4.o)
    0x20000124        -       0x0000000c   Zero   RW         1426    .bss                STL_Lib.a(stl_tm_cpu_4.o)
    0x20000130        -       0x00000004   Zero   RW         1466    .bss                STL_Lib.a(stl_tm_cpu_8.o)
    0x20000134        -       0x00000010   Zero   RW         1485    .bss                STL_Lib.a(stl_tm_flash.o)
    0x20000144        -       0x00000010   Zero   RW         1500    .bss                STL_Lib.a(stl_tm_ram.o)
    0x20000154        -       0x00000060   Zero   RW         1865    .bss                c_w.l(libspace.o)
    0x200001b4        -       0x00000004   Zero   RW          235    .bss.CrcClkStatus   stl_util.o
    0x200001b8        -       0x00000040   Zero   RW           59    .bss.Device_Init_Console._hserial  device.o
    0x200001f8        -       0x00000078   Zero   RW           58    .bss.Device_Init_Console._serial  device.o
    0x20000270        -       0x00000200   Zero   RW           62    .bss.Device_Init_Console._serial_buf_printf  device.o
    0x20000470        -       0x00000800   Zero   RW           61    .bss.Device_Init_Console._serial_buf_rx  device.o
    0x20000c70        -       0x00000800   Zero   RW           60    .bss.Device_Init_Console._serial_buf_tx  device.o
    0x20001470        -       0x0000002c   Zero   RW           70    .bss.Device_Init_DOIS._fpin_1  device.o
    0x2000149c        -       0x0000002c   Zero   RW           71    .bss.Device_Init_DOIS._fpin_2  device.o
    0x200014c8        -       0x0000002c   Zero   RW           72    .bss.Device_Init_DOIS._wdt_ok  device.o
    0x200014f4        -       0x00000160   Zero   RW           56    .bss.Device_Init_LED._led  device.o
    0x20001654        -       0x00000160   Zero   RW           68    .bss.Device_Init_Relay_Feed_Back_Input._din  device.o
    0x200017b4        -       0x00000100   Zero   RW           65    .bss.Device_Init_Relay_Output._rly  device.o
    0x200018b4        -       0x00000110   Zero   RW           69    .bss.Device_Init_Sensor_Input._sdin  device.o
    0x200019c4        -       0x00000020   Zero   RW           67    .bss.Device_Init_Sensor_Test_Out._snp_out  device.o
    0x200019e4        -       0x00000080   Zero   RW           66    .bss.Device_Init_Sensor_Test_Out._sout  device.o
    0x20001a64        -       0x00000020   Zero   RW           63    .bss.Device_Init_Watchdog._wdog  device.o
    0x20001a84        -       0x00000004   Zero   RW          236    .bss.ExcepMaskReg   stl_util.o
    0x20001a88        -       0x0000002c   Zero   RW           64    .bss.Pwr_OK_CPU_Init._pwrin  device.o
    0x20001ab4        -       0x00000002   Zero   RW          184    .bss.Read_Safety_Sensor_Voltage.adc1_value  deod_thread.o
    0x20001ab6        -       0x00000002   Zero   RW           96    .bss.Read_Sensor_Current_Value.cur_val1  self_diagnose_perform.o
    0x20001ab8        -       0x00000002   Zero   RW           97    .bss.Read_Sensor_Current_Value.cur_val2  self_diagnose_perform.o
    0x20001aba        -       0x00000002   Zero   RW           98    .bss.Read_Sensor_Current_Value.cur_val3  self_diagnose_perform.o
    0x20001abc        -       0x00000002   Zero   RW           99    .bss.Read_Sensor_Current_Value.cur_val4  self_diagnose_perform.o
    0x20001abe        -       0x00000008   Zero   RW          101    .bss.Read_Sensor_OSSD_Input.Sensor_Ossd  self_diagnose_perform.o
    0x20001ac6        -       0x00000002   Zero   RW          375    .bss.TMP117_get_Temperature.buf  tpm117.o
    0x20001ac8        -       0x00000014   Zero   RW          143    .bss._cmd_buf       console_thread.o
    0x20001adc        -       0x00000004   Zero   RW          142    .bss._cmd_cnt       console_thread.o
    0x20001ae0        -       0x0000048c   Zero   RW          448    .bss._history       lib_command.o
    0x20001f6c        -       0x00000004   Zero   RW           22    .bss.del_led        device.o
    0x20001f70        -       0x00000004   Zero   RW           40    .bss.del_out        device.o
    0x20001f74        -       0x00000004   Zero   RW           21    .bss.der_led        device.o
    0x20001f78        -       0x00000004   Zero   RW           38    .bss.der_out        device.o
    0x20001f7c        -       0x00000020   Zero   RW           46    .bss.din            device.o
    0x20001f9c        -       0x00000004   Zero   RW           36    .bss.dmpc_out       device.o
    0x20001fa0        -       0x00000004   Zero   RW           26    .bss.e_del_led      device.o
    0x20001fa4        -       0x00000004   Zero   RW           24    .bss.e_der_led      device.o
    0x20001fa8        -       0x00000004   Zero   RW           29    .bss.e_eb_led       device.o
    0x20001fac        -       0x00000004   Zero   RW           25    .bss.e_obl_led      device.o
    0x20001fb0        -       0x00000004   Zero   RW           23    .bss.e_obr_led      device.o
    0x20001fb4        -       0x00000004   Zero   RW           33    .bss.eb1_out        device.o
    0x20001fb8        -       0x00000004   Zero   RW           34    .bss.eb2_out        device.o
    0x20001fbc        -       0x00000004   Zero   RW           48    .bss.fpin_1         device.o
    0x20001fc0        -       0x00000004   Zero   RW           49    .bss.fpin_2         device.o
    0x20001fc4        -       0x00000004   Zero   RW          181    .bss.g_DEOD_Check_timer  deod_thread.o
    0x20001fc8        -       0x00000004   Zero   RW          161    .bss.g_Flt_Signal_timer  sysmon_thread.o
    0x20001fcc        -       0x00000004   Zero   RW          182    .bss.g_Low_Voltage_Check_timer  deod_thread.o
    0x20001fd0        -       0x00000004   Zero   RW          160    .bss.g_Pwr_Ok_timer  sysmon_thread.o
    0x20001fd4        -       0x00000004   Zero   RW          158    .bss.g_Run_Led_timer  sysmon_thread.o
    0x20001fd8        -       0x00000004   Zero   RW          162    .bss.g_Temp_check_timer  sysmon_thread.o
    0x20001fdc        -       0x00000002   Zero   RW          159    .bss.g_Watch_Dog_timer  sysmon_thread.o
    0x20001fde        -       0x00000002   Zero   RW          164    .bss.g_Watchdog_Check_Pin_Timer  sysmon_thread.o
    0x20001fe0        -       0x00000004   Zero   RW          163    .bss.g_device_temper  sysmon_thread.o
    0x20001fe4        -       0x00000001   Zero   RW          140    .bss.g_monitor_flag  console_thread.o
    0x20001fe5        -       0x00000001   Zero   RW          141    .bss.g_temper_flag  console_thread.o
    0x20001fe6   0x080217d8   0x00000002   PAD
    0x20001fe8        -       0x00000048   Zero   RW           17    .bss.hadc1          device.o
    0x20002030        -       0x00000054   Zero   RW           18    .bss.hi2c1          device.o
    0x20002084        -       0x00000004   Zero   RW           27    .bss.hlt_led        device.o
    0x20002088        -       0x00000004   Zero   RW           35    .bss.hlt_out        device.o
    0x2000208c        -       0x00000004   Zero   RW           41    .bss.mcu_test1      device.o
    0x20002090        -       0x00000004   Zero   RW           42    .bss.mcu_test2      device.o
    0x20002094        -       0x00000004   Zero   RW           43    .bss.mcu_test3      device.o
    0x20002098        -       0x00000004   Zero   RW           44    .bss.mcu_test4      device.o
    0x2000209c        -       0x00000004   Zero   RW           30    .bss.obl_led        device.o
    0x200020a0        -       0x00000004   Zero   RW           39    .bss.obl_out        device.o
    0x200020a4        -       0x00000004   Zero   RW           28    .bss.obr_led        device.o
    0x200020a8        -       0x00000004   Zero   RW           37    .bss.obr_out        device.o
    0x200020ac        -       0x00000004   Zero   RW           50    .bss.pwrin          device.o
    0x200020b0        -       0x00000004   Zero   RW           20    .bss.run_led        device.o
    0x200020b4        -       0x00000010   Zero   RW           47    .bss.sdin           device.o
    0x200020c4        -       0x00000004   Zero   RW           19    .bss.serial3        device.o
    0x200020c8        -       0x00000004   Zero   RW           45    .bss.snp_out        device.o
    0x200020cc        -       0x00000004   Zero   RW          514    .bss.uwTick         stm32f4xx_hal.o
    0x200020d0        -       0x00000004   Zero   RW           55    .bss.wdog           device.o
    0x200020d4        -       0x00000004   Zero   RW           53    .bss.wdt_ok         device.o
    0x200020d8        -       0x00000200   Zero   RW         1255    HEAP                startup_stm32f407xx.o
    0x200022d8        -       0x00000400   Zero   RW         1254    STACK               startup_stm32f407xx.o


==============================================================================

Image component sizes


      Code (inc. data)   RO Data    RW Data    ZI Data      Debug   Object Name

      2906        432       1641          0         26      15190   console_thread.o
      1952        168        178          0         10       5157   deod_thread.o
      3030        248         20          0       6716      16053   device.o
       166         48          0          0          0       2871   digital_input.o
        60          0          0          0          0       2339   digital_output.o
        70          0          0          0          0       2310   led.o
        74          0          0          0          0       1601   lib_buffer.o
      1124        118         13          0       1164       6254   lib_command.o
       460          0          0          0          0       8604   lib_string.o
       340         72          0          0          0       5656   main.o
       372         96         48          0          0       8516   periph_stm32f4xx.o
       102          0          0          0          0       2424   relay.o
       458          0          0          0          0       8823   rs232.o
      2324        204        517          0         16       5744   self_diagnose_perform.o
        64         26        392          0       1536        904   startup_stm32f407xx.o
      1916        160       1349          0          0       5986   stl.o
         0          0          0         44          0        664   stl_user_param_template.o
       380          0          0          0          8       4378   stl_util.o
       220          0          0          5          4       7621   stm32f4xx_hal.o
      1104          0          0          0          0      11263   stm32f4xx_hal_adc.o
       242          0          0          0          0      10760   stm32f4xx_hal_cortex.o
       456          0          0          0          0       5384   stm32f4xx_hal_gpio.o
      1780          0          0          0          0      45061   stm32f4xx_hal_i2c.o
      1374          4          0          0          0       7691   stm32f4xx_hal_rcc.o
       338          0          0          0          0      19288   stm32f4xx_hal_uart.o
       260          0          0          0          0       6599   stm32f4xx_it.o
       720         56         22          0         24       5839   sysmon_thread.o
        88          0         24          4          0       2895   system_stm32f4xx.o
        76          0          0          0          2       3874   tpm117.o
        66          0          0          0          0       2268   watchdog.o

    ----------------------------------------------------------------------
     22628       1632       4236         56       9508     232017   Object Totals
         0          0         32          0          0          0   (incl. Generated)
       106          0          0          3          2          0   (incl. Padding)

    ----------------------------------------------------------------------

      Code (inc. data)   RO Data    RW Data    ZI Data      Debug   Library Member Name

       148          8          0          0          0          0   stl_crc_calc_asm.o
      4484         96        156          0        228       3754   stl_sch_main.o
        60         12       1024          0          0        216   stl_tm_cpu.o
       308         28        104          0          0        134   stl_tm_cpu_1.o
       608         32        136          0          0        126   stl_tm_cpu_10.o
       808          4          0          0          0          0   stl_tm_cpu_10_fpu_reg.o
       828         12          0          0          0          0   stl_tm_cpu_10_fpu_reg_1.o
       828         12          0          0          0          0   stl_tm_cpu_10_fpu_reg_2.o
       828         12          0          0          0          0   stl_tm_cpu_10_fpu_reg_3.o
       828         12          0          0          0          0   stl_tm_cpu_10_fpu_reg_4.o
       988         12          0          0          0          0   stl_tm_cpu_10_fpu_reg_5.o
      2188        124        376          0          0        138   stl_tm_cpu_11.o
      1204          4          0          0          0          0   stl_tm_cpu_11_fpu_func.o
       808          8          0          0          0          0   stl_tm_cpu_11_fpu_func_2.o
       110          0          0          0          0          0   stl_tm_cpu_1_reg.o
       320         32        120          0          0        134   stl_tm_cpu_1l.o
       428          4          0          0          0          0   stl_tm_cpu_1l_reg.o
      1768         60        128          0          0        135   stl_tm_cpu_2.o
       524          0          0          0          0          0   stl_tm_cpu_2_arithm.o
       352          0          0          0          0          0   stl_tm_cpu_2_arithm_2.o
       740         48        336          0          0        136   stl_tm_cpu_3.o
       154          0          0          0          0          0   stl_tm_cpu_3_mul_div.o
       146          0          0          0          0          0   stl_tm_cpu_3_muls.o
       592        112        112          0         20        136   stl_tm_cpu_4.o
       212         16          0          0          0          0   stl_tm_cpu_4_control-flow.o
      1412          8          0          0          0          0   stl_tm_cpu_4_control-flow_2.o
       196          8          0          0          0          0   stl_tm_cpu_4_control-flow_3.o
       404         16         64          0          0        136   stl_tm_cpu_5.o
       656          4          0          0          0          0   stl_tm_cpu_5_load_store.o
       132          4          0          0          0          0   stl_tm_cpu_5_load_store_2.o
       668         56         60          0          0        137   stl_tm_cpu_6.o
       652          4          0          0          0          0   stl_tm_cpu_6_shift_rotate.o
        60          0          0          0          0          0   stl_tm_cpu_6_shift_rotate_2.o
        88         12         64          0          0        121   stl_tm_cpu_7.o
        32          4          0          0          0          0   stl_tm_cpu_7_stack_ptr.o
       216         16         20          0          4        121   stl_tm_cpu_8.o
       964          8          0          0          0          0   stl_tm_cpu_8_pipeline.o
       760         12          0          0          0          0   stl_tm_cpu_8_pipeline_2.o
      2312         64       1076          0          0        134   stl_tm_cpu_9.o
       492          8          0          0          0          0   stl_tm_cpu_9_dsp_func.o
       688          4          0          0          0          0   stl_tm_cpu_9_dsp_func_2.o
       752         24          0          0         16        806   stl_tm_flash.o
       768         24         36          0         16        683   stl_tm_ram.o
       608          4          0          0          0          0   stl_tm_ram_march-c_test.o
         8          0          0          0          0         68   __main.o
       392          4         17          0          0         92   __printf_flags_ss_wp.o
        14          0          0          0          0         68   __printf_wp.o
         0          0          0          0          0          0   __rtentry.o
        12          0          0          0          0          0   __rtentry2.o
         6          0          0          0          0          0   __rtentry4.o
        94          8          0          0          0          0   __scatter.o
        26          0          0          0          0          0   __scatter_copy.o
        28          0          0          0          0          0   __scatter_zi.o
        72          0          0          0          0         96   _c16rtomb.o
         6          0          0          0          0          0   _printf_a.o
         6          0          0          0          0          0   _printf_c.o
        44          0          0          0          0        108   _printf_char.o
        48          6          0          0          0         96   _printf_char_common.o
        40          0          0          0          0         68   _printf_charcount.o
         6          0          0          0          0          0   _printf_d.o
       120         16          0          0          0         92   _printf_dec.o
         6          0          0          0          0          0   _printf_e.o
         6          0          0          0          0          0   _printf_f.o
      1052          0          0          0          0        148   _printf_fp_dec.o
       764          8         38          0          0        100   _printf_fp_hex.o
       128         16          0          0          0         84   _printf_fp_infnan.o
         6          0          0          0          0          0   _printf_g.o
       148          4         40          0          0        160   _printf_hex_int_ll_ptr.o
         6          0          0          0          0          0   _printf_i.o
       178          0          0          0          0         88   _printf_intcommon.o
        10          0          0          0          0          0   _printf_l.o
         6          0          0          0          0          0   _printf_lc.o
        10          0          0          0          0          0   _printf_ll.o
         6          0          0          0          0          0   _printf_lld.o
         6          0          0          0          0          0   _printf_lli.o
         6          0          0          0          0          0   _printf_llo.o
         6          0          0          0          0          0   _printf_llu.o
         6          0          0          0          0          0   _printf_llx.o
       124         16          0          0          0         92   _printf_longlong_dec.o
         6          0          0          0          0          0   _printf_ls.o
         6          0          0          0          0          0   _printf_n.o
         6          0          0          0          0          0   _printf_o.o
       112          8          0          0          0        124   _printf_oct_int_ll.o
         6          0          0          0          0          0   _printf_p.o
        78          0          0          0          0        108   _printf_pad.o
         0          0          0          0          0          0   _printf_percent.o
         4          0          0          0          0          0   _printf_percent_end.o
         6          0          0          0          0          0   _printf_s.o
        82          0          0          0          0         80   _printf_str.o
        36          0          0          0          0         84   _printf_truncate.o
         6          0          0          0          0          0   _printf_u.o
        44          0          0          0          0        108   _printf_wchar.o
       188          6          8          0          0         92   _printf_wctomb.o
         6          0          0          0          0          0   _printf_x.o
        10          0          0          0          0         68   _sputc.o
        16          0          0          0          0         68   aeabi_memset.o
       228          4        148          0          0         96   bigflt0.o
      1936        128          0          0          0        668   btod.o
        18          0          0          0          0         80   exit.o
         6          0          0          0          0        152   heapauxi.o
         0          0          0          0          0          0   indicate_semi.o
        44         10        272          0          0         76   lc_ctype_c.o
        44         10         28          0          0         76   lc_numeric_c.o
         2          0          0          0          0          0   libinit.o
        34          0          0          0          0          0   libinit2.o
         2          0          0          0          0          0   libshutdown.o
         2          0          0          0          0          0   libshutdown2.o
         8          4          0          0         96         68   libspace.o
       138          0          0          0          0         80   lludiv10.o
       240          0          0          0          0        100   lludivv7m.o
        16          4          0          0          0         76   rt_ctype_table.o
         8          4          0          0          0         68   rt_locale_intlibspace.o
        68          0          0          0          0         68   rt_memclr.o
        78          0          0          0          0         80   rt_memclr_w.o
       100          0          0          0          0         80   rt_memcpy_w.o
         2          0          0          0          0          0   rtexit.o
        10          0          0          0          0          0   rtexit2.o
       124          0          0          0          0         88   strcmpv7em.o
        12          4          0          0          0         68   sys_exit.o
        74          0          0          0          0         80   sys_stackheap_outer.o
         2          0          0          0          0         68   use_no_semi.o
        36          4          0          0          0         76   vsprintf.o
        98          4          0          0          0        140   d2f.o
        38          0          0          0          0        116   dflt_clz.o
       340         12          0          0          0        152   dmul.o
       156          4          0          0          0        140   dnaninf.o
        12          0          0          0          0        116   dretinf.o
        86          4          0          0          0        132   f2d.o
       140          4          0          0          0        132   fnaninf.o
        26          0          0          0          0        116   fpinit.o
        10          0          0          0          0        116   fretinf.o
         4          0          0          0          0        116   printf1.o
         4          0          0          0          0        116   printf2.o
         0          0          0          0          0          0   usenofp.o
        48          0          0          0          0        124   fpclassify.o

    ----------------------------------------------------------------------
     40354       1224       4366          0        380      12803   Library Totals
        30          4          3          0          0          0   (incl. Padding)

    ----------------------------------------------------------------------

      Code (inc. data)   RO Data    RW Data    ZI Data      Debug   Library Name

     32122        928       3812          0        284       7047   STL_Lib.a
      7240        264        551          0         96       4240   c_w.l
       914         28          0          0          0       1392   fz_wm.l
        48          0          0          0          0        124   m_wm.l

    ----------------------------------------------------------------------
     40354       1224       4366          0        380      12803   Library Totals

    ----------------------------------------------------------------------

==============================================================================


      Code (inc. data)   RO Data    RW Data    ZI Data      Debug   

     62982       2856       8602         56       9888     235724   Grand Totals
     62982       2856       8602         56       9888     235724   ELF Image Totals
     62982       2856       8602         56          0          0   ROM Totals

==============================================================================

    Total RO  Size (Code + RO Data)                71584 (  69.91kB)
    Total RW  Size (RW Data + ZI Data)              9944 (   9.71kB)
    Total ROM Size (Code + RO Data + RW Data)      71640 (  69.96kB)

==============================================================================

